Archive member included to satisfy reference by file (symbol)

C:/ST/STM32CubeIDE_1.17.0/STM32CubeIDE/plugins/com.st.stm32cube.ide.mcu.externaltools.gnu-tools-for-stm32.14.3.rel1.win32_1.0.100.202602081740/tools/bin/../lib/gcc/arm-none-eabi/14.3.1/../../../../arm-none-eabi/lib/thumb/v7e-m+dp/hard\libc_nano.a(libc_a-assert.o)
                              ./Core/Src/core_mqtt_agent.o (__assert_func)
C:/ST/STM32CubeIDE_1.17.0/STM32CubeIDE/plugins/com.st.stm32cube.ide.mcu.externaltools.gnu-tools-for-stm32.14.3.rel1.win32_1.0.100.202602081740/tools/bin/../lib/gcc/arm-none-eabi/14.3.1/../../../../arm-none-eabi/lib/thumb/v7e-m+dp/hard\libc_nano.a(libc_a-exit.o)
                              C:/ST/STM32CubeIDE_1.17.0/STM32CubeIDE/plugins/com.st.stm32cube.ide.mcu.externaltools.gnu-tools-for-stm32.14.3.rel1.win32_1.0.100.202602081740/tools/bin/../lib/gcc/arm-none-eabi/14.3.1/../../../../arm-none-eabi/lib/thumb/v7e-m+dp/hard/crt0.o (exit)
C:/ST/STM32CubeIDE_1.17.0/STM32CubeIDE/plugins/com.st.stm32cube.ide.mcu.externaltools.gnu-tools-for-stm32.14.3.rel1.win32_1.0.100.202602081740/tools/bin/../lib/gcc/arm-none-eabi/14.3.1/../../../../arm-none-eabi/lib/thumb/v7e-m+dp/hard\libc_nano.a(libc_a-findfp.o)
                              C:/ST/STM32CubeIDE_1.17.0/STM32CubeIDE/plugins/com.st.stm32cube.ide.mcu.externaltools.gnu-tools-for-stm32.14.3.rel1.win32_1.0.100.202602081740/tools/bin/../lib/gcc/arm-none-eabi/14.3.1/../../../../arm-none-eabi/lib/thumb/v7e-m+dp/hard\libc_nano.a(libc_a-exit.o) (__stdio_exit_handler)
C:/ST/STM32CubeIDE_1.17.0/STM32CubeIDE/plugins/com.st.stm32cube.ide.mcu.externaltools.gnu-tools-for-stm32.14.3.rel1.win32_1.0.100.202602081740/tools/bin/../lib/gcc/arm-none-eabi/14.3.1/../../../../arm-none-eabi/lib/thumb/v7e-m+dp/hard\libc_nano.a(libc_a-fprintf.o)
                              C:/ST/STM32CubeIDE_1.17.0/STM32CubeIDE/plugins/com.st.stm32cube.ide.mcu.externaltools.gnu-tools-for-stm32.14.3.rel1.win32_1.0.100.202602081740/tools/bin/../lib/gcc/arm-none-eabi/14.3.1/../../../../arm-none-eabi/lib/thumb/v7e-m+dp/hard\libc_nano.a(libc_a-assert.o) (fiprintf)
C:/ST/STM32CubeIDE_1.17.0/STM32CubeIDE/plugins/com.st.stm32cube.ide.mcu.externaltools.gnu-tools-for-stm32.14.3.rel1.win32_1.0.100.202602081740/tools/bin/../lib/gcc/arm-none-eabi/14.3.1/../../../../arm-none-eabi/lib/thumb/v7e-m+dp/hard\libc_nano.a(libc_a-fwalk.o)
                              C:/ST/STM32CubeIDE_1.17.0/STM32CubeIDE/plugins/com.st.stm32cube.ide.mcu.externaltools.gnu-tools-for-stm32.14.3.rel1.win32_1.0.100.202602081740/tools/bin/../lib/gcc/arm-none-eabi/14.3.1/../../../../arm-none-eabi/lib/thumb/v7e-m+dp/hard\libc_nano.a(libc_a-findfp.o) (_fwalk_sglue)
C:/ST/STM32CubeIDE_1.17.0/STM32CubeIDE/plugins/com.st.stm32cube.ide.mcu.externaltools.gnu-tools-for-stm32.14.3.rel1.win32_1.0.100.202602081740/tools/bin/../lib/gcc/arm-none-eabi/14.3.1/../../../../arm-none-eabi/lib/thumb/v7e-m+dp/hard\libc_nano.a(libc_a-printf.o)
                              ./Core/Src/rtos.o (printf)
C:/ST/STM32CubeIDE_1.17.0/STM32CubeIDE/plugins/com.st.stm32cube.ide.mcu.externaltools.gnu-tools-for-stm32.14.3.rel1.win32_1.0.100.202602081740/tools/bin/../lib/gcc/arm-none-eabi/14.3.1/../../../../arm-none-eabi/lib/thumb/v7e-m+dp/hard\libc_nano.a(libc_a-snprintf.o)
                              ./ThirdParty/FreeRTOS/FreeRTOS-Plus/FreeRTOS-Plus-TCP/Source/FreeRTOS-Plus-TCP/source/portable/NetworkInterface/STM32/NetworkInterface.o (snprintf)
C:/ST/STM32CubeIDE_1.17.0/STM32CubeIDE/plugins/com.st.stm32cube.ide.mcu.externaltools.gnu-tools-for-stm32.14.3.rel1.win32_1.0.100.202602081740/tools/bin/../lib/gcc/arm-none-eabi/14.3.1/../../../../arm-none-eabi/lib/thumb/v7e-m+dp/hard\libc_nano.a(libc_a-stdio.o)
                              C:/ST/STM32CubeIDE_1.17.0/STM32CubeIDE/plugins/com.st.stm32cube.ide.mcu.externaltools.gnu-tools-for-stm32.14.3.rel1.win32_1.0.100.202602081740/tools/bin/../lib/gcc/arm-none-eabi/14.3.1/../../../../arm-none-eabi/lib/thumb/v7e-m+dp/hard\libc_nano.a(libc_a-findfp.o) (__sread)
C:/ST/STM32CubeIDE_1.17.0/STM32CubeIDE/plugins/com.st.stm32cube.ide.mcu.externaltools.gnu-tools-for-stm32.14.3.rel1.win32_1.0.100.202602081740/tools/bin/../lib/gcc/arm-none-eabi/14.3.1/../../../../arm-none-eabi/lib/thumb/v7e-m+dp/hard\libc_nano.a(libc_a-memcmp.o)
                              ./ThirdParty/FreeRTOS/FreeRTOS-Plus/FreeRTOS-Plus-TCP/Source/FreeRTOS-Plus-TCP/source/FreeRTOS_ARP.o (memcmp)
C:/ST/STM32CubeIDE_1.17.0/STM32CubeIDE/plugins/com.st.stm32cube.ide.mcu.externaltools.gnu-tools-for-stm32.14.3.rel1.win32_1.0.100.202602081740/tools/bin/../lib/gcc/arm-none-eabi/14.3.1/../../../../arm-none-eabi/lib/thumb/v7e-m+dp/hard\libc_nano.a(libc_a-memmove.o)
                              ./ThirdParty/FreeRTOS/FreeRTOS-Plus/FreeRTOS-Plus-TCP/Source/FreeRTOS-Plus-TCP/source/FreeRTOS_DHCP.o (memmove)
[...]
Memory Configuration

Name             Origin             Length             Attributes
FLASH            0x08000000         0x00200000         xr
DTCM             0x20000000         0x00020000         rw
SRAM1            0x20020000         0x0005c000         xrw
SRAM2            0x2007c000         0x00004000         rw
*default*        0x00000000         0xffffffff

Linker script and memory map

LOAD C:/ST/STM32CubeIDE_1.17.0/STM32CubeIDE/plugins/com.st.stm32cube.ide.mcu.externaltools.gnu-tools-for-stm32.14.3.rel1.win32_1.0.100.202602081740/tools/bin/../lib/gcc/arm-none-eabi/14.3.1/thumb/v7e-m+dp/hard/crti.o
LOAD C:/ST/STM32CubeIDE_1.17.0/STM32CubeIDE/plugins/com.st.stm32cube.ide.mcu.externaltools.gnu-tools-for-stm32.14.3.rel1.win32_1.0.100.202602081740/tools/bin/../lib/gcc/arm-none-eabi/14.3.1/thumb/v7e-m+dp/hard/crtbegin.o
LOAD C:/ST/STM32CubeIDE_1.17.0/STM32CubeIDE/plugins/com.st.stm32cube.ide.mcu.externaltools.gnu-tools-for-stm32.14.3.rel1.win32_1.0.100.202602081740/tools/bin/../lib/gcc/arm-none-eabi/14.3.1/../../../../arm-none-eabi/lib/thumb/v7e-m+dp/hard/crt0.o
LOAD ./Core/Src/can.o
LOAD ./Core/Src/core_mqtt_agent.o
LOAD ./Core/Src/core_mqtt_agent_command_functions.o
LOAD ./Core/Src/eth.o
LOAD ./Core/Src/gpio.o
LOAD ./Core/Src/main.o
LOAD ./Core/Src/rng.o
LOAD ./Core/Src/rtos.o
LOAD ./Core/Src/stm32f7xx_hal_msp.o
LOAD ./Core/Src/stm32f7xx_hal_timebase_tim.o
LOAD ./Core/Src/stm32f7xx_it.o
LOAD ./Core/Src/syscalls.o
LOAD ./Core/Src/system_stm32f7xx.o
LOAD ./Core/Src/tim.o
LOAD ./Core/Src/tasks/AppTask/appTask.o
LOAD ./Core/Src/tasks/CanTask/canTask.o
LOAD ./Core/Src/tasks/IPTask/ipTask.o
LOAD ./Core/Src/tasks/MqttTask/mqttTask.o
LOAD ./Core/Startup/startup_stm32f767zitx.o
LOAD ./Drivers/STM32F7xx_HAL_Driver/Src/stm32f7xx_hal.o
LOAD ./Drivers/STM32F7xx_HAL_Driver/Src/stm32f7xx_hal_can.o
LOAD ./Drivers/STM32F7xx_HAL_Driver/Src/stm32f7xx_hal_cortex.o
LOAD ./Drivers/STM32F7xx_HAL_Driver/Src/stm32f7xx_hal_dma.o
LOAD ./Drivers/STM32F7xx_HAL_Driver/Src/stm32f7xx_hal_dma_ex.o
LOAD ./Drivers/STM32F7xx_HAL_Driver/Src/stm32f7xx_hal_exti.o
LOAD ./Drivers/STM32F7xx_HAL_Driver/Src/stm32f7xx_hal_flash.o
LOAD ./Drivers/STM32F7xx_HAL_Driver/Src/stm32f7xx_hal_flash_ex.o
LOAD ./Drivers/STM32F7xx_HAL_Driver/Src/stm32f7xx_hal_gpio.o
LOAD ./Drivers/STM32F7xx_HAL_Driver/Src/stm32f7xx_hal_i2c.o
LOAD ./Drivers/STM32F7xx_HAL_Driver/Src/stm32f7xx_hal_i2c_ex.o
LOAD ./Drivers/STM32F7xx_HAL_Driver/Src/stm32f7xx_hal_pwr.o
LOAD ./Drivers/STM32F7xx_HAL_Driver/Src/stm32f7xx_hal_pwr_ex.o
LOAD ./Drivers/STM32F7xx_HAL_Driver/Src/stm32f7xx_hal_rcc.o
LOAD ./Drivers/STM32F7xx_HAL_Driver/Src/stm32f7xx_hal_rcc_ex.o
LOAD ./Drivers/STM32F7xx_HAL_Driver/Src/stm32f7xx_hal_rng.o
LOAD ./Drivers/STM32F7xx_HAL_Driver/Src/stm32f7xx_hal_tim.o
LOAD ./Drivers/STM32F7xx_HAL_Driver/Src/stm32f7xx_hal_tim_ex.o
LOAD ./ThirdParty/FreeRTOS/FreeRTOS-Plus/FreeRTOS-Plus-TCP/Source/FreeRTOS-Plus-TCP/source/FreeRTOS_ARP.o
LOAD ./ThirdParty/FreeRTOS/FreeRTOS-Plus/FreeRTOS-Plus-TCP/Source/FreeRTOS-Plus-TCP/source/FreeRTOS_BitConfig.o
LOAD ./ThirdParty/FreeRTOS/FreeRTOS-Plus/FreeRTOS-Plus-TCP/Source/FreeRTOS-Plus-TCP/source/FreeRTOS_DHCP.o
LOAD ./ThirdParty/FreeRTOS/FreeRTOS-Plus/FreeRTOS-Plus-TCP/Source/FreeRTOS-Plus-TCP/source/FreeRTOS_DHCPv6.o
LOAD ./ThirdParty/FreeRTOS/FreeRTOS-Plus/FreeRTOS-Plus-TCP/Source/FreeRTOS-Plus-TCP/source/FreeRTOS_DNS.o
LOAD ./ThirdParty/FreeRTOS/FreeRTOS-Plus/FreeRTOS-Plus-TCP/Source/FreeRTOS-Plus-TCP/source/FreeRTOS_DNS_Cache.o
LOAD ./ThirdParty/FreeRTOS/FreeRTOS-Plus/FreeRTOS-Plus-TCP/Source/FreeRTOS-Plus-TCP/source/FreeRTOS_DNS_Callback.o
LOAD ./ThirdParty/FreeRTOS/FreeRTOS-Plus/FreeRTOS-Plus-TCP/Source/FreeRTOS-Plus-TCP/source/FreeRTOS_DNS_Networking.o
LOAD ./ThirdParty/FreeRTOS/FreeRTOS-Plus/FreeRTOS-Plus-TCP/Source/FreeRTOS-Plus-TCP/source/FreeRTOS_DNS_Parser.o
LOAD ./ThirdParty/FreeRTOS/FreeRTOS-Plus/FreeRTOS-Plus-TCP/Source/FreeRTOS-Plus-TCP/source/FreeRTOS_ICMP.o
LOAD ./ThirdParty/FreeRTOS/FreeRTOS-Plus/FreeRTOS-Plus-TCP/Source/FreeRTOS-Plus-TCP/source/FreeRTOS_IP.o
LOAD ./ThirdParty/FreeRTOS/FreeRTOS-Plus/FreeRTOS-Plus-TCP/Source/FreeRTOS-Plus-TCP/source/FreeRTOS_IP_Timers.o
LOAD ./ThirdParty/FreeRTOS/FreeRTOS-Plus/FreeRTOS-Plus-TCP/Source/FreeRTOS-Plus-TCP/source/FreeRTOS_IP_Utils.o
LOAD ./ThirdParty/FreeRTOS/FreeRTOS-Plus/FreeRTOS-Plus-TCP/Source/FreeRTOS-Plus-TCP/source/FreeRTOS_IPv4.o
LOAD ./ThirdParty/FreeRTOS/FreeRTOS-Plus/FreeRTOS-Plus-TCP/Source/FreeRTOS-Plus-TCP/source/FreeRTOS_IPv4_Sockets.o
LOAD ./ThirdParty/FreeRTOS/FreeRTOS-Plus/FreeRTOS-Plus-TCP/Source/FreeRTOS-Plus-TCP/source/FreeRTOS_IPv4_Utils.o
LOAD ./ThirdParty/FreeRTOS/FreeRTOS-Plus/FreeRTOS-Plus-TCP/Source/FreeRTOS-Plus-TCP/source/FreeRTOS_IPv6.o
LOAD ./ThirdParty/FreeRTOS/FreeRTOS-Plus/FreeRTOS-Plus-TCP/Source/FreeRTOS-Plus-TCP/source/FreeRTOS_IPv6_Sockets.o
LOAD ./ThirdParty/FreeRTOS/FreeRTOS-Plus/FreeRTOS-Plus-TCP/Source/FreeRTOS-Plus-TCP/source/FreeRTOS_IPv6_Utils.o
LOAD ./ThirdParty/FreeRTOS/FreeRTOS-Plus/FreeRTOS-Plus-TCP/Source/FreeRTOS-Plus-TCP/source/FreeRTOS_ND.o
LOAD ./ThirdParty/FreeRTOS/FreeRTOS-Plus/FreeRTOS-Plus-TCP/Source/FreeRTOS-Plus-TCP/source/FreeRTOS_RA.o
LOAD ./ThirdParty/FreeRTOS/FreeRTOS-Plus/FreeRTOS-Plus-TCP/Source/FreeRTOS-Plus-TCP/source/FreeRTOS_Routing.o
LOAD ./ThirdParty/FreeRTOS/FreeRTOS-Plus/FreeRTOS-Plus-TCP/Source/FreeRTOS-Plus-TCP/source/FreeRTOS_Sockets.o
LOAD ./ThirdParty/FreeRTOS/FreeRTOS-Plus/FreeRTOS-Plus-TCP/Source/FreeRTOS-Plus-TCP/source/FreeRTOS_Stream_Buffer.o
LOAD ./ThirdParty/FreeRTOS/FreeRTOS-Plus/FreeRTOS-Plus-TCP/Source/FreeRTOS-Plus-TCP/source/FreeRTOS_TCP_IP.o
LOAD ./ThirdParty/FreeRTOS/FreeRTOS-Plus/FreeRTOS-Plus-TCP/Source/FreeRTOS-Plus-TCP/source/FreeRTOS_TCP_IP_IPv4.o
LOAD ./ThirdParty/FreeRTOS/FreeRTOS-Plus/FreeRTOS-Plus-TCP/Source/FreeRTOS-Plus-TCP/source/FreeRTOS_TCP_IP_IPv6.o
LOAD ./ThirdParty/FreeRTOS/FreeRTOS-Plus/FreeRTOS-Plus-TCP/Source/FreeRTOS-Plus-TCP/source/FreeRTOS_TCP_Reception.o
LOAD ./ThirdParty/FreeRTOS/FreeRTOS-Plus/FreeRTOS-Plus-TCP/Source/FreeRTOS-Plus-TCP/source/FreeRTOS_TCP_State_Handling.o
LOAD ./ThirdParty/FreeRTOS/FreeRTOS-Plus/FreeRTOS-Plus-TCP/Source/FreeRTOS-Plus-TCP/source/FreeRTOS_TCP_State_Handling_IPv4.o
LOAD ./ThirdParty/FreeRTOS/FreeRTOS-Plus/FreeRTOS-Plus-TCP/Source/FreeRTOS-Plus-TCP/source/FreeRTOS_TCP_State_Handling_IPv6.o
LOAD ./ThirdParty/FreeRTOS/FreeRTOS-Plus/FreeRTOS-Plus-TCP/Source/FreeRTOS-Plus-TCP/source/FreeRTOS_TCP_Transmission.o
LOAD ./ThirdParty/FreeRTOS/FreeRTOS-Plus/FreeRTOS-Plus-TCP/Source/FreeRTOS-Plus-TCP/source/FreeRTOS_TCP_Transmission_IPv4.o
LOAD ./ThirdParty/FreeRTOS/FreeRTOS-Plus/FreeRTOS-Plus-TCP/Source/FreeRTOS-Plus-TCP/source/FreeRTOS_TCP_Transmission_IPv6.o
LOAD ./ThirdParty/FreeRTOS/FreeRTOS-Plus/FreeRTOS-Plus-TCP/Source/FreeRTOS-Plus-TCP/source/FreeRTOS_TCP_Utils.o
LOAD ./ThirdParty/FreeRTOS/FreeRTOS-Plus/FreeRTOS-Plus-TCP/Source/FreeRTOS-Plus-TCP/source/FreeRTOS_TCP_Utils_IPv4.o
LOAD ./ThirdParty/FreeRTOS/FreeRTOS-Plus/FreeRTOS-Plus-TCP/Source/FreeRTOS-Plus-TCP/source/FreeRTOS_TCP_Utils_IPv6.o
LOAD ./ThirdParty/FreeRTOS/FreeRTOS-Plus/FreeRTOS-Plus-TCP/Source/FreeRTOS-Plus-TCP/source/FreeRTOS_TCP_WIN.o
LOAD ./ThirdParty/FreeRTOS/FreeRTOS-Plus/FreeRTOS-Plus-TCP/Source/FreeRTOS-Plus-TCP/source/FreeRTOS_Tiny_TCP.o
LOAD ./ThirdParty/FreeRTOS/FreeRTOS-Plus/FreeRTOS-Plus-TCP/Source/FreeRTOS-Plus-TCP/source/FreeRTOS_UDP_IP.o
LOAD ./ThirdParty/FreeRTOS/FreeRTOS-Plus/FreeRTOS-Plus-TCP/Source/FreeRTOS-Plus-TCP/source/FreeRTOS_UDP_IPv4.o
LOAD ./ThirdParty/FreeRTOS/FreeRTOS-Plus/FreeRTOS-Plus-TCP/Source/FreeRTOS-Plus-TCP/source/FreeRTOS_UDP_IPv6.o
LOAD ./ThirdParty/FreeRTOS/FreeRTOS-Plus/FreeRTOS-Plus-TCP/Source/FreeRTOS-Plus-TCP/source/portable/BufferManagement/BufferAllocation_2.o
LOAD ./ThirdParty/FreeRTOS/FreeRTOS-Plus/FreeRTOS-Plus-TCP/Source/FreeRTOS-Plus-TCP/source/portable/NetworkInterface/Common/phyHandling.o
LOAD ./ThirdParty/FreeRTOS/FreeRTOS-Plus/FreeRTOS-Plus-TCP/Source/FreeRTOS-Plus-TCP/source/portable/NetworkInterface/STM32/Drivers/F7/stm32f7xx_hal_eth.o
LOAD ./ThirdParty/FreeRTOS/FreeRTOS-Plus/FreeRTOS-Plus-TCP/Source/FreeRTOS-Plus-TCP/source/portable/NetworkInterface/STM32/NetworkInterface.o
LOAD ./ThirdParty/FreeRTOS/FreeRTOS-Plus/FreeRTOS-Plus-TCP/Source/coreMQTT/source/core_mqtt.o
LOAD ./ThirdParty/FreeRTOS/FreeRTOS-Plus/FreeRTOS-Plus-TCP/Source/coreMQTT/source/core_mqtt_prop_deserializer.o
LOAD ./ThirdParty/FreeRTOS/FreeRTOS-Plus/FreeRTOS-Plus-TCP/Source/coreMQTT/source/core_mqtt_prop_serializer.o
LOAD ./ThirdParty/FreeRTOS/FreeRTOS-Plus/FreeRTOS-Plus-TCP/Source/coreMQTT/source/core_mqtt_serializer.o
LOAD ./ThirdParty/FreeRTOS/FreeRTOS-Plus/FreeRTOS-Plus-TCP/Source/coreMQTT/source/core_mqtt_serializer_private.o
LOAD ./ThirdParty/FreeRTOS/FreeRTOS-Plus/FreeRTOS-Plus-TCP/Source/coreMQTT/source/core_mqtt_state.o
LOAD ./ThirdParty/FreeRTOS/croutine.o
LOAD ./ThirdParty/FreeRTOS/event_groups.o
LOAD ./ThirdParty/FreeRTOS/list.o
LOAD ./ThirdParty/FreeRTOS/queue.o
LOAD ./ThirdParty/FreeRTOS/stream_buffer.o
LOAD ./ThirdParty/FreeRTOS/tasks.o
LOAD ./ThirdParty/FreeRTOS/timers.o
LOAD ./ThirdParty/FreeRTOS/portable/GCC/ARM_CM7/r0p1/port.o
LOAD ./ThirdParty/FreeRTOS/portable/MemMang/heap_4.o
START GROUP
LOAD C:/ST/STM32CubeIDE_1.17.0/STM32CubeIDE/plugins/com.st.stm32cube.ide.mcu.externaltools.gnu-tools-for-stm32.14.3.rel1.win32_1.0.100.202602081740/tools/bin/../lib/gcc/arm-none-eabi/14.3.1/../../../../arm-none-eabi/lib/thumb/v7e-m+dp/hard\libc_nano.a
LOAD C:/ST/STM32CubeIDE_1.17.0/STM32CubeIDE/plugins/com.st.stm32cube.ide.mcu.externaltools.gnu-tools-for-stm32.14.3.rel1.win32_1.0.100.202602081740/tools/bin/../lib/gcc/arm-none-eabi/14.3.1/../../../../arm-none-eabi/lib/thumb/v7e-m+dp/hard\libm.a
END GROUP
START GROUP
LOAD C:/ST/STM32CubeIDE_1.17.0/STM32CubeIDE/plugins/com.st.stm32cube.ide.mcu.externaltools.gnu-tools-for-stm32.14.3.rel1.win32_1.0.100.202602081740/tools/bin/../lib/gcc/arm-none-eabi/14.3.1/thumb/v7e-m+dp/hard\libgcc.a
LOAD C:/ST/STM32CubeIDE_1.17.0/STM32CubeIDE/plugins/com.st.stm32cube.ide.mcu.externaltools.gnu-tools-for-stm32.14.3.rel1.win32_1.0.100.202602081740/tools/bin/../lib/gcc/arm-none-eabi/14.3.1/../../../../arm-none-eabi/lib/thumb/v7e-m+dp/hard\libc_nano.a
END GROUP
START GROUP
LOAD C:/ST/STM32CubeIDE_1.17.0/STM32CubeIDE/plugins/com.st.stm32cube.ide.mcu.externaltools.gnu-tools-for-stm32.14.3.rel1.win32_1.0.100.202602081740/tools/bin/../lib/gcc/arm-none-eabi/14.3.1/thumb/v7e-m+dp/hard\libgcc.a
LOAD C:/ST/STM32CubeIDE_1.17.0/STM32CubeIDE/plugins/com.st.stm32cube.ide.mcu.externaltools.gnu-tools-for-stm32.14.3.rel1.win32_1.0.100.202602081740/tools/bin/../lib/gcc/arm-none-eabi/14.3.1/../../../../arm-none-eabi/lib/thumb/v7e-m+dp/hard\libc_nano.a
LOAD C:/ST/STM32CubeIDE_1.17.0/STM32CubeIDE/plugins/com.st.stm32cube.ide.mcu.externaltools.gnu-tools-for-stm32.14.3.rel1.win32_1.0.100.202602081740/tools/bin/../lib/gcc/arm-none-eabi/14.3.1/../../../../arm-none-eabi/lib/thumb/v7e-m+dp/hard\libnosys.a
END GROUP
START GROUP
LOAD C:/ST/STM32CubeIDE_1.17.0/STM32CubeIDE/plugins/com.st.stm32cube.ide.mcu.externaltools.gnu-tools-for-stm32.14.3.rel1.win32_1.0.100.202602081740/tools/bin/../lib/gcc/arm-none-eabi/14.3.1/thumb/v7e-m+dp/hard\libgcc.a
LOAD C:/ST/STM32CubeIDE_1.17.0/STM32CubeIDE/plugins/com.st.stm32cube.ide.mcu.externaltools.gnu-tools-for-stm32.14.3.rel1.win32_1.0.100.202602081740/tools/bin/../lib/gcc/arm-none-eabi/14.3.1/../../../../arm-none-eabi/lib/thumb/v7e-m+dp/hard\libc_nano.a
LOAD C:/ST/STM32CubeIDE_1.17.0/STM32CubeIDE/plugins/com.st.stm32cube.ide.mcu.externaltools.gnu-tools-for-stm32.14.3.rel1.win32_1.0.100.202602081740/tools/bin/../lib/gcc/arm-none-eabi/14.3.1/../../../../arm-none-eabi/lib/thumb/v7e-m+dp/hard\libnosys.a
END GROUP
LOAD C:/ST/STM32CubeIDE_1.17.0/STM32CubeIDE/plugins/com.st.stm32cube.ide.mcu.externaltools.gnu-tools-for-stm32.14.3.rel1.win32_1.0.100.202602081740/tools/bin/../lib/gcc/arm-none-eabi/14.3.1/thumb/v7e-m+dp/hard/crtend.o
LOAD C:/ST/STM32CubeIDE_1.17.0/STM32CubeIDE/plugins/com.st.stm32cube.ide.mcu.externaltools.gnu-tools-for-stm32.14.3.rel1.win32_1.0.100.202602081740/tools/bin/../lib/gcc/arm-none-eabi/14.3.1/thumb/v7e-m+dp/hard/crtn.o
                0x20080000                        _estack = (((ORIGIN (DTCM) + LENGTH (DTCM)) + LENGTH (SRAM1)) + LENGTH (SRAM2))
                0x00000200                        _Min_Heap_Size = 0x200
                0x00000400                        _Min_Stack_Size = 0x400

.isr_vector     0x08000000      0x1f8
                0x08000000                        . = ALIGN (0x4)
 *(.isr_vector)
 .isr_vector    0x08000000      0x1f8 ./Core/Startup/startup_stm32f767zitx.o
                0x08000000                g_pfnVectors
                0x080001f8                        . = ALIGN (0x4)

.text           0x08000200    0x17584
                0x08000200                        . = ALIGN (0x4)
 *(.text)
 .text          0x08000200       0x40 C:/ST/STM32CubeIDE_1.17.0/STM32CubeIDE/plugins/com.st.stm32cube.ide.mcu.externaltools.gnu-tools-for-stm32.14.3.rel1.win32_1.0.100.202602081740/tools/bin/../lib/gcc/arm-none-eabi/14.3.1/thumb/v7e-m+dp/hard/crtbegin.o
 .text          0x08000240       0xa0 C:/ST/STM32CubeIDE_1.17.0/STM32CubeIDE/plugins/com.st.stm32cube.ide.mcu.externaltools.gnu-tools-for-stm32.14.3.rel1.win32_1.0.100.202602081740/tools/bin/../lib/gcc/arm-none-eabi/14.3.1/../../../../arm-none-eabi/lib/thumb/v7e-m+dp/hard\libc_nano.a(libc_a-memchr.o)
                0x08000240                memchr
 .text          0x080002e0       0x30 C:/ST/STM32CubeIDE_1.17.0/STM32CubeIDE/plugins/com.st.stm32cube.ide.mcu.externaltools.gnu-tools-for-stm32.14.3.rel1.win32_1.0.100.202602081740/tools/bin/../lib/gcc/arm-none-eabi/14.3.1/thumb/v7e-m+dp/hard\libgcc.a(_aeabi_uldivmod.o)
                0x080002e0                __aeabi_uldivmod
 .text          0x08000310      0x2f8 C:/ST/STM32CubeIDE_1.17.0/STM32CubeIDE/plugins/com.st.stm32cube.ide.mcu.externaltools.gnu-tools-for-stm32.14.3.rel1.win32_1.0.100.202602081740/tools/bin/../lib/gcc/arm-none-eabi/14.3.1/thumb/v7e-m+dp/hard\libgcc.a(_udivmoddi4.o)
                0x08000310                __udivmoddi4
 .text          0x08000608        0x4 C:/ST/STM32CubeIDE_1.17.0/STM32CubeIDE/plugins/com.st.stm32cube.ide.mcu.externaltools.gnu-tools-for-stm32.14.3.rel1.win32_1.0.100.202602081740/tools/bin/../lib/gcc/arm-none-eabi/14.3.1/thumb/v7e-m+dp/hard\libgcc.a(_dvmd_tls.o)
                0x08000608                __aeabi_idiv0
                0x08000608                __aeabi_ldiv0
 *(.text*)
 .text.MX_CAN1_Init
                0x0800060c       0x68 ./Core/Src/can.o
                0x0800060c                MX_CAN1_Init
 .text.HAL_CAN_MspInit
                0x08000674       0xa8 ./Core/Src/can.o
                0x08000674                HAL_CAN_MspInit
 .text.MX_ETH_Init
                0x0800071c       0x9c ./Core/Src/eth.o
                0x0800071c                MX_ETH_Init
 .text.HAL_ETH_MspInit
                0x080007b8      0x170 ./Core/Src/eth.o
                0x080007b8                HAL_ETH_MspInit
 .text.MX_GPIO_Init
                0x08000928      0x1a8 ./Core/Src/gpio.o
                0x08000928                MX_GPIO_Init
 .text.SCB_EnableICache
                0x08000ad0       0x4c ./Core/Src/main.o
 .text.SCB_DisableICache
                0x08000b1c       0x40 ./Core/Src/main.o
 .text.SCB_EnableDCache
                0x08000b5c       0x88 ./Core/Src/main.o
 .text.SCB_DisableDCache
                0x08000be4       0x88 ./Core/Src/main.o
 .text.main     0x08000c6c       0x44 ./Core/Src/main.o
                0x08000c6c                main
 .text.SystemClock_Config
                0x08000cb0       0xdc ./Core/Src/main.o
                0x08000cb0                SystemClock_Config
 .text.MPU_Config
                0x08000d8c       0x5c ./Core/Src/main.o
 .text.HAL_TIM_PeriodElapsedCallback
                0x08000de8       0x24 ./Core/Src/main.o
                0x08000de8                HAL_TIM_PeriodElapsedCallback
 .text.Error_Handler
                0x08000e0c        0xc ./Core/Src/main.o
                0x08000e0c                Error_Handler
 .text.MX_RNG_Init
                0x08000e18       0x28 ./Core/Src/rng.o
                0x08000e18                MX_RNG_Init
 .text.HAL_RNG_MspInit
                0x08000e40       0x68 ./Core/Src/rng.o
                0x08000e40                HAL_RNG_MspInit
 .text.vApplicationIPNetworkEventHook_Multi
                0x08000ea8       0x7c ./Core/Src/rtos.o
                0x08000ea8                vApplicationIPNetworkEventHook_Multi
 .text.ulApplicationGetNextSequenceNumber
                0x08000f24       0x28 ./Core/Src/rtos.o
                0x08000f24                ulApplicationGetNextSequenceNumber
 .text.xApplicationGetRandomNumber
                0x08000f4c       0x24 ./Core/Src/rtos.o
                0x08000f4c                xApplicationGetRandomNumber
 .text.xApplicationDHCPHook_Multi
                0x08000f70       0x1c ./Core/Src/rtos.o
                0x08000f70                xApplicationDHCPHook_Multi
 .text.vApplicationPingReplyHook
                0x08000f8c       0x40 ./Core/Src/rtos.o
                0x08000f8c                vApplicationPingReplyHook
 .text.vApplicationStackOverflowHook
                0x08000fcc       0x12 ./Core/Src/rtos.o
                0x08000fcc                vApplicationStackOverflowHook
 *fill*         0x08000fde        0x2 
 .text.HAL_MspInit
                0x08000fe0       0x48 ./Core/Src/stm32f7xx_hal_msp.o
                0x08000fe0                HAL_MspInit
 .text.HAL_InitTick
                0x08001028       0xf4 ./Core/Src/stm32f7xx_hal_timebase_tim.o
                0x08001028                HAL_InitTick
 .text.NMI_Handler
                0x0800111c        0x8 ./Core/Src/stm32f7xx_it.o
                0x0800111c                NMI_Handler
 .text.HardFault_Handler
                0x08001124        0x8 ./Core/Src/stm32f7xx_it.o
                0x08001124                HardFault_Handler
 .text.MemManage_Handler
                0x0800112c        0x8 ./Core/Src/stm32f7xx_it.o
                0x0800112c                MemManage_Handler
 .text.BusFault_Handler
                0x08001134        0x8 ./Core/Src/stm32f7xx_it.o
                0x08001134                BusFault_Handler
 .text.UsageFault_Handler
                0x0800113c        0x8 ./Core/Src/stm32f7xx_it.o
                0x0800113c                UsageFault_Handler
 .text.DebugMon_Handler
                0x08001144        0xe ./Core/Src/stm32f7xx_it.o
                0x08001144                DebugMon_Handler
 *fill*         0x08001152        0x2 
 .text.CAN1_RX0_IRQHandler
                0x08001154       0x14 ./Core/Src/stm32f7xx_it.o
                0x08001154                CAN1_RX0_IRQHandler
 .text.CAN1_RX1_IRQHandler
                0x08001168       0x14 ./Core/Src/stm32f7xx_it.o
                0x08001168                CAN1_RX1_IRQHandler
 .text.TIM1_UP_TIM10_IRQHandler
                0x0800117c       0x14 ./Core/Src/stm32f7xx_it.o
                0x0800117c                TIM1_UP_TIM10_IRQHandler
 .text.TIM6_DAC_IRQHandler
                0x08001190       0x14 ./Core/Src/stm32f7xx_it.o
                0x08001190                TIM6_DAC_IRQHandler
 .text._read    0x080011a4       0x3a ./Core/Src/syscalls.o
                0x080011a4                _read
 .text._write   0x080011de       0x38 ./Core/Src/syscalls.o
                0x080011de                _write
 .text._close   0x08001216       0x18 ./Core/Src/syscalls.o
                0x08001216                _close
 .text._fstat   0x0800122e       0x20 ./Core/Src/syscalls.o
                0x0800122e                _fstat
 .text._isatty  0x0800124e       0x16 ./Core/Src/syscalls.o
                0x0800124e                _isatty
 .text._lseek   0x08001264       0x1a ./Core/Src/syscalls.o
                0x08001264                _lseek
 *fill*         0x0800127e        0x2 
 .text.SystemInit
                0x08001280       0x24 ./Core/Src/system_stm32f7xx.o
                0x08001280                SystemInit
 .text.MX_TIM1_Init
                0x080012a4       0xa8 ./Core/Src/tim.o
                0x080012a4                MX_TIM1_Init
 .text.HAL_TIM_Base_MspInit
                0x0800134c       0x4c ./Core/Src/tim.o
                0x0800134c                HAL_TIM_Base_MspInit
 .text.vStartNetwork
                0x08001398       0x4c ./Core/Src/tasks/IPTask/ipTask.o
                0x08001398                vStartNetwork
 .text.vTCPServerTask
                0x080013e4       0xec ./Core/Src/tasks/MqttTask/mqttTask.o
                0x080013e4                vTCPServerTask
 .text.MqttTaskCreate
                0x080014d0       0x34 ./Core/Src/tasks/MqttTask/mqttTask.o
                0x080014d0                MqttTaskCreate
 .text.vTCP_ConfigureConnectedSocket
                0x08001504       0xbc ./Core/Src/tasks/MqttTask/mqttTask.o
                0x08001504                vTCP_ConfigureConnectedSocket
 .text.vMyTCPReceiveHandler
                0x080015c0       0x22 ./Core/Src/tasks/MqttTask/mqttTask.o
                0x080015c0                vMyTCPReceiveHandler
 .text.vMyTCPSentHandler
                0x080015e2       0x16 ./Core/Src/tasks/MqttTask/mqttTask.o
                0x080015e2                vMyTCPSentHandler
 .text.Reset_Handler
                0x080015f8       0x50 ./Core/Startup/startup_stm32f767zitx.o
                0x080015f8                Reset_Handler
 .text.Default_Handler
                0x08001648        0x2 ./Core/Startup/startup_stm32f767zitx.o
                0x08001648                RTC_Alarm_IRQHandler
                0x08001648                EXTI2_IRQHandler
                0x08001648                TIM8_CC_IRQHandler
                0x08001648                UART8_IRQHandler
                0x08001648                SPI4_IRQHandler
                0x08001648                TIM1_CC_IRQHandler
                0x08001648                DMA2_Stream5_IRQHandler
                0x08001648                JPEG_IRQHandler
                0x08001648                DMA1_Stream5_IRQHandler
                0x08001648                CAN3_RX1_IRQHandler
                0x08001648                PVD_IRQHandler
                0x08001648                TAMP_STAMP_IRQHandler
                0x08001648                CAN2_RX1_IRQHandler
                0x08001648                EXTI3_IRQHandler
                0x08001648                TIM8_TRG_COM_TIM14_IRQHandler
                0x08001648                DFSDM1_FLT1_IRQHandler
                0x08001648                TIM8_UP_TIM13_IRQHandler
                0x08001648                I2C3_ER_IRQHandler
                0x08001648                DFSDM1_FLT2_IRQHandler
                0x08001648                EXTI0_IRQHandler
                0x08001648                I2C2_EV_IRQHandler
                0x08001648                DMA1_Stream2_IRQHandler
                0x08001648                FPU_IRQHandler
                0x08001648                OTG_HS_WKUP_IRQHandler
                0x08001648                CAN3_SCE_IRQHandler
                0x08001648                LTDC_ER_IRQHandler
                0x08001648                CAN2_SCE_IRQHandler
                0x08001648                DMA2_Stream2_IRQHandler
                0x08001648                SPI1_IRQHandler
                0x08001648                TIM1_BRK_TIM9_IRQHandler
                0x08001648                DCMI_IRQHandler
                0x08001648                CAN2_RX0_IRQHandler
                0x08001648                DMA2_Stream3_IRQHandler
                0x08001648                SAI2_IRQHandler
                0x08001648                DFSDM1_FLT3_IRQHandler
                0x08001648                USART6_IRQHandler
                0x08001648                CAN3_RX0_IRQHandler
                0x08001648                USART3_IRQHandler
                0x08001648                UART5_IRQHandler
                0x08001648                DMA2_Stream0_IRQHandler
                0x08001648                TIM4_IRQHandler
                0x08001648                QUADSPI_IRQHandler
                0x08001648                I2C1_EV_IRQHandler
                0x08001648                DMA1_Stream6_IRQHandler
                0x08001648                DMA1_Stream1_IRQHandler
                0x08001648                UART4_IRQHandler
                0x08001648                TIM3_IRQHandler
                0x08001648                RCC_IRQHandler
                0x08001648                TIM8_BRK_TIM12_IRQHandler
                0x08001648                Default_Handler
                0x08001648                CEC_IRQHandler
                0x08001648                EXTI15_10_IRQHandler
                0x08001648                ADC_IRQHandler
                0x08001648                DMA1_Stream7_IRQHandler
                0x08001648                SPI5_IRQHandler
                0x08001648                TIM7_IRQHandler
                0x08001648                SDMMC1_IRQHandler
                0x08001648                CAN2_TX_IRQHandler
                0x08001648                TIM5_IRQHandler
                0x08001648                DMA2_Stream7_IRQHandler
                0x08001648                I2C3_EV_IRQHandler
                0x08001648                EXTI9_5_IRQHandler
                0x08001648                RTC_WKUP_IRQHandler
                0x08001648                LTDC_IRQHandler
                0x08001648                ETH_WKUP_IRQHandler
                0x08001648                SPDIF_RX_IRQHandler
                0x08001648                SPI2_IRQHandler
                0x08001648                OTG_HS_EP1_IN_IRQHandler
                0x08001648                DMA1_Stream0_IRQHandler
                0x08001648                CAN1_TX_IRQHandler
                0x08001648                EXTI4_IRQHandler
                0x08001648                RNG_IRQHandler
                0x08001648                OTG_HS_EP1_OUT_IRQHandler
                0x08001648                WWDG_IRQHandler
                0x08001648                SPI6_IRQHandler
                0x08001648                MDIOS_IRQHandler
                0x08001648                I2C4_EV_IRQHandler
                0x08001648                CAN3_TX_IRQHandler
                0x08001648                TIM2_IRQHandler
                0x08001648                OTG_FS_WKUP_IRQHandler
                0x08001648                TIM1_TRG_COM_TIM11_IRQHandler
                0x08001648                OTG_HS_IRQHandler
                0x08001648                DMA2D_IRQHandler
                0x08001648                EXTI1_IRQHandler
                0x08001648                SDMMC2_IRQHandler
                0x08001648                UART7_IRQHandler
                0x08001648                USART2_IRQHandler
                0x08001648                DFSDM1_FLT0_IRQHandler
                0x08001648                I2C2_ER_IRQHandler
                0x08001648                DMA2_Stream1_IRQHandler
                0x08001648                CAN1_SCE_IRQHandler
                0x08001648                FLASH_IRQHandler
                0x08001648                DMA2_Stream4_IRQHandler
                0x08001648                USART1_IRQHandler
                0x08001648                OTG_FS_IRQHandler
                0x08001648                SPI3_IRQHandler
                0x08001648                DMA1_Stream4_IRQHandler
                0x08001648                I2C1_ER_IRQHandler
                0x08001648                FMC_IRQHandler
                0x08001648                LPTIM1_IRQHandler
                0x08001648                I2C4_ER_IRQHandler
                0x08001648                DMA2_Stream6_IRQHandler
                0x08001648                SAI1_IRQHandler
                0x08001648                DMA1_Stream3_IRQHandler
 .text.HAL_Init
                0x0800164a       0x1a ./Drivers/STM32F7xx_HAL_Driver/Src/stm32f7xx_hal.o
                0x0800164a                HAL_Init
 .text.HAL_IncTick
                0x08001664       0x28 ./Drivers/STM32F7xx_HAL_Driver/Src/stm32f7xx_hal.o
                0x08001664                HAL_IncTick
 .text.HAL_GetTick
                0x0800168c       0x18 ./Drivers/STM32F7xx_HAL_Driver/Src/stm32f7xx_hal.o
                0x0800168c                HAL_GetTick
 .text.HAL_Delay
                0x080016a4       0x48 ./Drivers/STM32F7xx_HAL_Driver/Src/stm32f7xx_hal.o
                0x080016a4                HAL_Delay
 .text.HAL_CAN_Init
                0x080016ec      0x1f6 ./Drivers/STM32F7xx_HAL_Driver/Src/stm32f7xx_hal_can.o
                0x080016ec                HAL_CAN_Init
 .text.HAL_CAN_IRQHandler
                0x080018e2      0x36e ./Drivers/STM32F7xx_HAL_Driver/Src/stm32f7xx_hal_can.o
                0x080018e2                HAL_CAN_IRQHandler
 .text.HAL_CAN_TxMailbox0CompleteCallback
                0x08001c50       0x14 ./Drivers/STM32F7xx_HAL_Driver/Src/stm32f7xx_hal_can.o
                0x08001c50                HAL_CAN_TxMailbox0CompleteCallback
 .text.HAL_CAN_TxMailbox1CompleteCallback
                0x08001c64       0x14 ./Drivers/STM32F7xx_HAL_Driver/Src/stm32f7xx_hal_can.o
                0x08001c64                HAL_CAN_TxMailbox1CompleteCallback
 .text.HAL_CAN_TxMailbox2CompleteCallback
                0x08001c78       0x14 ./Drivers/STM32F7xx_HAL_Driver/Src/stm32f7xx_hal_can.o
                0x08001c78                HAL_CAN_TxMailbox2CompleteCallback
 .text.HAL_CAN_TxMailbox0AbortCallback
                0x08001c8c       0x14 ./Drivers/STM32F7xx_HAL_Driver/Src/stm32f7xx_hal_can.o
                0x08001c8c                HAL_CAN_TxMailbox0AbortCallback
 .text.HAL_CAN_TxMailbox1AbortCallback
                0x08001ca0       0x14 ./Drivers/STM32F7xx_HAL_Driver/Src/stm32f7xx_hal_can.o
                0x08001ca0                HAL_CAN_TxMailbox1AbortCallback
 .text.HAL_CAN_TxMailbox2AbortCallback
                0x08001cb4       0x14 ./Drivers/STM32F7xx_HAL_Driver/Src/stm32f7xx_hal_can.o
                0x08001cb4                HAL_CAN_TxMailbox2AbortCallback
 .text.HAL_CAN_RxFifo0MsgPendingCallback
                0x08001cc8       0x14 ./Drivers/STM32F7xx_HAL_Driver/Src/stm32f7xx_hal_can.o
                0x08001cc8                HAL_CAN_RxFifo0MsgPendingCallback
 .text.HAL_CAN_RxFifo0FullCallback
                0x08001cdc       0x14 ./Drivers/STM32F7xx_HAL_Driver/Src/stm32f7xx_hal_can.o
                0x08001cdc                HAL_CAN_RxFifo0FullCallback
 .text.HAL_CAN_RxFifo1MsgPendingCallback
                0x08001cf0       0x14 ./Drivers/STM32F7xx_HAL_Driver/Src/stm32f7xx_hal_can.o
                0x08001cf0                HAL_CAN_RxFifo1MsgPendingCallback
 .text.HAL_CAN_RxFifo1FullCallback
                0x08001d04       0x14 ./Drivers/STM32F7xx_HAL_Driver/Src/stm32f7xx_hal_can.o
                0x08001d04                HAL_CAN_RxFifo1FullCallback
 .text.HAL_CAN_SleepCallback
                0x08001d18       0x14 ./Drivers/STM32F7xx_HAL_Driver/Src/stm32f7xx_hal_can.o
                0x08001d18                HAL_CAN_SleepCallback
 .text.HAL_CAN_WakeUpFromRxMsgCallback
                0x08001d2c       0x14 ./Drivers/STM32F7xx_HAL_Driver/Src/stm32f7xx_hal_can.o
                0x08001d2c                HAL_CAN_WakeUpFromRxMsgCallback
 .text.HAL_CAN_ErrorCallback
                0x08001d40       0x14 ./Drivers/STM32F7xx_HAL_Driver/Src/stm32f7xx_hal_can.o
                0x08001d40                HAL_CAN_ErrorCallback
 .text.__NVIC_SetPriorityGrouping
                0x08001d54       0x48 ./Drivers/STM32F7xx_HAL_Driver/Src/stm32f7xx_hal_cortex.o
 .text.__NVIC_GetPriorityGrouping
                0x08001d9c       0x1c ./Drivers/STM32F7xx_HAL_Driver/Src/stm32f7xx_hal_cortex.o
 .text.__NVIC_EnableIRQ
                0x08001db8       0x3c ./Drivers/STM32F7xx_HAL_Driver/Src/stm32f7xx_hal_cortex.o
 .text.__NVIC_SetPriority
                0x08001df4       0x54 ./Drivers/STM32F7xx_HAL_Driver/Src/stm32f7xx_hal_cortex.o
 .text.NVIC_EncodePriority
                0x08001e48       0x66 ./Drivers/STM32F7xx_HAL_Driver/Src/stm32f7xx_hal_cortex.o
 .text.HAL_NVIC_SetPriorityGrouping
                0x08001eae       0x16 ./Drivers/STM32F7xx_HAL_Driver/Src/stm32f7xx_hal_cortex.o
                0x08001eae                HAL_NVIC_SetPriorityGrouping
 .text.HAL_NVIC_SetPriority
                0x08001ec4       0x38 ./Drivers/STM32F7xx_HAL_Driver/Src/stm32f7xx_hal_cortex.o
                0x08001ec4                HAL_NVIC_SetPriority
 .text.HAL_NVIC_EnableIRQ
                0x08001efc       0x1c ./Drivers/STM32F7xx_HAL_Driver/Src/stm32f7xx_hal_cortex.o
                0x08001efc                HAL_NVIC_EnableIRQ
 .text.HAL_MPU_Disable
                0x08001f18       0x30 ./Drivers/STM32F7xx_HAL_Driver/Src/stm32f7xx_hal_cortex.o
                0x08001f18                HAL_MPU_Disable
 .text.HAL_MPU_Enable
                0x08001f48       0x40 ./Drivers/STM32F7xx_HAL_Driver/Src/stm32f7xx_hal_cortex.o
                0x08001f48                HAL_MPU_Enable
 .text.HAL_MPU_ConfigRegion
                0x08001f88       0x80 ./Drivers/STM32F7xx_HAL_Driver/Src/stm32f7xx_hal_cortex.o
                0x08001f88                HAL_MPU_ConfigRegion
 .text.HAL_GPIO_Init
                0x08002008      0x358 ./Drivers/STM32F7xx_HAL_Driver/Src/stm32f7xx_hal_gpio.o
                0x08002008                HAL_GPIO_Init
 .text.HAL_GPIO_WritePin
                0x08002360       0x32 ./Drivers/STM32F7xx_HAL_Driver/Src/stm32f7xx_hal_gpio.o
                0x08002360                HAL_GPIO_WritePin
 *fill*         0x08002392        0x2 
 .text.HAL_PWREx_EnableOverDrive
                0x08002394       0xa0 ./Drivers/STM32F7xx_HAL_Driver/Src/stm32f7xx_hal_pwr_ex.o
                0x08002394                HAL_PWREx_EnableOverDrive
 .text.HAL_RCC_OscConfig
                0x08002434      0x55c ./Drivers/STM32F7xx_HAL_Driver/Src/stm32f7xx_hal_rcc.o
                0x08002434                HAL_RCC_OscConfig
 .text.HAL_RCC_ClockConfig
                0x08002990      0x1d8 ./Drivers/STM32F7xx_HAL_Driver/Src/stm32f7xx_hal_rcc.o
                0x08002990                HAL_RCC_ClockConfig
 .text.HAL_RCC_GetSysClockFreq
                0x08002b68      0x208 ./Drivers/STM32F7xx_HAL_Driver/Src/stm32f7xx_hal_rcc.o
                0x08002b68                HAL_RCC_GetSysClockFreq
 .text.HAL_RCC_GetHCLKFreq
                0x08002d70       0x18 ./Drivers/STM32F7xx_HAL_Driver/Src/stm32f7xx_hal_rcc.o
                0x08002d70                HAL_RCC_GetHCLKFreq
 .text.HAL_RCC_GetPCLK1Freq
                0x08002d88       0x28 ./Drivers/STM32F7xx_HAL_Driver/Src/stm32f7xx_hal_rcc.o
                0x08002d88                HAL_RCC_GetPCLK1Freq
 .text.HAL_RCC_GetClockConfig
                0x08002db0       0x64 ./Drivers/STM32F7xx_HAL_Driver/Src/stm32f7xx_hal_rcc.o
                0x08002db0                HAL_RCC_GetClockConfig
 .text.HAL_RCCEx_PeriphCLKConfig
                0x08002e14      0x850 ./Drivers/STM32F7xx_HAL_Driver/Src/stm32f7xx_hal_rcc_ex.o
                0x08002e14                HAL_RCCEx_PeriphCLKConfig
 .text.HAL_RNG_Init
                0x08003664       0x54 ./Drivers/STM32F7xx_HAL_Driver/Src/stm32f7xx_hal_rng.o
                0x08003664                HAL_RNG_Init
 .text.HAL_RNG_GenerateRandomNumber
                0x080036b8       0xac ./Drivers/STM32F7xx_HAL_Driver/Src/stm32f7xx_hal_rng.o
                0x080036b8                HAL_RNG_GenerateRandomNumber
 .text.HAL_RNG_GetRandomNumber
                0x08003764       0x2a ./Drivers/STM32F7xx_HAL_Driver/Src/stm32f7xx_hal_rng.o
                0x08003764                HAL_RNG_GetRandomNumber
 .text.HAL_TIM_Base_Init
                0x0800378e       0xae ./Drivers/STM32F7xx_HAL_Driver/Src/stm32f7xx_hal_tim.o
                0x0800378e                HAL_TIM_Base_Init
 .text.HAL_TIM_Base_Start_IT
                0x0800383c       0xf0 ./Drivers/STM32F7xx_HAL_Driver/Src/stm32f7xx_hal_tim.o
                0x0800383c                HAL_TIM_Base_Start_IT
 .text.HAL_TIM_IRQHandler
                0x0800392c      0x20e ./Drivers/STM32F7xx_HAL_Driver/Src/stm32f7xx_hal_tim.o
                0x0800392c                HAL_TIM_IRQHandler
 *fill*         0x08003b3a        0x2 
 .text.HAL_TIM_ConfigClockSource
                0x08003b3c      0x194 ./Drivers/STM32F7xx_HAL_Driver/Src/stm32f7xx_hal_tim.o
                0x08003b3c                HAL_TIM_ConfigClockSource
 .text.HAL_TIM_OC_DelayElapsedCallback
                0x08003cd0       0x14 ./Drivers/STM32F7xx_HAL_Driver/Src/stm32f7xx_hal_tim.o
                0x08003cd0                HAL_TIM_OC_DelayElapsedCallback
 .text.HAL_TIM_IC_CaptureCallback
                0x08003ce4       0x14 ./Drivers/STM32F7xx_HAL_Driver/Src/stm32f7xx_hal_tim.o
                0x08003ce4                HAL_TIM_IC_CaptureCallback
 .text.HAL_TIM_PWM_PulseFinishedCallback
                0x08003cf8       0x14 ./Drivers/STM32F7xx_HAL_Driver/Src/stm32f7xx_hal_tim.o
                0x08003cf8                HAL_TIM_PWM_PulseFinishedCallback
 .text.HAL_TIM_TriggerCallback
                0x08003d0c       0x14 ./Drivers/STM32F7xx_HAL_Driver/Src/stm32f7xx_hal_tim.o
                0x08003d0c                HAL_TIM_TriggerCallback
 .text.TIM_Base_SetConfig
                0x08003d20      0x14c ./Drivers/STM32F7xx_HAL_Driver/Src/stm32f7xx_hal_tim.o
                0x08003d20                TIM_Base_SetConfig
 .text.TIM_TI1_ConfigInputStage
                0x08003e6c       0x5e ./Drivers/STM32F7xx_HAL_Driver/Src/stm32f7xx_hal_tim.o
 .text.TIM_TI2_ConfigInputStage
                0x08003eca       0x60 ./Drivers/STM32F7xx_HAL_Driver/Src/stm32f7xx_hal_tim.o
 .text.TIM_ITRx_SetConfig
                0x08003f2a       0x36 ./Drivers/STM32F7xx_HAL_Driver/Src/stm32f7xx_hal_tim.o
 .text.TIM_ETR_SetConfig
                0x08003f60       0x40 ./Drivers/STM32F7xx_HAL_Driver/Src/stm32f7xx_hal_tim.o
                0x08003f60                TIM_ETR_SetConfig
 .text.HAL_TIMEx_MasterConfigSynchronization
                0x08003fa0      0x11c ./Drivers/STM32F7xx_HAL_Driver/Src/stm32f7xx_hal_tim_ex.o
                0x08003fa0                HAL_TIMEx_MasterConfigSynchronization
 .text.HAL_TIMEx_CommutCallback
                0x080040bc       0x14 ./Drivers/STM32F7xx_HAL_Driver/Src/stm32f7xx_hal_tim_ex.o
                0x080040bc                HAL_TIMEx_CommutCallback
 .text.HAL_TIMEx_BreakCallback
                0x080040d0       0x14 ./Drivers/STM32F7xx_HAL_Driver/Src/stm32f7xx_hal_tim_ex.o
                0x080040d0                HAL_TIMEx_BreakCallback
 .text.HAL_TIMEx_Break2Callback
                0x080040e4       0x14 ./Drivers/STM32F7xx_HAL_Driver/Src/stm32f7xx_hal_tim_ex.o
                0x080040e4                HAL_TIMEx_Break2Callback
 .text.eARPProcessPacket
                0x080040f8      0x25c ./ThirdParty/FreeRTOS/FreeRTOS-Plus/FreeRTOS-Plus-TCP/Source/FreeRTOS-Plus-TCP/source/FreeRTOS_ARP.o
                0x080040f8                eARPProcessPacket
 .text.vARPProcessPacketRequest
                0x08004354       0x7c ./ThirdParty/FreeRTOS/FreeRTOS-Plus/FreeRTOS-Plus-TCP/Source/FreeRTOS-Plus-TCP/source/FreeRTOS_ARP.o
 .text.vARPProcessPacketReply
                0x080043d0       0xb0 ./ThirdParty/FreeRTOS/FreeRTOS-Plus/FreeRTOS-Plus-TCP/Source/FreeRTOS-Plus-TCP/source/FreeRTOS_ARP.o
 .text.xIsIPInARPCache
                0x08004480       0x60 ./ThirdParty/FreeRTOS/FreeRTOS-Plus/FreeRTOS-Plus-TCP/Source/FreeRTOS-Plus-TCP/source/FreeRTOS_ARP.o
                0x08004480                xIsIPInARPCache
 .text.xCheckRequiresARPResolution
                0x080044e0       0x9c ./ThirdParty/FreeRTOS/FreeRTOS-Plus/FreeRTOS-Plus-TCP/Source/FreeRTOS-Plus-TCP/source/FreeRTOS_ARP.o
                0x080044e0                xCheckRequiresARPResolution
 .text.vARPRefreshCacheEntryAge
                0x0800457c       0x6c ./ThirdParty/FreeRTOS/FreeRTOS-Plus/FreeRTOS-Plus-TCP/Source/FreeRTOS-Plus-TCP/source/FreeRTOS_ARP.o
                0x0800457c                vARPRefreshCacheEntryAge
 .text.vARPRefreshCacheEntry
                0x080045e8       0xec ./ThirdParty/FreeRTOS/FreeRTOS-Plus/FreeRTOS-Plus-TCP/Source/FreeRTOS-Plus-TCP/source/FreeRTOS_ARP.o
                0x080045e8                vARPRefreshCacheEntry
 .text.prvFindCacheEntry
                0x080046d4      0x110 ./ThirdParty/FreeRTOS/FreeRTOS-Plus/FreeRTOS-Plus-TCP/Source/FreeRTOS-Plus-TCP/source/FreeRTOS_ARP.o
 .text.eARPGetCacheEntry
                0x080047e4      0x150 ./ThirdParty/FreeRTOS/FreeRTOS-Plus/FreeRTOS-Plus-TCP/Source/FreeRTOS-Plus-TCP/source/FreeRTOS_ARP.o
                0x080047e4                eARPGetCacheEntry
 .text.eARPGetCacheEntryGateWay
                0x08004934       0x84 ./ThirdParty/FreeRTOS/FreeRTOS-Plus/FreeRTOS-Plus-TCP/Source/FreeRTOS-Plus-TCP/source/FreeRTOS_ARP.o
 .text.prvCacheLookup
                0x080049b8       0x80 ./ThirdParty/FreeRTOS/FreeRTOS-Plus/FreeRTOS-Plus-TCP/Source/FreeRTOS-Plus-TCP/source/FreeRTOS_ARP.o
 .text.vARPAgeCache
                0x08004a38      0x128 ./ThirdParty/FreeRTOS/FreeRTOS-Plus/FreeRTOS-Plus-TCP/Source/FreeRTOS-Plus-TCP/source/FreeRTOS_ARP.o
                0x08004a38                vARPAgeCache
 .text.vARPSendGratuitous
                0x08004b60       0x18 ./ThirdParty/FreeRTOS/FreeRTOS-Plus/FreeRTOS-Plus-TCP/Source/FreeRTOS-Plus-TCP/source/FreeRTOS_ARP.o
                0x08004b60                vARPSendGratuitous
 .text.FreeRTOS_OutputARPRequest_Multi
                0x08004b78       0xa2 ./ThirdParty/FreeRTOS/FreeRTOS-Plus/FreeRTOS-Plus-TCP/Source/FreeRTOS-Plus-TCP/source/FreeRTOS_ARP.o
                0x08004b78                FreeRTOS_OutputARPRequest_Multi
 .text.FreeRTOS_OutputARPRequest
                0x08004c1a       0x26 ./ThirdParty/FreeRTOS/FreeRTOS-Plus/FreeRTOS-Plus-TCP/Source/FreeRTOS-Plus-TCP/source/FreeRTOS_ARP.o
                0x08004c1a                FreeRTOS_OutputARPRequest
 .text.vARPGenerateRequestPacket
                0x08004c40       0xec ./ThirdParty/FreeRTOS/FreeRTOS-Plus/FreeRTOS-Plus-TCP/Source/FreeRTOS-Plus-TCP/source/FreeRTOS_ARP.o
                0x08004c40                vARPGenerateRequestPacket
 .text.FreeRTOS_ClearARP
                0x08004d2c       0x5c ./ThirdParty/FreeRTOS/FreeRTOS-Plus/FreeRTOS-Plus-TCP/Source/FreeRTOS-Plus-TCP/source/FreeRTOS_ARP.o
                0x08004d2c                FreeRTOS_ClearARP
 .text.xIsDHCPSocket
                0x08004d88       0x30 ./ThirdParty/FreeRTOS/FreeRTOS-Plus/FreeRTOS-Plus-TCP/Source/FreeRTOS-Plus-TCP/source/FreeRTOS_DHCP.o
                0x08004d88                xIsDHCPSocket
 .text.vDHCPProcess
                0x08004db8      0x1e4 ./ThirdParty/FreeRTOS/FreeRTOS-Plus/FreeRTOS-Plus-TCP/Source/FreeRTOS-Plus-TCP/source/FreeRTOS_DHCP.o
                0x08004db8                vDHCPProcess
 .text.vDHCPStop
                0x08004f9c       0x1e ./ThirdParty/FreeRTOS/FreeRTOS-Plus/FreeRTOS-Plus-TCP/Source/FreeRTOS-Plus-TCP/source/FreeRTOS_DHCP.o
                0x08004f9c                vDHCPStop
 .text.xHandleWaitingOffer
                0x08004fba      0x10a ./ThirdParty/FreeRTOS/FreeRTOS-Plus/FreeRTOS-Plus-TCP/Source/FreeRTOS-Plus-TCP/source/FreeRTOS_DHCP.o
 .text.vHandleWaitingAcknowledge
                0x080050c4       0xe8 ./ThirdParty/FreeRTOS/FreeRTOS-Plus/FreeRTOS-Plus-TCP/Source/FreeRTOS-Plus-TCP/source/FreeRTOS_DHCP.o
 .text.xHandleWaitingFirstDiscover
                0x080051ac       0x82 ./ThirdParty/FreeRTOS/FreeRTOS-Plus/FreeRTOS-Plus-TCP/Source/FreeRTOS-Plus-TCP/source/FreeRTOS_DHCP.o
 .text.prvHandleWaitingeLeasedAddress
                0x0800522e       0x8a ./ThirdParty/FreeRTOS/FreeRTOS-Plus/FreeRTOS-Plus-TCP/Source/FreeRTOS-Plus-TCP/source/FreeRTOS_DHCP.o
 .text.vDHCPProcessEndPoint
                0x080052b8      0x168 ./ThirdParty/FreeRTOS/FreeRTOS-Plus/FreeRTOS-Plus-TCP/Source/FreeRTOS-Plus-TCP/source/FreeRTOS_DHCP.o
 .text.prvCloseDHCPSocket
                0x08005420       0x64 ./ThirdParty/FreeRTOS/FreeRTOS-Plus/FreeRTOS-Plus-TCP/Source/FreeRTOS-Plus-TCP/source/FreeRTOS_DHCP.o
 .text.prvCreateDHCPSocket
                0x08005484      0x120 ./ThirdParty/FreeRTOS/FreeRTOS-Plus/FreeRTOS-Plus-TCP/Source/FreeRTOS-Plus-TCP/source/FreeRTOS_DHCP.o
 .text.prvInitialiseDHCP
                0x080055a4       0x48 ./ThirdParty/FreeRTOS/FreeRTOS-Plus/FreeRTOS-Plus-TCP/Source/FreeRTOS-Plus-TCP/source/FreeRTOS_DHCP.o
 .text.vProcessHandleOption
                0x080055ec      0x20c ./ThirdParty/FreeRTOS/FreeRTOS-Plus/FreeRTOS-Plus-TCP/Source/FreeRTOS-Plus-TCP/source/FreeRTOS_DHCP.o
 .text.prvIsValidDHCPResponse
                0x080057f8       0x80 ./ThirdParty/FreeRTOS/FreeRTOS-Plus/FreeRTOS-Plus-TCP/Source/FreeRTOS-Plus-TCP/source/FreeRTOS_DHCP.o
 .text.xProcessCheckOption
                0x08005878       0xc8 ./ThirdParty/FreeRTOS/FreeRTOS-Plus/FreeRTOS-Plus-TCP/Source/FreeRTOS-Plus-TCP/source/FreeRTOS_DHCP.o
 .text.prvProcessDHCPReplies
                0x08005940      0x12c ./ThirdParty/FreeRTOS/FreeRTOS-Plus/FreeRTOS-Plus-TCP/Source/FreeRTOS-Plus-TCP/source/FreeRTOS_DHCP.o
 .text.prvCreatePartDHCPMessage
                0x08005a6c      0x130 ./ThirdParty/FreeRTOS/FreeRTOS-Plus/FreeRTOS-Plus-TCP/Source/FreeRTOS-Plus-TCP/source/FreeRTOS_DHCP.o
 .text.prvSendDHCPRequest
                0x08005b9c       0xc4 ./ThirdParty/FreeRTOS/FreeRTOS-Plus/FreeRTOS-Plus-TCP/Source/FreeRTOS-Plus-TCP/source/FreeRTOS_DHCP.o
 .text.prvSendDHCPDiscover
                0x08005c60       0xfc ./ThirdParty/FreeRTOS/FreeRTOS-Plus/FreeRTOS-Plus-TCP/Source/FreeRTOS-Plus-TCP/source/FreeRTOS_DHCP.o
 .text.FreeRTOS_dnsclear
                0x08005d5c       0x24 ./ThirdParty/FreeRTOS/FreeRTOS-Plus/FreeRTOS-Plus-TCP/Source/FreeRTOS-Plus-TCP/source/FreeRTOS_DNS_Cache.o
                0x08005d5c                FreeRTOS_dnsclear
 .text.ProcessICMPPacket
                0x08005d80       0x6e ./ThirdParty/FreeRTOS/FreeRTOS-Plus/FreeRTOS-Plus-TCP/Source/FreeRTOS-Plus-TCP/source/FreeRTOS_ICMP.o
                0x08005d80                ProcessICMPPacket
 .text.prvProcessICMPEchoRequest
                0x08005dee       0x58 ./ThirdParty/FreeRTOS/FreeRTOS-Plus/FreeRTOS-Plus-TCP/Source/FreeRTOS-Plus-TCP/source/FreeRTOS_ICMP.o
 .text.prvProcessICMPEchoReply
                0x08005e46       0xa4 ./ThirdParty/FreeRTOS/FreeRTOS-Plus/FreeRTOS-Plus-TCP/Source/FreeRTOS-Plus-TCP/source/FreeRTOS_ICMP.o
 .text.prvIPTask
                0x08005eea       0x12 ./ThirdParty/FreeRTOS/FreeRTOS-Plus/FreeRTOS-Plus-TCP/Source/FreeRTOS-Plus-TCP/source/FreeRTOS_IP.o
 .text.prvProcessIPEventsAndTimers
                0x08005efc      0x190 ./ThirdParty/FreeRTOS/FreeRTOS-Plus/FreeRTOS-Plus-TCP/Source/FreeRTOS-Plus-TCP/source/FreeRTOS_IP.o
 .text.prvIPTask_Initialise
                0x0800608c       0x50 ./ThirdParty/FreeRTOS/FreeRTOS-Plus/FreeRTOS-Plus-TCP/Source/FreeRTOS-Plus-TCP/source/FreeRTOS_IP.o
 .text.prvIPTask_CheckPendingEvents
                0x080060dc       0x54 ./ThirdParty/FreeRTOS/FreeRTOS-Plus/FreeRTOS-Plus-TCP/Source/FreeRTOS-Plus-TCP/source/FreeRTOS_IP.o
 .text.prvCallDHCP_RA_Handler
                0x08006130       0x46 ./ThirdParty/FreeRTOS/FreeRTOS-Plus/FreeRTOS-Plus-TCP/Source/FreeRTOS-Plus-TCP/source/FreeRTOS_IP.o
 *fill*         0x08006176        0x2 
 .text.FreeRTOS_GetIPTaskHandle
                0x08006178       0x18 ./ThirdParty/FreeRTOS/FreeRTOS-Plus/FreeRTOS-Plus-TCP/Source/FreeRTOS-Plus-TCP/source/FreeRTOS_IP.o
                0x08006178                FreeRTOS_GetIPTaskHandle
 .text.vIPNetworkUpCalls
                0x08006190       0x3e ./ThirdParty/FreeRTOS/FreeRTOS-Plus/FreeRTOS-Plus-TCP/Source/FreeRTOS-Plus-TCP/source/FreeRTOS_IP.o
                0x08006190                vIPNetworkUpCalls
 .text.prvHandleEthernetPacket
                0x080061ce       0x1c ./ThirdParty/FreeRTOS/FreeRTOS-Plus/FreeRTOS-Plus-TCP/Source/FreeRTOS-Plus-TCP/source/FreeRTOS_IP.o
 .text.prvForwardTxPacket
                0x080061ea       0x2a ./ThirdParty/FreeRTOS/FreeRTOS-Plus/FreeRTOS-Plus-TCP/Source/FreeRTOS-Plus-TCP/source/FreeRTOS_IP.o
 .text.FreeRTOS_NetworkDown
                0x08006214       0x58 ./ThirdParty/FreeRTOS/FreeRTOS-Plus/FreeRTOS-Plus-TCP/Source/FreeRTOS-Plus-TCP/source/FreeRTOS_IP.o
                0x08006214                FreeRTOS_NetworkDown
 .text.FreeRTOS_IPInit_Multi
                0x0800626c       0xd4 ./ThirdParty/FreeRTOS/FreeRTOS-Plus/FreeRTOS-Plus-TCP/Source/FreeRTOS-Plus-TCP/source/FreeRTOS_IP.o
                0x0800626c                FreeRTOS_IPInit_Multi
 .text.FreeRTOS_ReleaseUDPPayloadBuffer
                0x08006340       0x40 ./ThirdParty/FreeRTOS/FreeRTOS-Plus/FreeRTOS-Plus-TCP/Source/FreeRTOS-Plus-TCP/source/FreeRTOS_IP.o
                0x08006340                FreeRTOS_ReleaseUDPPayloadBuffer
 .text.xSendEventToIPTask
                0x08006380       0x2c ./ThirdParty/FreeRTOS/FreeRTOS-Plus/FreeRTOS-Plus-TCP/Source/FreeRTOS-Plus-TCP/source/FreeRTOS_IP.o
                0x08006380                xSendEventToIPTask
 .text.xSendEventStructToIPTask
                0x080063ac       0x90 ./ThirdParty/FreeRTOS/FreeRTOS-Plus/FreeRTOS-Plus-TCP/Source/FreeRTOS-Plus-TCP/source/FreeRTOS_IP.o
                0x080063ac                xSendEventStructToIPTask
 .text.eConsiderFrameForProcessing
                0x0800643c      0x130 ./ThirdParty/FreeRTOS/FreeRTOS-Plus/FreeRTOS-Plus-TCP/Source/FreeRTOS-Plus-TCP/source/FreeRTOS_IP.o
                0x0800643c                eConsiderFrameForProcessing
 .text.prvProcessEthernetPacket
                0x0800656c      0x114 ./ThirdParty/FreeRTOS/FreeRTOS-Plus/FreeRTOS-Plus-TCP/Source/FreeRTOS-Plus-TCP/source/FreeRTOS_IP.o
 .text.prvProcessUDPPacket
                0x08006680      0x10c ./ThirdParty/FreeRTOS/FreeRTOS-Plus/FreeRTOS-Plus-TCP/Source/FreeRTOS-Plus-TCP/source/FreeRTOS_IP.o
 .text.prvProcessIPPacket
                0x0800678c      0x12c ./ThirdParty/FreeRTOS/FreeRTOS-Plus/FreeRTOS-Plus-TCP/Source/FreeRTOS-Plus-TCP/source/FreeRTOS_IP.o
 .text.vReturnEthernetFrame
                0x080068b8      0x15e ./ThirdParty/FreeRTOS/FreeRTOS-Plus/FreeRTOS-Plus-TCP/Source/FreeRTOS-Plus-TCP/source/FreeRTOS_IP.o
                0x080068b8                vReturnEthernetFrame
 *fill*         0x08006a16        0x2 
 .text.xIPIsNetworkTaskReady
                0x08006a18       0x18 ./ThirdParty/FreeRTOS/FreeRTOS-Plus/FreeRTOS-Plus-TCP/Source/FreeRTOS-Plus-TCP/source/FreeRTOS_IP.o
                0x08006a18                xIPIsNetworkTaskReady
 .text.FreeRTOS_IsEndPointUp
                0x08006a30       0x30 ./ThirdParty/FreeRTOS/FreeRTOS-Plus/FreeRTOS-Plus-TCP/Source/FreeRTOS-Plus-TCP/source/FreeRTOS_IP.o
                0x08006a30                FreeRTOS_IsEndPointUp
 .text.FreeRTOS_AllEndPointsUp
                0x08006a60       0x5c ./ThirdParty/FreeRTOS/FreeRTOS-Plus/FreeRTOS-Plus-TCP/Source/FreeRTOS-Plus-TCP/source/FreeRTOS_IP.o
                0x08006a60                FreeRTOS_AllEndPointsUp
 .text.uxIPHeaderSizePacket
                0x08006abc       0x34 ./ThirdParty/FreeRTOS/FreeRTOS-Plus/FreeRTOS-Plus-TCP/Source/FreeRTOS-Plus-TCP/source/FreeRTOS_IP.o
                0x08006abc                uxIPHeaderSizePacket
 .text.uxIPHeaderSizeSocket
                0x08006af0       0x34 ./ThirdParty/FreeRTOS/FreeRTOS-Plus/FreeRTOS-Plus-TCP/Source/FreeRTOS-Plus-TCP/source/FreeRTOS_IP.o
                0x08006af0                uxIPHeaderSizeSocket
 .text.xCalculateSleepTime
                0x08006b24       0x98 ./ThirdParty/FreeRTOS/FreeRTOS-Plus/FreeRTOS-Plus-TCP/Source/FreeRTOS-Plus-TCP/source/FreeRTOS_IP_Timers.o
                0x08006b24                xCalculateSleepTime
 .text.vCheckNetworkTimers
                0x08006bbc      0x144 ./ThirdParty/FreeRTOS/FreeRTOS-Plus/FreeRTOS-Plus-TCP/Source/FreeRTOS-Plus-TCP/source/FreeRTOS_IP_Timers.o
                0x08006bbc                vCheckNetworkTimers
 .text.prvIPTimerStart
                0x08006d00       0x48 ./ThirdParty/FreeRTOS/FreeRTOS-Plus/FreeRTOS-Plus-TCP/Source/FreeRTOS-Plus-TCP/source/FreeRTOS_IP_Timers.o
 .text.vIPTimerStartARPResolution
                0x08006d48       0x1c ./ThirdParty/FreeRTOS/FreeRTOS-Plus/FreeRTOS-Plus-TCP/Source/FreeRTOS-Plus-TCP/source/FreeRTOS_IP_Timers.o
                0x08006d48                vIPTimerStartARPResolution
 .text.prvIPTimerReload
                0x08006d64       0x20 ./ThirdParty/FreeRTOS/FreeRTOS-Plus/FreeRTOS-Plus-TCP/Source/FreeRTOS-Plus-TCP/source/FreeRTOS_IP_Timers.o
 .text.vTCPTimerReload
                0x08006d84       0x1c ./ThirdParty/FreeRTOS/FreeRTOS-Plus/FreeRTOS-Plus-TCP/Source/FreeRTOS-Plus-TCP/source/FreeRTOS_IP_Timers.o
                0x08006d84                vTCPTimerReload
 .text.vARPTimerReload
                0x08006da0       0x1c ./ThirdParty/FreeRTOS/FreeRTOS-Plus/FreeRTOS-Plus-TCP/Source/FreeRTOS-Plus-TCP/source/FreeRTOS_IP_Timers.o
                0x08006da0                vARPTimerReload
 .text.vDHCP_RATimerReload
                0x08006dbc       0x1e ./ThirdParty/FreeRTOS/FreeRTOS-Plus/FreeRTOS-Plus-TCP/Source/FreeRTOS-Plus-TCP/source/FreeRTOS_IP_Timers.o
                0x08006dbc                vDHCP_RATimerReload
 *fill*         0x08006dda        0x2 
 .text.vNetworkTimerReload
                0x08006ddc       0x1c ./ThirdParty/FreeRTOS/FreeRTOS-Plus/FreeRTOS-Plus-TCP/Source/FreeRTOS-Plus-TCP/source/FreeRTOS_IP_Timers.o
                0x08006ddc                vNetworkTimerReload
 .text.prvIPTimerCheck
                0x08006df8       0x78 ./ThirdParty/FreeRTOS/FreeRTOS-Plus/FreeRTOS-Plus-TCP/Source/FreeRTOS-Plus-TCP/source/FreeRTOS_IP_Timers.o
 .text.vIPSetTCPTimerExpiredState
                0x08006e70       0x40 ./ThirdParty/FreeRTOS/FreeRTOS-Plus/FreeRTOS-Plus-TCP/Source/FreeRTOS-Plus-TCP/source/FreeRTOS_IP_Timers.o
                0x08006e70                vIPSetTCPTimerExpiredState
 .text.vIPSetARPTimerEnableState
                0x08006eb0       0x34 ./ThirdParty/FreeRTOS/FreeRTOS-Plus/FreeRTOS-Plus-TCP/Source/FreeRTOS-Plus-TCP/source/FreeRTOS_IP_Timers.o
                0x08006eb0                vIPSetARPTimerEnableState
 .text.vIPSetARPResolutionTimerEnableState
                0x08006ee4       0x34 ./ThirdParty/FreeRTOS/FreeRTOS-Plus/FreeRTOS-Plus-TCP/Source/FreeRTOS-Plus-TCP/source/FreeRTOS_IP_Timers.o
                0x08006ee4                vIPSetARPResolutionTimerEnableState
 .text.vIPSetDHCP_RATimerEnableState
                0x08006f18       0x3a ./ThirdParty/FreeRTOS/FreeRTOS-Plus/FreeRTOS-Plus-TCP/Source/FreeRTOS-Plus-TCP/source/FreeRTOS_IP_Timers.o
                0x08006f18                vIPSetDHCP_RATimerEnableState
 *fill*         0x08006f52        0x2 
 .text.vSetAllNetworksUp
                0x08006f54       0x20 ./ThirdParty/FreeRTOS/FreeRTOS-Plus/FreeRTOS-Plus-TCP/Source/FreeRTOS-Plus-TCP/source/FreeRTOS_IP_Timers.o
                0x08006f54                vSetAllNetworksUp
 .text.xSendDHCPEvent
                0x08006f74       0x3c ./ThirdParty/FreeRTOS/FreeRTOS-Plus/FreeRTOS-Plus-TCP/Source/FreeRTOS-Plus-TCP/source/FreeRTOS_IP_Utils.o
                0x08006f74                xSendDHCPEvent
 .text.pxDuplicateNetworkBufferWithDescriptor
                0x08006fb0       0x9a ./ThirdParty/FreeRTOS/FreeRTOS-Plus/FreeRTOS-Plus-TCP/Source/FreeRTOS-Plus-TCP/source/FreeRTOS_IP_Utils.o
                0x08006fb0                pxDuplicateNetworkBufferWithDescriptor
 .text.prvPacketBuffer_to_NetworkBuffer
                0x0800704a       0x48 ./ThirdParty/FreeRTOS/FreeRTOS-Plus/FreeRTOS-Plus-TCP/Source/FreeRTOS-Plus-TCP/source/FreeRTOS_IP_Utils.o
 .text.void_ptr_to_uintptr
                0x08007092       0x1a ./ThirdParty/FreeRTOS/FreeRTOS-Plus/FreeRTOS-Plus-TCP/Source/FreeRTOS-Plus-TCP/source/FreeRTOS_IP_Utils.o
 .text.pxPacketBuffer_to_NetworkBuffer
                0x080070ac       0x1a ./ThirdParty/FreeRTOS/FreeRTOS-Plus/FreeRTOS-Plus-TCP/Source/FreeRTOS-Plus-TCP/source/FreeRTOS_IP_Utils.o
                0x080070ac                pxPacketBuffer_to_NetworkBuffer
 .text.pxUDPPayloadBuffer_to_NetworkBuffer
                0x080070c6       0x88 ./ThirdParty/FreeRTOS/FreeRTOS-Plus/FreeRTOS-Plus-TCP/Source/FreeRTOS-Plus-TCP/source/FreeRTOS_IP_Utils.o
                0x080070c6                pxUDPPayloadBuffer_to_NetworkBuffer
 .text.xIsCallingFromIPTask
                0x0800714e       0x2e ./ThirdParty/FreeRTOS/FreeRTOS-Plus/FreeRTOS-Plus-TCP/Source/FreeRTOS-Plus-TCP/source/FreeRTOS_IP_Utils.o
                0x0800714e                xIsCallingFromIPTask
 .text.prvProcessNetworkDownEvent
                0x0800717c      0x144 ./ThirdParty/FreeRTOS/FreeRTOS-Plus/FreeRTOS-Plus-TCP/Source/FreeRTOS-Plus-TCP/source/FreeRTOS_IP_Utils.o
                0x0800717c                prvProcessNetworkDownEvent
 .text.vPreCheckConfigs
                0x080072c0      0x194 ./ThirdParty/FreeRTOS/FreeRTOS-Plus/FreeRTOS-Plus-TCP/Source/FreeRTOS-Plus-TCP/source/FreeRTOS_IP_Utils.o
                0x080072c0                vPreCheckConfigs
 .text.FreeRTOS_max_size_t
                0x08007454       0x20 ./ThirdParty/FreeRTOS/FreeRTOS-Plus/FreeRTOS-Plus-TCP/Source/FreeRTOS-Plus-TCP/source/FreeRTOS_IP_Utils.o
                0x08007454                FreeRTOS_max_size_t
 .text.FreeRTOS_min_int32
                0x08007474       0x20 ./ThirdParty/FreeRTOS/FreeRTOS-Plus/FreeRTOS-Plus-TCP/Source/FreeRTOS-Plus-TCP/source/FreeRTOS_IP_Utils.o
                0x08007474                FreeRTOS_min_int32
 .text.FreeRTOS_min_uint32
                0x08007494       0x20 ./ThirdParty/FreeRTOS/FreeRTOS-Plus/FreeRTOS-Plus-TCP/Source/FreeRTOS-Plus-TCP/source/FreeRTOS_IP_Utils.o
                0x08007494                FreeRTOS_min_uint32
 .text.FreeRTOS_min_size_t
                0x080074b4       0x20 ./ThirdParty/FreeRTOS/FreeRTOS-Plus/FreeRTOS-Plus-TCP/Source/FreeRTOS-Plus-TCP/source/FreeRTOS_IP_Utils.o
                0x080074b4                FreeRTOS_min_size_t
 .text.FreeRTOS_add_int32
                0x080074d4       0x56 ./ThirdParty/FreeRTOS/FreeRTOS-Plus/FreeRTOS-Plus-TCP/Source/FreeRTOS-Plus-TCP/source/FreeRTOS_IP_Utils.o
                0x080074d4                FreeRTOS_add_int32
 .text.FreeRTOS_multiply_int32
                0x0800752a       0xac ./ThirdParty/FreeRTOS/FreeRTOS-Plus/FreeRTOS-Plus-TCP/Source/FreeRTOS-Plus-TCP/source/FreeRTOS_IP_Utils.o
                0x0800752a                FreeRTOS_multiply_int32
 .text.FreeRTOS_round_up
                0x080075d6       0x5a ./ThirdParty/FreeRTOS/FreeRTOS-Plus/FreeRTOS-Plus-TCP/Source/FreeRTOS-Plus-TCP/source/FreeRTOS_IP_Utils.o
                0x080075d6                FreeRTOS_round_up
 .text.vReleaseSinglePacketFromUDPSocket
                0x08007630       0x3a ./ThirdParty/FreeRTOS/FreeRTOS-Plus/FreeRTOS-Plus-TCP/Source/FreeRTOS-Plus-TCP/source/FreeRTOS_IP_Utils.o
                0x08007630                vReleaseSinglePacketFromUDPSocket
 .text.ulChar2u32
                0x0800766a       0x36 ./ThirdParty/FreeRTOS/FreeRTOS-Plus/FreeRTOS-Plus-TCP/Source/FreeRTOS-Plus-TCP/source/FreeRTOS_IP_Utils.o
                0x0800766a                ulChar2u32
 .text.usChar2u16
                0x080076a0       0x26 ./ThirdParty/FreeRTOS/FreeRTOS-Plus/FreeRTOS-Plus-TCP/Source/FreeRTOS-Plus-TCP/source/FreeRTOS_IP_Utils.o
                0x080076a0                usChar2u16
 .text.eGetDHCPState
                0x080076c6       0x1a ./ThirdParty/FreeRTOS/FreeRTOS-Plus/FreeRTOS-Plus-TCP/Source/FreeRTOS-Plus-TCP/source/FreeRTOS_IP_Utils.o
                0x080076c6                eGetDHCPState
 .text.xCheckIPv4SizeFields
                0x080076e0       0xf2 ./ThirdParty/FreeRTOS/FreeRTOS-Plus/FreeRTOS-Plus-TCP/Source/FreeRTOS-Plus-TCP/source/FreeRTOS_IPv4.o
 .text.xIsIPv4Multicast
                0x080077d2       0x50 ./ThirdParty/FreeRTOS/FreeRTOS-Plus/FreeRTOS-Plus-TCP/Source/FreeRTOS-Plus-TCP/source/FreeRTOS_IPv4.o
                0x080077d2                xIsIPv4Multicast
 .text.xIsIPv4Broadcast
                0x08007822       0x6a ./ThirdParty/FreeRTOS/FreeRTOS-Plus/FreeRTOS-Plus-TCP/Source/FreeRTOS-Plus-TCP/source/FreeRTOS_IPv4.o
                0x08007822                xIsIPv4Broadcast
 .text.xBadIPv4Loopback
                0x0800788c       0x52 ./ThirdParty/FreeRTOS/FreeRTOS-Plus/FreeRTOS-Plus-TCP/Source/FreeRTOS-Plus-TCP/source/FreeRTOS_IPv4.o
                0x0800788c                xBadIPv4Loopback
 .text.xIsIPv4Loopback
                0x080078de       0x4c ./ThirdParty/FreeRTOS/FreeRTOS-Plus/FreeRTOS-Plus-TCP/Source/FreeRTOS-Plus-TCP/source/FreeRTOS_IPv4.o
                0x080078de                xIsIPv4Loopback
 *fill*         0x0800792a        0x2 
 .text.prvAllowIPPacketIPv4
                0x0800792c      0x1e8 ./ThirdParty/FreeRTOS/FreeRTOS-Plus/FreeRTOS-Plus-TCP/Source/FreeRTOS-Plus-TCP/source/FreeRTOS_IPv4.o
                0x0800792c                prvAllowIPPacketIPv4
 .text.prvCheckIP4HeaderOptions
                0x08007b14       0xdc ./ThirdParty/FreeRTOS/FreeRTOS-Plus/FreeRTOS-Plus-TCP/Source/FreeRTOS-Plus-TCP/source/FreeRTOS_IPv4.o
                0x08007b14                prvCheckIP4HeaderOptions
 .text.FreeRTOS_inet_ntop4
                0x08007bf0       0x40 ./ThirdParty/FreeRTOS/FreeRTOS-Plus/FreeRTOS-Plus-TCP/Source/FreeRTOS-Plus-TCP/source/FreeRTOS_IPv4_Sockets.o
                0x08007bf0                FreeRTOS_inet_ntop4
 .text.xSend_UDP_Update_IPv4
                0x08007c30       0x40 ./ThirdParty/FreeRTOS/FreeRTOS-Plus/FreeRTOS-Plus-TCP/Source/FreeRTOS-Plus-TCP/source/FreeRTOS_IPv4_Sockets.o
                0x08007c30                xSend_UDP_Update_IPv4
 .text.xRecv_Update_IPv4
                0x08007c70       0x42 ./ThirdParty/FreeRTOS/FreeRTOS-Plus/FreeRTOS-Plus-TCP/Source/FreeRTOS-Plus-TCP/source/FreeRTOS_IPv4_Sockets.o
                0x08007c70                xRecv_Update_IPv4
 .text.vSetMultiCastIPv4MacAddress
                0x08007cb2       0x6a ./ThirdParty/FreeRTOS/FreeRTOS-Plus/FreeRTOS-Plus-TCP/Source/FreeRTOS-Plus-TCP/source/FreeRTOS_IPv4_Utils.o
                0x08007cb2                vSetMultiCastIPv4MacAddress
 .text.FreeRTOS_FillEndPoint
                0x08007d1c      0x10a ./ThirdParty/FreeRTOS/FreeRTOS-Plus/FreeRTOS-Plus-TCP/Source/FreeRTOS-Plus-TCP/source/FreeRTOS_Routing.o
                0x08007d1c                FreeRTOS_FillEndPoint
 *fill*         0x08007e26        0x2 
 .text.FreeRTOS_AddNetworkInterface
                0x08007e28       0x68 ./ThirdParty/FreeRTOS/FreeRTOS-Plus/FreeRTOS-Plus-TCP/Source/FreeRTOS-Plus-TCP/source/FreeRTOS_Routing.o
                0x08007e28                FreeRTOS_AddNetworkInterface
 .text.FreeRTOS_FirstNetworkInterface
                0x08007e90       0x18 ./ThirdParty/FreeRTOS/FreeRTOS-Plus/FreeRTOS-Plus-TCP/Source/FreeRTOS-Plus-TCP/source/FreeRTOS_Routing.o
                0x08007e90                FreeRTOS_FirstNetworkInterface
 .text.FreeRTOS_NextNetworkInterface
                0x08007ea8       0x28 ./ThirdParty/FreeRTOS/FreeRTOS-Plus/FreeRTOS-Plus-TCP/Source/FreeRTOS-Plus-TCP/source/FreeRTOS_Routing.o
                0x08007ea8                FreeRTOS_NextNetworkInterface
 .text.FreeRTOS_AddEndPoint
                0x08007ed0       0x84 ./ThirdParty/FreeRTOS/FreeRTOS-Plus/FreeRTOS-Plus-TCP/Source/FreeRTOS-Plus-TCP/source/FreeRTOS_Routing.o
 .text.FreeRTOS_FirstEndPoint
                0x08007f54       0x44 ./ThirdParty/FreeRTOS/FreeRTOS-Plus/FreeRTOS-Plus-TCP/Source/FreeRTOS-Plus-TCP/source/FreeRTOS_Routing.o
                0x08007f54                FreeRTOS_FirstEndPoint
 .text.FreeRTOS_NextEndPoint
                0x08007f98       0x52 ./ThirdParty/FreeRTOS/FreeRTOS-Plus/FreeRTOS-Plus-TCP/Source/FreeRTOS-Plus-TCP/source/FreeRTOS_Routing.o
                0x08007f98                FreeRTOS_NextEndPoint
 *fill*         0x08007fea        0x2 
 .text.FreeRTOS_FindEndPointOnIP_IPv4
                0x08007fec       0x40 ./ThirdParty/FreeRTOS/FreeRTOS-Plus/FreeRTOS-Plus-TCP/Source/FreeRTOS-Plus-TCP/source/FreeRTOS_Routing.o
                0x08007fec                FreeRTOS_FindEndPointOnIP_IPv4
 .text.FreeRTOS_FindEndPointOnMAC
                0x0800802c       0x64 ./ThirdParty/FreeRTOS/FreeRTOS-Plus/FreeRTOS-Plus-TCP/Source/FreeRTOS-Plus-TCP/source/FreeRTOS_Routing.o
                0x0800802c                FreeRTOS_FindEndPointOnMAC
 .text.FreeRTOS_FindEndPointOnNetMask
                0x08008090       0x1a ./ThirdParty/FreeRTOS/FreeRTOS-Plus/FreeRTOS-Plus-TCP/Source/FreeRTOS-Plus-TCP/source/FreeRTOS_Routing.o
                0x08008090                FreeRTOS_FindEndPointOnNetMask
 *fill*         0x080080aa        0x2 
 .text.FreeRTOS_InterfaceEndPointOnNetMask
                0x080080ac       0x60 ./ThirdParty/FreeRTOS/FreeRTOS-Plus/FreeRTOS-Plus-TCP/Source/FreeRTOS-Plus-TCP/source/FreeRTOS_Routing.o
                0x080080ac                FreeRTOS_InterfaceEndPointOnNetMask
 .text.pxEasyFit
                0x0800810c      0x126 ./ThirdParty/FreeRTOS/FreeRTOS-Plus/FreeRTOS-Plus-TCP/Source/FreeRTOS-Plus-TCP/source/FreeRTOS_Routing.o
                0x0800810c                pxEasyFit
 .text.FreeRTOS_MatchingEndpoint
                0x08008232      0x134 ./ThirdParty/FreeRTOS/FreeRTOS-Plus/FreeRTOS-Plus-TCP/Source/FreeRTOS-Plus-TCP/source/FreeRTOS_Routing.o
                0x08008232                FreeRTOS_MatchingEndpoint
 *fill*         0x08008366        0x2 
 .text.FreeRTOS_FindGateWay
                0x08008368       0x3c ./ThirdParty/FreeRTOS/FreeRTOS-Plus/FreeRTOS-Plus-TCP/Source/FreeRTOS-Plus-TCP/source/FreeRTOS_Routing.o
                0x08008368                FreeRTOS_FindGateWay
 .text.xCheckRequiresResolution
                0x080083a4       0x2e ./ThirdParty/FreeRTOS/FreeRTOS-Plus/FreeRTOS-Plus-TCP/Source/FreeRTOS-Plus-TCP/source/FreeRTOS_Routing.o
                0x080083a4                xCheckRequiresResolution
 .text.prvValidSocket
                0x080083d2       0x54 ./ThirdParty/FreeRTOS/FreeRTOS-Plus/FreeRTOS-Plus-TCP/Source/FreeRTOS-Plus-TCP/source/FreeRTOS_Sockets.o
 *fill*         0x08008426        0x2 
 .text.vNetworkSocketsInit
                0x08008428       0x1c ./ThirdParty/FreeRTOS/FreeRTOS-Plus/FreeRTOS-Plus-TCP/Source/FreeRTOS-Plus-TCP/source/FreeRTOS_Sockets.o
                0x08008428                vNetworkSocketsInit
 .text.prvDetermineSocketSize
                0x08008444      0x14c ./ThirdParty/FreeRTOS/FreeRTOS-Plus/FreeRTOS-Plus-TCP/Source/FreeRTOS-Plus-TCP/source/FreeRTOS_Sockets.o
 .text.prvInitialiseTCPFields
                0x08008590       0x7c ./ThirdParty/FreeRTOS/FreeRTOS-Plus/FreeRTOS-Plus-TCP/Source/FreeRTOS-Plus-TCP/source/FreeRTOS_Sockets.o
 .text.FreeRTOS_socket
                0x0800860c      0x13c ./ThirdParty/FreeRTOS/FreeRTOS-Plus/FreeRTOS-Plus-TCP/Source/FreeRTOS-Plus-TCP/source/FreeRTOS_Sockets.o
                0x0800860c                FreeRTOS_socket
 .text.prvRecvFromWaitForPacket
                0x08008748       0xce ./ThirdParty/FreeRTOS/FreeRTOS-Plus/FreeRTOS-Plus-TCP/Source/FreeRTOS-Plus-TCP/source/FreeRTOS_Sockets.o
 .text.prvRecvFrom_CopyPacket
                0x08008816       0x4a ./ThirdParty/FreeRTOS/FreeRTOS-Plus/FreeRTOS-Plus-TCP/Source/FreeRTOS-Plus-TCP/source/FreeRTOS_Sockets.o
 .text.FreeRTOS_recvfrom
                0x08008860       0xd4 ./ThirdParty/FreeRTOS/FreeRTOS-Plus/FreeRTOS-Plus-TCP/Source/FreeRTOS-Plus-TCP/source/FreeRTOS_Sockets.o
                0x08008860                FreeRTOS_recvfrom
 .text.prvMakeSureSocketIsBound
                0x08008934       0x40 ./ThirdParty/FreeRTOS/FreeRTOS-Plus/FreeRTOS-Plus-TCP/Source/FreeRTOS-Plus-TCP/source/FreeRTOS_Sockets.o
 .text.prvSendUDPPacket
                0x08008974       0xa0 ./ThirdParty/FreeRTOS/FreeRTOS-Plus/FreeRTOS-Plus-TCP/Source/FreeRTOS-Plus-TCP/source/FreeRTOS_Sockets.o
 .text.prvSendTo_ActualSend
                0x08008a14       0xc6 ./ThirdParty/FreeRTOS/FreeRTOS-Plus/FreeRTOS-Plus-TCP/Source/FreeRTOS-Plus-TCP/source/FreeRTOS_Sockets.o
 .text.FreeRTOS_sendto
                0x08008ada       0xb8 ./ThirdParty/FreeRTOS/FreeRTOS-Plus/FreeRTOS-Plus-TCP/Source/FreeRTOS-Plus-TCP/source/FreeRTOS_Sockets.o
                0x08008ada                FreeRTOS_sendto
 .text.FreeRTOS_bind
                0x08008b92      0x128 ./ThirdParty/FreeRTOS/FreeRTOS-Plus/FreeRTOS-Plus-TCP/Source/FreeRTOS-Plus-TCP/source/FreeRTOS_Sockets.o
                0x08008b92                FreeRTOS_bind
 .text.prvSocketBindAdd
                0x08008cba       0xdc ./ThirdParty/FreeRTOS/FreeRTOS-Plus/FreeRTOS-Plus-TCP/Source/FreeRTOS-Plus-TCP/source/FreeRTOS_Sockets.o
 *fill*         0x08008d96        0x2 
 .text.vSocketBind
                0x08008d98       0xf4 ./ThirdParty/FreeRTOS/FreeRTOS-Plus/FreeRTOS-Plus-TCP/Source/FreeRTOS-Plus-TCP/source/FreeRTOS_Sockets.o
                0x08008d98                vSocketBind
 .text.vSocketClose
                0x08008e8c       0xc4 ./ThirdParty/FreeRTOS/FreeRTOS-Plus/FreeRTOS-Plus-TCP/Source/FreeRTOS-Plus-TCP/source/FreeRTOS_Sockets.o
                0x08008e8c                vSocketClose
 .text.prvTCPSetSocketCount
                0x08008f50       0xd4 ./ThirdParty/FreeRTOS/FreeRTOS-Plus/FreeRTOS-Plus-TCP/Source/FreeRTOS-Plus-TCP/source/FreeRTOS_Sockets.o
 .text.prvSockopt_so_buffer
                0x08009024       0x86 ./ThirdParty/FreeRTOS/FreeRTOS-Plus/FreeRTOS-Plus-TCP/Source/FreeRTOS-Plus-TCP/source/FreeRTOS_Sockets.o
 *fill*         0x080090aa        0x2 
 .text.prvSetOptionCallback
                0x080090ac       0xb4 ./ThirdParty/FreeRTOS/FreeRTOS-Plus/FreeRTOS-Plus-TCP/Source/FreeRTOS-Plus-TCP/source/FreeRTOS_Sockets.o
                0x080090ac                prvSetOptionCallback
 .text.prvSetOptionTCPWindows
                0x08009160       0xb4 ./ThirdParty/FreeRTOS/FreeRTOS-Plus/FreeRTOS-Plus-TCP/Source/FreeRTOS-Plus-TCP/source/FreeRTOS_Sockets.o
 .text.prvSetOptionLowHighWater
                0x08009214       0x58 ./ThirdParty/FreeRTOS/FreeRTOS-Plus/FreeRTOS-Plus-TCP/Source/FreeRTOS-Plus-TCP/source/FreeRTOS_Sockets.o
 .text.prvSetOptionSetFullSize
                0x0800926c       0x72 ./ThirdParty/FreeRTOS/FreeRTOS-Plus/FreeRTOS-Plus-TCP/Source/FreeRTOS-Plus-TCP/source/FreeRTOS_Sockets.o
 .text.prvSetOptionStopRX
                0x080092de       0x6a ./ThirdParty/FreeRTOS/FreeRTOS-Plus/FreeRTOS-Plus-TCP/Source/FreeRTOS-Plus-TCP/source/FreeRTOS_Sockets.o
 .text.prvSetOptionTimeout
                0x08009348       0x46 ./ThirdParty/FreeRTOS/FreeRTOS-Plus/FreeRTOS-Plus-TCP/Source/FreeRTOS-Plus-TCP/source/FreeRTOS_Sockets.o
 .text.prvSetOptionReuseListenSocket
                0x0800938e       0x52 ./ThirdParty/FreeRTOS/FreeRTOS-Plus/FreeRTOS-Plus-TCP/Source/FreeRTOS-Plus-TCP/source/FreeRTOS_Sockets.o
 .text.prvSetOptionCloseAfterSend
                0x080093e0       0x52 ./ThirdParty/FreeRTOS/FreeRTOS-Plus/FreeRTOS-Plus-TCP/Source/FreeRTOS-Plus-TCP/source/FreeRTOS_Sockets.o
 *fill*         0x08009432        0x2 
 .text.FreeRTOS_setsockopt
                0x08009434      0x150 ./ThirdParty/FreeRTOS/FreeRTOS-Plus/FreeRTOS-Plus-TCP/Source/FreeRTOS-Plus-TCP/source/FreeRTOS_Sockets.o
                0x08009434                FreeRTOS_setsockopt
 .text.prvGetPrivatePortNumber
                0x08009584       0xb4 ./ThirdParty/FreeRTOS/FreeRTOS-Plus/FreeRTOS-Plus-TCP/Source/FreeRTOS-Plus-TCP/source/FreeRTOS_Sockets.o
 .text.pxListFindListItemWithValue
                0x08009638       0x54 ./ThirdParty/FreeRTOS/FreeRTOS-Plus/FreeRTOS-Plus-TCP/Source/FreeRTOS-Plus-TCP/source/FreeRTOS_Sockets.o
 .text.pxUDPSocketLookup
                0x0800968c       0x54 ./ThirdParty/FreeRTOS/FreeRTOS-Plus/FreeRTOS-Plus-TCP/Source/FreeRTOS-Plus-TCP/source/FreeRTOS_Sockets.o
                0x0800968c                pxUDPSocketLookup
 .text.FreeRTOS_inet_ntoa
                0x080096e0       0xfc ./ThirdParty/FreeRTOS/FreeRTOS-Plus/FreeRTOS-Plus-TCP/Source/FreeRTOS-Plus-TCP/source/FreeRTOS_Sockets.o
                0x080096e0                FreeRTOS_inet_ntoa
 .text.FreeRTOS_inet_ntop
                0x080097dc       0x32 ./ThirdParty/FreeRTOS/FreeRTOS-Plus/FreeRTOS-Plus-TCP/Source/FreeRTOS-Plus-TCP/source/FreeRTOS_Sockets.o
                0x080097dc                FreeRTOS_inet_ntop
 .text.FreeRTOS_GetLocalAddress
                0x0800980e       0x82 ./ThirdParty/FreeRTOS/FreeRTOS-Plus/FreeRTOS-Plus-TCP/Source/FreeRTOS-Plus-TCP/source/FreeRTOS_Sockets.o
                0x0800980e                FreeRTOS_GetLocalAddress
 .text.vSocketWakeUpUser
                0x08009890       0x36 ./ThirdParty/FreeRTOS/FreeRTOS-Plus/FreeRTOS-Plus-TCP/Source/FreeRTOS-Plus-TCP/source/FreeRTOS_Sockets.o
                0x08009890                vSocketWakeUpUser
 .text.prvAcceptWaitClient
                0x080098c6       0xfa ./ThirdParty/FreeRTOS/FreeRTOS-Plus/FreeRTOS-Plus-TCP/Source/FreeRTOS-Plus-TCP/source/FreeRTOS_Sockets.o
 .text.FreeRTOS_accept
                0x080099c0       0xec ./ThirdParty/FreeRTOS/FreeRTOS-Plus/FreeRTOS-Plus-TCP/Source/FreeRTOS-Plus-TCP/source/FreeRTOS_Sockets.o
                0x080099c0                FreeRTOS_accept
 .text.prvTCPSendCheck
                0x08009aac       0xb2 ./ThirdParty/FreeRTOS/FreeRTOS-Plus/FreeRTOS-Plus-TCP/Source/FreeRTOS-Plus-TCP/source/FreeRTOS_Sockets.o
 .text.prvTCPSendLoop
                0x08009b5e      0x172 ./ThirdParty/FreeRTOS/FreeRTOS-Plus/FreeRTOS-Plus-TCP/Source/FreeRTOS-Plus-TCP/source/FreeRTOS_Sockets.o
 .text.FreeRTOS_send
                0x08009cd0       0x58 ./ThirdParty/FreeRTOS/FreeRTOS-Plus/FreeRTOS-Plus-TCP/Source/FreeRTOS-Plus-TCP/source/FreeRTOS_Sockets.o
                0x08009cd0                FreeRTOS_send
 .text.FreeRTOS_listen
                0x08009d28       0xe2 ./ThirdParty/FreeRTOS/FreeRTOS-Plus/FreeRTOS-Plus-TCP/Source/FreeRTOS-Plus-TCP/source/FreeRTOS_Sockets.o
                0x08009d28                FreeRTOS_listen
 *fill*         0x08009e0a        0x2 
 .text.xTCPTimerCheck
                0x08009e0c       0xec ./ThirdParty/FreeRTOS/FreeRTOS-Plus/FreeRTOS-Plus-TCP/Source/FreeRTOS-Plus-TCP/source/FreeRTOS_Sockets.o
                0x08009e0c                xTCPTimerCheck
 .text.pxTCPSocketLookup
                0x08009ef8       0xa8 ./ThirdParty/FreeRTOS/FreeRTOS-Plus/FreeRTOS-Plus-TCP/Source/FreeRTOS-Plus-TCP/source/FreeRTOS_Sockets.o
                0x08009ef8                pxTCPSocketLookup
 .text.prvTCPCreateStream
                0x08009fa0      0x110 ./ThirdParty/FreeRTOS/FreeRTOS-Plus/FreeRTOS-Plus-TCP/Source/FreeRTOS-Plus-TCP/source/FreeRTOS_Sockets.o
 .text.vTCPAddRxdata_Callback
                0x0800a0b0       0x6e ./ThirdParty/FreeRTOS/FreeRTOS-Plus/FreeRTOS-Plus-TCP/Source/FreeRTOS-Plus-TCP/source/FreeRTOS_Sockets.o
 .text.vTCPAddRxdata_Stored
                0x0800a11e       0x6e ./ThirdParty/FreeRTOS/FreeRTOS-Plus/FreeRTOS-Plus-TCP/Source/FreeRTOS-Plus-TCP/source/FreeRTOS_Sockets.o
 .text.lTCPAddRxdata
                0x0800a18c       0xb0 ./ThirdParty/FreeRTOS/FreeRTOS-Plus/FreeRTOS-Plus-TCP/Source/FreeRTOS-Plus-TCP/source/FreeRTOS_Sockets.o
                0x0800a18c                lTCPAddRxdata
 .text.FreeRTOS_tx_size
                0x0800a23c       0x48 ./ThirdParty/FreeRTOS/FreeRTOS-Plus/FreeRTOS-Plus-TCP/Source/FreeRTOS-Plus-TCP/source/FreeRTOS_Sockets.o
                0x0800a23c                FreeRTOS_tx_size
 .text.FreeRTOS_issocketconnected
                0x0800a284       0x48 ./ThirdParty/FreeRTOS/FreeRTOS-Plus/FreeRTOS-Plus-TCP/Source/FreeRTOS-Plus-TCP/source/FreeRTOS_Sockets.o
                0x0800a284                FreeRTOS_issocketconnected
 .text.xSocketValid
                0x0800a2cc       0x2c ./ThirdParty/FreeRTOS/FreeRTOS-Plus/FreeRTOS-Plus-TCP/Source/FreeRTOS-Plus-TCP/source/FreeRTOS_Sockets.o
                0x0800a2cc                xSocketValid
 .text.uxStreamBufferSpace
                0x0800a2f8       0x3e ./ThirdParty/FreeRTOS/FreeRTOS-Plus/FreeRTOS-Plus-TCP/Source/FreeRTOS-Plus-TCP/source/FreeRTOS_Stream_Buffer.o
                0x0800a2f8                uxStreamBufferSpace
 .text.uxStreamBufferDistance
                0x0800a336       0x3c ./ThirdParty/FreeRTOS/FreeRTOS-Plus/FreeRTOS-Plus-TCP/Source/FreeRTOS-Plus-TCP/source/FreeRTOS_Stream_Buffer.o
                0x0800a336                uxStreamBufferDistance
 .text.uxStreamBufferGetSpace
                0x0800a372       0x22 ./ThirdParty/FreeRTOS/FreeRTOS-Plus/FreeRTOS-Plus-TCP/Source/FreeRTOS-Plus-TCP/source/FreeRTOS_Stream_Buffer.o
                0x0800a372                uxStreamBufferGetSpace
 .text.uxStreamBufferFrontSpace
                0x0800a394       0x22 ./ThirdParty/FreeRTOS/FreeRTOS-Plus/FreeRTOS-Plus-TCP/Source/FreeRTOS-Plus-TCP/source/FreeRTOS_Stream_Buffer.o
                0x0800a394                uxStreamBufferFrontSpace
 .text.uxStreamBufferGetSize
                0x0800a3b6       0x22 ./ThirdParty/FreeRTOS/FreeRTOS-Plus/FreeRTOS-Plus-TCP/Source/FreeRTOS-Plus-TCP/source/FreeRTOS_Stream_Buffer.o
                0x0800a3b6                uxStreamBufferGetSize
 .text.uxStreamBufferMidSpace
                0x0800a3d8       0x22 ./ThirdParty/FreeRTOS/FreeRTOS-Plus/FreeRTOS-Plus-TCP/Source/FreeRTOS-Plus-TCP/source/FreeRTOS_Stream_Buffer.o
                0x0800a3d8                uxStreamBufferMidSpace
 .text.vStreamBufferClear
                0x0800a3fa       0x2c ./ThirdParty/FreeRTOS/FreeRTOS-Plus/FreeRTOS-Plus-TCP/Source/FreeRTOS-Plus-TCP/source/FreeRTOS_Stream_Buffer.o
                0x0800a3fa                vStreamBufferClear
 .text.vStreamBufferMoveMid
                0x0800a426       0x54 ./ThirdParty/FreeRTOS/FreeRTOS-Plus/FreeRTOS-Plus-TCP/Source/FreeRTOS-Plus-TCP/source/FreeRTOS_Stream_Buffer.o
                0x0800a426                vStreamBufferMoveMid
 .text.xStreamBufferLessThenEqual
                0x0800a47a       0x38 ./ThirdParty/FreeRTOS/FreeRTOS-Plus/FreeRTOS-Plus-TCP/Source/FreeRTOS-Plus-TCP/source/FreeRTOS_Stream_Buffer.o
                0x0800a47a                xStreamBufferLessThenEqual
 .text.uxStreamBufferGetPtr
                0x0800a4b2       0x40 ./ThirdParty/FreeRTOS/FreeRTOS-Plus/FreeRTOS-Plus-TCP/Source/FreeRTOS-Plus-TCP/source/FreeRTOS_Stream_Buffer.o
                0x0800a4b2                uxStreamBufferGetPtr
 .text.uxStreamBufferAdd
                0x0800a4f2      0x100 ./ThirdParty/FreeRTOS/FreeRTOS-Plus/FreeRTOS-Plus-TCP/Source/FreeRTOS-Plus-TCP/source/FreeRTOS_Stream_Buffer.o
                0x0800a4f2                uxStreamBufferAdd
 .text.uxStreamBufferGet
                0x0800a5f2       0xe4 ./ThirdParty/FreeRTOS/FreeRTOS-Plus/FreeRTOS-Plus-TCP/Source/FreeRTOS-Plus-TCP/source/FreeRTOS_Stream_Buffer.o
                0x0800a5f2                uxStreamBufferGet
 *fill*         0x0800a6d6        0x2 
 .text.vSocketCloseNextTime
                0x0800a6d8       0x38 ./ThirdParty/FreeRTOS/FreeRTOS-Plus/FreeRTOS-Plus-TCP/Source/FreeRTOS-Plus-TCP/source/FreeRTOS_TCP_IP.o
                0x0800a6d8                vSocketCloseNextTime
 .text.vSocketListenNextTime
                0x0800a710       0x40 ./ThirdParty/FreeRTOS/FreeRTOS-Plus/FreeRTOS-Plus-TCP/Source/FreeRTOS-Plus-TCP/source/FreeRTOS_TCP_IP.o
                0x0800a710                vSocketListenNextTime
 .text.xTCPSocketCheck
                0x0800a750       0xe4 ./ThirdParty/FreeRTOS/FreeRTOS-Plus/FreeRTOS-Plus-TCP/Source/FreeRTOS-Plus-TCP/source/FreeRTOS_TCP_IP.o
                0x0800a750                xTCPSocketCheck
 .text.prvTCPTouchSocket
                0x0800a834       0x1a ./ThirdParty/FreeRTOS/FreeRTOS-Plus/FreeRTOS-Plus-TCP/Source/FreeRTOS-Plus-TCP/source/FreeRTOS_TCP_IP.o
                0x0800a834                prvTCPTouchSocket
 *fill*         0x0800a84e        0x2 
 .text.vTCPRemoveTCPChild
                0x0800a850       0x6c ./ThirdParty/FreeRTOS/FreeRTOS-Plus/FreeRTOS-Plus-TCP/Source/FreeRTOS-Plus-TCP/source/FreeRTOS_TCP_IP.o
 .text.vTCPStateChange
                0x0800a8bc      0x2a6 ./ThirdParty/FreeRTOS/FreeRTOS-Plus/FreeRTOS-Plus-TCP/Source/FreeRTOS-Plus-TCP/source/FreeRTOS_TCP_IP.o
                0x0800a8bc                vTCPStateChange
 .text.prvTCPNextTimeout
                0x0800ab62      0x2f4 ./ThirdParty/FreeRTOS/FreeRTOS-Plus/FreeRTOS-Plus-TCP/Source/FreeRTOS-Plus-TCP/source/FreeRTOS_TCP_IP.o
                0x0800ab62                prvTCPNextTimeout
 .text.xGetSourceAddrFromBuffer
                0x0800ae56       0x86 ./ThirdParty/FreeRTOS/FreeRTOS-Plus/FreeRTOS-Plus-TCP/Source/FreeRTOS-Plus-TCP/source/FreeRTOS_TCP_IP.o
 .text.xProcessReceivedTCPPacket
                0x0800aedc      0x394 ./ThirdParty/FreeRTOS/FreeRTOS-Plus/FreeRTOS-Plus-TCP/Source/FreeRTOS-Plus-TCP/source/FreeRTOS_TCP_IP.o
                0x0800aedc                xProcessReceivedTCPPacket
 .text.xTCPCheckNewClient
                0x0800b270       0x90 ./ThirdParty/FreeRTOS/FreeRTOS-Plus/FreeRTOS-Plus-TCP/Source/FreeRTOS-Plus-TCP/source/FreeRTOS_TCP_IP.o
                0x0800b270                xTCPCheckNewClient
 .text.prvCheckOptions
                0x0800b300       0xc6 ./ThirdParty/FreeRTOS/FreeRTOS-Plus/FreeRTOS-Plus-TCP/Source/FreeRTOS-Plus-TCP/source/FreeRTOS_TCP_Reception.o
                0x0800b300                prvCheckOptions
 .text.prvSingleStepTCPHeaderOptions
                0x0800b3c6      0x1d4 ./ThirdParty/FreeRTOS/FreeRTOS-Plus/FreeRTOS-Plus-TCP/Source/FreeRTOS-Plus-TCP/source/FreeRTOS_TCP_Reception.o
 .text.prvReadSackOption
                0x0800b59a       0x8a ./ThirdParty/FreeRTOS/FreeRTOS-Plus/FreeRTOS-Plus-TCP/Source/FreeRTOS-Plus-TCP/source/FreeRTOS_TCP_Reception.o
 .text.prvCheckRxData
                0x0800b624      0x116 ./ThirdParty/FreeRTOS/FreeRTOS-Plus/FreeRTOS-Plus-TCP/Source/FreeRTOS-Plus-TCP/source/FreeRTOS_TCP_Reception.o
                0x0800b624                prvCheckRxData
 .text.prvStoreRxData
                0x0800b73a      0x122 ./ThirdParty/FreeRTOS/FreeRTOS-Plus/FreeRTOS-Plus-TCP/Source/FreeRTOS-Plus-TCP/source/FreeRTOS_TCP_Reception.o
                0x0800b73a                prvStoreRxData
 .text.prvTCPSocketIsActive
                0x0800b85c       0x4e ./ThirdParty/FreeRTOS/FreeRTOS-Plus/FreeRTOS-Plus-TCP/Source/FreeRTOS-Plus-TCP/source/FreeRTOS_TCP_State_Handling.o
                0x0800b85c                prvTCPSocketIsActive
 .text.prvTCPStatusAgeCheck
                0x0800b8aa       0x80 ./ThirdParty/FreeRTOS/FreeRTOS-Plus/FreeRTOS-Plus-TCP/Source/FreeRTOS-Plus-TCP/source/FreeRTOS_TCP_State_Handling.o
                0x0800b8aa                prvTCPStatusAgeCheck
 .text.prvTCPHandleFin
                0x0800b92a      0x16c ./ThirdParty/FreeRTOS/FreeRTOS-Plus/FreeRTOS-Plus-TCP/Source/FreeRTOS-Plus-TCP/source/FreeRTOS_TCP_State_Handling.o
 .text.prvHandleSynReceived
                0x0800ba96      0x22a ./ThirdParty/FreeRTOS/FreeRTOS-Plus/FreeRTOS-Plus-TCP/Source/FreeRTOS-Plus-TCP/source/FreeRTOS_TCP_State_Handling.o
 .text.prvHandleEstablished
                0x0800bcc0      0x262 ./ThirdParty/FreeRTOS/FreeRTOS-Plus/FreeRTOS-Plus-TCP/Source/FreeRTOS-Plus-TCP/source/FreeRTOS_TCP_State_Handling.o
 *fill*         0x0800bf22        0x2 
 .text.prvTCPHandleState
                0x0800bf24      0x254 ./ThirdParty/FreeRTOS/FreeRTOS-Plus/FreeRTOS-Plus-TCP/Source/FreeRTOS-Plus-TCP/source/FreeRTOS_TCP_State_Handling.o
                0x0800bf24                prvTCPHandleState
 .text.prvHandleListen
                0x0800c178       0x32 ./ThirdParty/FreeRTOS/FreeRTOS-Plus/FreeRTOS-Plus-TCP/Source/FreeRTOS-Plus-TCP/source/FreeRTOS_TCP_State_Handling.o
                0x0800c178                prvHandleListen
 .text.prvTCPSocketCopy
                0x0800c1aa       0xf2 ./ThirdParty/FreeRTOS/FreeRTOS-Plus/FreeRTOS-Plus-TCP/Source/FreeRTOS-Plus-TCP/source/FreeRTOS_TCP_State_Handling.o
                0x0800c1aa                prvTCPSocketCopy
 .text.prvHandleListen_IPV4
                0x0800c29c      0x20c ./ThirdParty/FreeRTOS/FreeRTOS-Plus/FreeRTOS-Plus-TCP/Source/FreeRTOS-Plus-TCP/source/FreeRTOS_TCP_State_Handling_IPv4.o
                0x0800c29c                prvHandleListen_IPV4
 .text.prvTCPMakeSurePrepared
                0x0800c4a8       0x36 ./ThirdParty/FreeRTOS/FreeRTOS-Plus/FreeRTOS-Plus-TCP/Source/FreeRTOS-Plus-TCP/source/FreeRTOS_TCP_Transmission.o
 .text.prvTCPSendPacket
                0x0800c4de       0xc6 ./ThirdParty/FreeRTOS/FreeRTOS-Plus/FreeRTOS-Plus-TCP/Source/FreeRTOS-Plus-TCP/source/FreeRTOS_TCP_Transmission.o
                0x0800c4de                prvTCPSendPacket
 .text.prvTCPSendRepeated
                0x0800c5a4       0x60 ./ThirdParty/FreeRTOS/FreeRTOS-Plus/FreeRTOS-Plus-TCP/Source/FreeRTOS-Plus-TCP/source/FreeRTOS_TCP_Transmission.o
                0x0800c5a4                prvTCPSendRepeated
 .text.prvTCPReturnPacket
                0x0800c604       0x58 ./ThirdParty/FreeRTOS/FreeRTOS-Plus/FreeRTOS-Plus-TCP/Source/FreeRTOS-Plus-TCP/source/FreeRTOS_TCP_Transmission.o
                0x0800c604                prvTCPReturnPacket
 .text.prvTCPReturn_CheckTCPWindow
                0x0800c65c       0xf2 ./ThirdParty/FreeRTOS/FreeRTOS-Plus/FreeRTOS-Plus-TCP/Source/FreeRTOS-Plus-TCP/source/FreeRTOS_TCP_Transmission.o
                0x0800c65c                prvTCPReturn_CheckTCPWindow
 .text.prvTCPReturn_SetSequenceNumber
                0x0800c74e       0xc0 ./ThirdParty/FreeRTOS/FreeRTOS-Plus/FreeRTOS-Plus-TCP/Source/FreeRTOS-Plus-TCP/source/FreeRTOS_TCP_Transmission.o
                0x0800c74e                prvTCPReturn_SetSequenceNumber
 .text.prvTCPCreateWindow
                0x0800c80e       0x5c ./ThirdParty/FreeRTOS/FreeRTOS-Plus/FreeRTOS-Plus-TCP/Source/FreeRTOS-Plus-TCP/source/FreeRTOS_TCP_Transmission.o
                0x0800c80e                prvTCPCreateWindow
 .text.prvTCPPrepareConnect
                0x0800c86a       0x30 ./ThirdParty/FreeRTOS/FreeRTOS-Plus/FreeRTOS-Plus-TCP/Source/FreeRTOS-Plus-TCP/source/FreeRTOS_TCP_Transmission.o
 .text.prvWinScaleFactor
                0x0800c89a       0x42 ./ThirdParty/FreeRTOS/FreeRTOS-Plus/FreeRTOS-Plus-TCP/Source/FreeRTOS-Plus-TCP/source/FreeRTOS_TCP_Transmission.o
 .text.prvSetSynAckOptions
                0x0800c8dc       0xa2 ./ThirdParty/FreeRTOS/FreeRTOS-Plus/FreeRTOS-Plus-TCP/Source/FreeRTOS-Plus-TCP/source/FreeRTOS_TCP_Transmission.o
                0x0800c8dc                prvSetSynAckOptions
 *fill*         0x0800c97e        0x2 
 .text.prvTCPBufferResize
                0x0800c980      0x104 ./ThirdParty/FreeRTOS/FreeRTOS-Plus/FreeRTOS-Plus-TCP/Source/FreeRTOS-Plus-TCP/source/FreeRTOS_TCP_Transmission.o
                0x0800c980                prvTCPBufferResize
 .text.prvTCPReturn_SetEndPoint
                0x0800ca84       0x5a ./ThirdParty/FreeRTOS/FreeRTOS-Plus/FreeRTOS-Plus-TCP/Source/FreeRTOS-Plus-TCP/source/FreeRTOS_TCP_Transmission.o
                0x0800ca84                prvTCPReturn_SetEndPoint
 .text.prvTCPPrepareSend
                0x0800cade      0x25e ./ThirdParty/FreeRTOS/FreeRTOS-Plus/FreeRTOS-Plus-TCP/Source/FreeRTOS-Plus-TCP/source/FreeRTOS_TCP_Transmission.o
                0x0800cade                prvTCPPrepareSend
 .text.prvTCPAddTxData
                0x0800cd3c       0x5c ./ThirdParty/FreeRTOS/FreeRTOS-Plus/FreeRTOS-Plus-TCP/Source/FreeRTOS-Plus-TCP/source/FreeRTOS_TCP_Transmission.o
                0x0800cd3c                prvTCPAddTxData
 .text.prvSetOptions
                0x0800cd98       0xcc ./ThirdParty/FreeRTOS/FreeRTOS-Plus/FreeRTOS-Plus-TCP/Source/FreeRTOS-Plus-TCP/source/FreeRTOS_TCP_Transmission.o
                0x0800cd98                prvSetOptions
 .text.prvSendData
                0x0800ce64      0x16c ./ThirdParty/FreeRTOS/FreeRTOS-Plus/FreeRTOS-Plus-TCP/Source/FreeRTOS-Plus-TCP/source/FreeRTOS_TCP_Transmission.o
                0x0800ce64                prvSendData
 .text.prvTCPSendSpecialPacketHelper
                0x0800cfd0       0x3a ./ThirdParty/FreeRTOS/FreeRTOS-Plus/FreeRTOS-Plus-TCP/Source/FreeRTOS-Plus-TCP/source/FreeRTOS_TCP_Transmission.o
                0x0800cfd0                prvTCPSendSpecialPacketHelper
 .text.prvTCPSendChallengeAck
                0x0800d00a       0x74 ./ThirdParty/FreeRTOS/FreeRTOS-Plus/FreeRTOS-Plus-TCP/Source/FreeRTOS-Plus-TCP/source/FreeRTOS_TCP_Transmission.o
                0x0800d00a                prvTCPSendChallengeAck
 .text.prvTCPSendReset
                0x0800d07e       0x1a ./ThirdParty/FreeRTOS/FreeRTOS-Plus/FreeRTOS-Plus-TCP/Source/FreeRTOS-Plus-TCP/source/FreeRTOS_TCP_Transmission.o
                0x0800d07e                prvTCPSendReset
 .text.prvTCPReturnPacket_IPV4
                0x0800d098      0x398 ./ThirdParty/FreeRTOS/FreeRTOS-Plus/FreeRTOS-Plus-TCP/Source/FreeRTOS-Plus-TCP/source/FreeRTOS_TCP_Transmission_IPv4.o
                0x0800d098                prvTCPReturnPacket_IPV4
 .text.prvTCPPrepareConnect_IPV4
                0x0800d430      0x1d4 ./ThirdParty/FreeRTOS/FreeRTOS-Plus/FreeRTOS-Plus-TCP/Source/FreeRTOS-Plus-TCP/source/FreeRTOS_TCP_Transmission_IPv4.o
                0x0800d430                prvTCPPrepareConnect_IPV4
 .text.prvTCPSendSpecialPktHelper_IPV4
                0x0800d604       0xa8 ./ThirdParty/FreeRTOS/FreeRTOS-Plus/FreeRTOS-Plus-TCP/Source/FreeRTOS-Plus-TCP/source/FreeRTOS_TCP_Transmission_IPv4.o
                0x0800d604                prvTCPSendSpecialPktHelper_IPV4
 .text.prvSocketSetMSS
                0x0800d6ac       0x28 ./ThirdParty/FreeRTOS/FreeRTOS-Plus/FreeRTOS-Plus-TCP/Source/FreeRTOS-Plus-TCP/source/FreeRTOS_TCP_Utils.o
                0x0800d6ac                prvSocketSetMSS
 .text.prvSocketSetMSS_IPV4
                0x0800d6d4       0x74 ./ThirdParty/FreeRTOS/FreeRTOS-Plus/FreeRTOS-Plus-TCP/Source/FreeRTOS-Plus-TCP/source/FreeRTOS_TCP_Utils_IPv4.o
                0x0800d6d4                prvSocketSetMSS_IPV4
 .text.xSequenceLessThanOrEqual
                0x0800d748       0x2a ./ThirdParty/FreeRTOS/FreeRTOS-Plus/FreeRTOS-Plus-TCP/Source/FreeRTOS-Plus-TCP/source/FreeRTOS_TCP_WIN.o
 .text.xSequenceLessThan
                0x0800d772       0x2c ./ThirdParty/FreeRTOS/FreeRTOS-Plus/FreeRTOS-Plus-TCP/Source/FreeRTOS-Plus-TCP/source/FreeRTOS_TCP_WIN.o
                0x0800d772                xSequenceLessThan
 .text.xSequenceGreaterThan
                0x0800d79e       0x2c ./ThirdParty/FreeRTOS/FreeRTOS-Plus/FreeRTOS-Plus-TCP/Source/FreeRTOS-Plus-TCP/source/FreeRTOS_TCP_WIN.o
                0x0800d79e                xSequenceGreaterThan
 .text.xSequenceGreaterThanOrEqual
                0x0800d7ca       0x2a ./ThirdParty/FreeRTOS/FreeRTOS-Plus/FreeRTOS-Plus-TCP/Source/FreeRTOS-Plus-TCP/source/FreeRTOS_TCP_WIN.o
 .text.vListInsertFifo
                0x0800d7f4       0x20 ./ThirdParty/FreeRTOS/FreeRTOS-Plus/FreeRTOS-Plus-TCP/Source/FreeRTOS-Plus-TCP/source/FreeRTOS_TCP_WIN.o
 .text.vTCPTimerSet
                0x0800d814       0x1a ./ThirdParty/FreeRTOS/FreeRTOS-Plus/FreeRTOS-Plus-TCP/Source/FreeRTOS-Plus-TCP/source/FreeRTOS_TCP_WIN.o
 .text.ulTimerGetAge
                0x0800d82e       0x96 ./ThirdParty/FreeRTOS/FreeRTOS-Plus/FreeRTOS-Plus-TCP/Source/FreeRTOS-Plus-TCP/source/FreeRTOS_TCP_WIN.o
 .text.vListInsertGeneric
                0x0800d8c4       0x44 ./ThirdParty/FreeRTOS/FreeRTOS-Plus/FreeRTOS-Plus-TCP/Source/FreeRTOS-Plus-TCP/source/FreeRTOS_TCP_WIN.o
 .text.prvCreateSectors
                0x0800d908       0xa0 ./ThirdParty/FreeRTOS/FreeRTOS-Plus/FreeRTOS-Plus-TCP/Source/FreeRTOS-Plus-TCP/source/FreeRTOS_TCP_WIN.o
 .text.xTCPWindowRxFind
                0x0800d9a8       0x4e ./ThirdParty/FreeRTOS/FreeRTOS-Plus/FreeRTOS-Plus-TCP/Source/FreeRTOS-Plus-TCP/source/FreeRTOS_TCP_WIN.o
 *fill*         0x0800d9f6        0x2 
 .text.xTCPWindowNew
                0x0800d9f8       0xd8 ./ThirdParty/FreeRTOS/FreeRTOS-Plus/FreeRTOS-Plus-TCP/Source/FreeRTOS-Plus-TCP/source/FreeRTOS_TCP_WIN.o
 .text.xTCPWindowRxEmpty
                0x0800dad0       0x44 ./ThirdParty/FreeRTOS/FreeRTOS-Plus/FreeRTOS-Plus-TCP/Source/FreeRTOS-Plus-TCP/source/FreeRTOS_TCP_WIN.o
                0x0800dad0                xTCPWindowRxEmpty
 .text.xTCPWindowGetHead
                0x0800db14       0x32 ./ThirdParty/FreeRTOS/FreeRTOS-Plus/FreeRTOS-Plus-TCP/Source/FreeRTOS-Plus-TCP/source/FreeRTOS_TCP_WIN.o
 .text.xTCPWindowPeekHead
                0x0800db46       0x30 ./ThirdParty/FreeRTOS/FreeRTOS-Plus/FreeRTOS-Plus-TCP/Source/FreeRTOS-Plus-TCP/source/FreeRTOS_TCP_WIN.o
 *fill*         0x0800db76        0x2 
 .text.vTCPWindowFree
                0x0800db78       0x58 ./ThirdParty/FreeRTOS/FreeRTOS-Plus/FreeRTOS-Plus-TCP/Source/FreeRTOS-Plus-TCP/source/FreeRTOS_TCP_WIN.o
 .text.vTCPWindowDestroy
                0x0800dbd0       0x5a ./ThirdParty/FreeRTOS/FreeRTOS-Plus/FreeRTOS-Plus-TCP/Source/FreeRTOS-Plus-TCP/source/FreeRTOS_TCP_WIN.o
                0x0800dbd0                vTCPWindowDestroy
 *fill*         0x0800dc2a        0x2 
 .text.xTCPWindowCreate
                0x0800dc2c       0x78 ./ThirdParty/FreeRTOS/FreeRTOS-Plus/FreeRTOS-Plus-TCP/Source/FreeRTOS-Plus-TCP/source/FreeRTOS_TCP_WIN.o
                0x0800dc2c                xTCPWindowCreate
 .text.vTCPWindowInit
                0x0800dca4       0xb6 ./ThirdParty/FreeRTOS/FreeRTOS-Plus/FreeRTOS-Plus-TCP/Source/FreeRTOS-Plus-TCP/source/FreeRTOS_TCP_WIN.o
                0x0800dca4                vTCPWindowInit
 .text.xTCPWindowRxConfirm
                0x0800dd5a       0x96 ./ThirdParty/FreeRTOS/FreeRTOS-Plus/FreeRTOS-Plus-TCP/Source/FreeRTOS-Plus-TCP/source/FreeRTOS_TCP_WIN.o
 .text.prvTCPWindowRx_ExpectedRX
                0x0800ddf0       0x8a ./ThirdParty/FreeRTOS/FreeRTOS-Plus/FreeRTOS-Plus-TCP/Source/FreeRTOS-Plus-TCP/source/FreeRTOS_TCP_WIN.o
 *fill*         0x0800de7a        0x2 
 .text.prvTCPWindowRx_UnexpectedRX
                0x0800de7c       0xe0 ./ThirdParty/FreeRTOS/FreeRTOS-Plus/FreeRTOS-Plus-TCP/Source/FreeRTOS-Plus-TCP/source/FreeRTOS_TCP_WIN.o
 .text.lTCPWindowRxCheck