Archive member included to satisfy reference by file (symbol)

C:/ST/STM32CubeIDE_1.17.0/STM32CubeIDE/plugins/com.st.stm32cube.ide.mcu.externaltools.gnu-tools-for-stm32.14.3.rel1.win32_1.0.100.202602081740/tools/bin/../lib/gcc/arm-none-eabi/14.3.1/../../../../arm-none-eabi/lib/thumb/v7e-m+dp/hard\libc_nano.a(libc_a-exit.o)
                              C:/ST/STM32CubeIDE_1.17.0/STM32CubeIDE/plugins/com.st.stm32cube.ide.mcu.externaltools.gnu-tools-for-stm32.14.3.rel1.win32_1.0.100.202602081740/tools/bin/../lib/gcc/arm-none-eabi/14.3.1/../../../../arm-none-eabi/lib/thumb/v7e-m+dp/hard/crt0.o (exit)
C:/ST/STM32CubeIDE_1.17.0/STM32CubeIDE/plugins/com.st.stm32cube.ide.mcu.externaltools.gnu-tools-for-stm32.14.3.rel1.win32_1.0.100.202602081740/tools/bin/../lib/gcc/arm-none-eabi/14.3.1/../../../../arm-none-eabi/lib/thumb/v7e-m+dp/hard\libc_nano.a(libc_a-findfp.o)
                              C:/ST/STM32CubeIDE_1.17.0/STM32CubeIDE/plugins/com.st.stm32cube.ide.mcu.externaltools.gnu-tools-for-stm32.14.3.rel1.win32_1.0.100.202602081740/tools/bin/../lib/gcc/arm-none-eabi/14.3.1/../../../../arm-none-eabi/lib/thumb/v7e-m+dp/hard\libc_nano.a(libc_a-exit.o) (__stdio_exit_handler)
C:/ST/STM32CubeIDE_1.17.0/STM32CubeIDE/plugins/com.st.stm32cube.ide.mcu.externaltools.gnu-tools-for-stm32.14.3.rel1.win32_1.0.100.202602081740/tools/bin/../lib/gcc/arm-none-eabi/14.3.1/../../../../arm-none-eabi/lib/thumb/v7e-m+dp/hard\libc_nano.a(libc_a-fwalk.o)
                              C:/ST/STM32CubeIDE_1.17.0/STM32CubeIDE/plugins/com.st.stm32cube.ide.mcu.externaltools.gnu-tools-for-stm32.14.3.rel1.win32_1.0.100.202602081740/tools/bin/../lib/gcc/arm-none-eabi/14.3.1/../../../../arm-none-eabi/lib/thumb/v7e-m+dp/hard\libc_nano.a(libc_a-findfp.o) (_fwalk_sglue)
C:/ST/STM32CubeIDE_1.17.0/STM32CubeIDE/plugins/com.st.stm32cube.ide.mcu.externaltools.gnu-tools-for-stm32.14.3.rel1.win32_1.0.100.202602081740/tools/bin/../lib/gcc/arm-none-eabi/14.3.1/../../../../arm-none-eabi/lib/thumb/v7e-m+dp/hard\libc_nano.a(libc_a-snprintf.o)
                              ./ThirdParty/FreeRTOS/tasks.o (snprintf)
C:/ST/STM32CubeIDE_1.17.0/STM32CubeIDE/plugins/com.st.stm32cube.ide.mcu.externaltools.gnu-tools-for-stm32.14.3.rel1.win32_1.0.100.202602081740/tools/bin/../lib/gcc/arm-none-eabi/14.3.1/../../../../arm-none-eabi/lib/thumb/v7e-m+dp/hard\libc_nano.a(libc_a-stdio.o)
                              C:/ST/STM32CubeIDE_1.17.0/STM32CubeIDE/plugins/com.st.stm32cube.ide.mcu.externaltools.gnu-tools-for-stm32.14.3.rel1.win32_1.0.100.202602081740/tools/bin/../lib/gcc/arm-none-eabi/14.3.1/../../../../arm-none-eabi/lib/thumb/v7e-m+dp/hard\libc_nano.a(libc_a-findfp.o) (__sread)
C:/ST/STM32CubeIDE_1.17.0/STM32CubeIDE/plugins/com.st.stm32cube.ide.mcu.externaltools.gnu-tools-for-stm32.14.3.rel1.win32_1.0.100.202602081740/tools/bin/../lib/gcc/arm-none-eabi/14.3.1/../../../../arm-none-eabi/lib/thumb/v7e-m+dp/hard\libc_nano.a(libc_a-memcmp.o)
                              ./ThirdParty/FreeRTOS-Plus-TCP/FreeRTOS_ARP.o (memcmp)
C:/ST/STM32CubeIDE_1.17.0/STM32CubeIDE/plugins/com.st.stm32cube.ide.mcu.externaltools.gnu-tools-for-stm32.14.3.rel1.win32_1.0.100.202602081740/tools/bin/../lib/gcc/arm-none-eabi/14.3.1/../../../../arm-none-eabi/lib/thumb/v7e-m+dp/hard\libc_nano.a(libc_a-memmove.o)
                              ./ThirdParty/FreeRTOS-Plus-TCP/FreeRTOS_DHCP.o (memmove)
C:/ST/STM32CubeIDE_1.17.0/STM32CubeIDE/plugins/com.st.stm32cube.ide.mcu.externaltools.gnu-tools-for-stm32.14.3.rel1.win32_1.0.100.202602081740/tools/bin/../lib/gcc/arm-none-eabi/14.3.1/../../../../arm-none-eabi/lib/thumb/v7e-m+dp/hard\libc_nano.a(libc_a-memset.o)
                              C:/ST/STM32CubeIDE_1.17.0/STM32CubeIDE/plugins/com.st.stm32cube.ide.mcu.externaltools.gnu-tools-for-stm32.14.3.rel1.win32_1.0.100.202602081740/tools/bin/../lib/gcc/arm-none-eabi/14.3.1/../../../../arm-none-eabi/lib/thumb/v7e-m+dp/hard/crt0.o (memset)
C:/ST/STM32CubeIDE_1.17.0/STM32CubeIDE/plugins/com.st.stm32cube.ide.mcu.externaltools.gnu-tools-for-stm32.14.3.rel1.win32_1.0.100.202602081740/tools/bin/../lib/gcc/arm-none-eabi/14.3.1/../../../../arm-none-eabi/lib/thumb/v7e-m+dp/hard\libc_nano.a(libc_a-strchr.o)
                              ./ThirdParty/FreeRTOS-Plus-TCP/FreeRTOS_DNS.o (strchr)
C:/ST/STM32CubeIDE_1.17.0/STM32CubeIDE/plugins/com.st.stm32cube.ide.mcu.externaltools.gnu-tools-for-stm32.14.3.rel1.win32_1.0.100.202602081740/tools/bin/../lib/gcc/arm-none-eabi/14.3.1/../../../../arm-none-eabi/lib/thumb/v7e-m+dp/hard\libc_nano.a(libc_a-strncpy.o)
                              ./ThirdParty/FreeRTOS-Plus-TCP/FreeRTOS_DNS.o (strncpy)
C:/ST/STM32CubeIDE_1.17.0/STM32CubeIDE/plugins/com.st.stm32cube.ide.mcu.externaltools.gnu-tools-for-stm32.14.3.rel1.win32_1.0.100.202602081740/tools/bin/../lib/gcc/arm-none-eabi/14.3.1/../../../../arm-none-eabi/lib/thumb/v7e-m+dp/hard\libc_nano.a(libc_a-closer.o)
[...]
Memory Configuration

Name             Origin             Length             Attributes
FLASH            0x08000000         0x00200000         xr
DTCM             0x20000000         0x00020000         rw
SRAM1            0x20020000         0x0005c000         xrw
SRAM2            0x2007c000         0x00004000         rw
*default*        0x00000000         0xffffffff

Linker script and memory map

LOAD C:/ST/STM32CubeIDE_1.17.0/STM32CubeIDE/plugins/com.st.stm32cube.ide.mcu.externaltools.gnu-tools-for-stm32.14.3.rel1.win32_1.0.100.202602081740/tools/bin/../lib/gcc/arm-none-eabi/14.3.1/thumb/v7e-m+dp/hard/crti.o
LOAD C:/ST/STM32CubeIDE_1.17.0/STM32CubeIDE/plugins/com.st.stm32cube.ide.mcu.externaltools.gnu-tools-for-stm32.14.3.rel1.win32_1.0.100.202602081740/tools/bin/../lib/gcc/arm-none-eabi/14.3.1/thumb/v7e-m+dp/hard/crtbegin.o
LOAD C:/ST/STM32CubeIDE_1.17.0/STM32CubeIDE/plugins/com.st.stm32cube.ide.mcu.externaltools.gnu-tools-for-stm32.14.3.rel1.win32_1.0.100.202602081740/tools/bin/../lib/gcc/arm-none-eabi/14.3.1/../../../../arm-none-eabi/lib/thumb/v7e-m+dp/hard/crt0.o
LOAD ./Core/Src/can.o
LOAD ./Core/Src/eth.o
LOAD ./Core/Src/gpio.o
LOAD ./Core/Src/main.o
LOAD ./Core/Src/rng.o
LOAD ./Core/Src/rtos.o
LOAD ./Core/Src/stm32f7xx_hal_msp.o
LOAD ./Core/Src/stm32f7xx_hal_timebase_tim.o
LOAD ./Core/Src/stm32f7xx_it.o
LOAD ./Core/Src/syscalls.o
LOAD ./Core/Src/system_stm32f7xx.o
LOAD ./Core/Startup/startup_stm32f767zitx.o
LOAD ./Drivers/STM32F7xx_HAL_Driver/Src/stm32f7xx_hal.o
LOAD ./Drivers/STM32F7xx_HAL_Driver/Src/stm32f7xx_hal_can.o
LOAD ./Drivers/STM32F7xx_HAL_Driver/Src/stm32f7xx_hal_cortex.o
LOAD ./Drivers/STM32F7xx_HAL_Driver/Src/stm32f7xx_hal_dma.o
LOAD ./Drivers/STM32F7xx_HAL_Driver/Src/stm32f7xx_hal_dma_ex.o
LOAD ./Drivers/STM32F7xx_HAL_Driver/Src/stm32f7xx_hal_exti.o
LOAD ./Drivers/STM32F7xx_HAL_Driver/Src/stm32f7xx_hal_flash.o
LOAD ./Drivers/STM32F7xx_HAL_Driver/Src/stm32f7xx_hal_flash_ex.o
LOAD ./Drivers/STM32F7xx_HAL_Driver/Src/stm32f7xx_hal_gpio.o
LOAD ./Drivers/STM32F7xx_HAL_Driver/Src/stm32f7xx_hal_i2c.o
LOAD ./Drivers/STM32F7xx_HAL_Driver/Src/stm32f7xx_hal_i2c_ex.o
LOAD ./Drivers/STM32F7xx_HAL_Driver/Src/stm32f7xx_hal_pwr.o
LOAD ./Drivers/STM32F7xx_HAL_Driver/Src/stm32f7xx_hal_pwr_ex.o
LOAD ./Drivers/STM32F7xx_HAL_Driver/Src/stm32f7xx_hal_rcc.o
LOAD ./Drivers/STM32F7xx_HAL_Driver/Src/stm32f7xx_hal_rcc_ex.o
LOAD ./Drivers/STM32F7xx_HAL_Driver/Src/stm32f7xx_hal_rng.o
LOAD ./Drivers/STM32F7xx_HAL_Driver/Src/stm32f7xx_hal_tim.o
LOAD ./Drivers/STM32F7xx_HAL_Driver/Src/stm32f7xx_hal_tim_ex.o
LOAD ./ThirdParty/FreeRTOS/croutine.o
LOAD ./ThirdParty/FreeRTOS/event_groups.o
LOAD ./ThirdParty/FreeRTOS/list.o
LOAD ./ThirdParty/FreeRTOS/queue.o
LOAD ./ThirdParty/FreeRTOS/stream_buffer.o
LOAD ./ThirdParty/FreeRTOS/tasks.o
LOAD ./ThirdParty/FreeRTOS/timers.o
LOAD ./ThirdParty/FreeRTOS/portable/GCC/ARM_CM7/r0p1/port.o
LOAD ./ThirdParty/FreeRTOS/portable/MemMang/heap_4.o
LOAD ./ThirdParty/FreeRTOS-Plus-TCP/FreeRTOS_ARP.o
LOAD ./ThirdParty/FreeRTOS-Plus-TCP/FreeRTOS_BitConfig.o
LOAD ./ThirdParty/FreeRTOS-Plus-TCP/FreeRTOS_DHCP.o
LOAD ./ThirdParty/FreeRTOS-Plus-TCP/FreeRTOS_DHCPv6.o
LOAD ./ThirdParty/FreeRTOS-Plus-TCP/FreeRTOS_DNS.o
LOAD ./ThirdParty/FreeRTOS-Plus-TCP/FreeRTOS_DNS_Cache.o
LOAD ./ThirdParty/FreeRTOS-Plus-TCP/FreeRTOS_DNS_Callback.o
LOAD ./ThirdParty/FreeRTOS-Plus-TCP/FreeRTOS_DNS_Networking.o
LOAD ./ThirdParty/FreeRTOS-Plus-TCP/FreeRTOS_DNS_Parser.o
LOAD ./ThirdParty/FreeRTOS-Plus-TCP/FreeRTOS_ICMP.o
LOAD ./ThirdParty/FreeRTOS-Plus-TCP/FreeRTOS_IP.o
LOAD ./ThirdParty/FreeRTOS-Plus-TCP/FreeRTOS_IP_Timers.o
LOAD ./ThirdParty/FreeRTOS-Plus-TCP/FreeRTOS_IP_Utils.o
LOAD ./ThirdParty/FreeRTOS-Plus-TCP/FreeRTOS_IPv4.o
LOAD ./ThirdParty/FreeRTOS-Plus-TCP/FreeRTOS_IPv4_Sockets.o
LOAD ./ThirdParty/FreeRTOS-Plus-TCP/FreeRTOS_IPv4_Utils.o
LOAD ./ThirdParty/FreeRTOS-Plus-TCP/FreeRTOS_IPv6.o
LOAD ./ThirdParty/FreeRTOS-Plus-TCP/FreeRTOS_IPv6_Sockets.o
LOAD ./ThirdParty/FreeRTOS-Plus-TCP/FreeRTOS_IPv6_Utils.o
LOAD ./ThirdParty/FreeRTOS-Plus-TCP/FreeRTOS_ND.o
LOAD ./ThirdParty/FreeRTOS-Plus-TCP/FreeRTOS_RA.o
LOAD ./ThirdParty/FreeRTOS-Plus-TCP/FreeRTOS_Routing.o
LOAD ./ThirdParty/FreeRTOS-Plus-TCP/FreeRTOS_Sockets.o
LOAD ./ThirdParty/FreeRTOS-Plus-TCP/FreeRTOS_Stream_Buffer.o
LOAD ./ThirdParty/FreeRTOS-Plus-TCP/FreeRTOS_TCP_IP.o
LOAD ./ThirdParty/FreeRTOS-Plus-TCP/FreeRTOS_TCP_IP_IPv4.o
LOAD ./ThirdParty/FreeRTOS-Plus-TCP/FreeRTOS_TCP_IP_IPv6.o
LOAD ./ThirdParty/FreeRTOS-Plus-TCP/FreeRTOS_TCP_Reception.o
LOAD ./ThirdParty/FreeRTOS-Plus-TCP/FreeRTOS_TCP_State_Handling.o
LOAD ./ThirdParty/FreeRTOS-Plus-TCP/FreeRTOS_TCP_State_Handling_IPv4.o
LOAD ./ThirdParty/FreeRTOS-Plus-TCP/FreeRTOS_TCP_State_Handling_IPv6.o
LOAD ./ThirdParty/FreeRTOS-Plus-TCP/FreeRTOS_TCP_Transmission.o
LOAD ./ThirdParty/FreeRTOS-Plus-TCP/FreeRTOS_TCP_Transmission_IPv4.o
LOAD ./ThirdParty/FreeRTOS-Plus-TCP/FreeRTOS_TCP_Transmission_IPv6.o
LOAD ./ThirdParty/FreeRTOS-Plus-TCP/FreeRTOS_TCP_Utils.o
LOAD ./ThirdParty/FreeRTOS-Plus-TCP/FreeRTOS_TCP_Utils_IPv4.o
LOAD ./ThirdParty/FreeRTOS-Plus-TCP/FreeRTOS_TCP_Utils_IPv6.o
LOAD ./ThirdParty/FreeRTOS-Plus-TCP/FreeRTOS_TCP_WIN.o
LOAD ./ThirdParty/FreeRTOS-Plus-TCP/FreeRTOS_Tiny_TCP.o
LOAD ./ThirdParty/FreeRTOS-Plus-TCP/FreeRTOS_UDP_IP.o
LOAD ./ThirdParty/FreeRTOS-Plus-TCP/FreeRTOS_UDP_IPv4.o
LOAD ./ThirdParty/FreeRTOS-Plus-TCP/FreeRTOS_UDP_IPv6.o
LOAD ./ThirdParty/FreeRTOS-Plus-TCP/portable/BufferManagement/BufferAllocation_2.o
LOAD ./ThirdParty/FreeRTOS-Plus-TCP/portable/NetworkInterface/Common/phyHandling.o
LOAD ./ThirdParty/FreeRTOS-Plus-TCP/portable/NetworkInterface/STM32/Drivers/F7/stm32f7xx_hal_eth.o
LOAD ./ThirdParty/FreeRTOS-Plus-TCP/portable/NetworkInterface/STM32/NetworkInterface.o
START GROUP
LOAD C:/ST/STM32CubeIDE_1.17.0/STM32CubeIDE/plugins/com.st.stm32cube.ide.mcu.externaltools.gnu-tools-for-stm32.14.3.rel1.win32_1.0.100.202602081740/tools/bin/../lib/gcc/arm-none-eabi/14.3.1/../../../../arm-none-eabi/lib/thumb/v7e-m+dp/hard\libc_nano.a
LOAD C:/ST/STM32CubeIDE_1.17.0/STM32CubeIDE/plugins/com.st.stm32cube.ide.mcu.externaltools.gnu-tools-for-stm32.14.3.rel1.win32_1.0.100.202602081740/tools/bin/../lib/gcc/arm-none-eabi/14.3.1/../../../../arm-none-eabi/lib/thumb/v7e-m+dp/hard\libm.a
END GROUP
START GROUP
LOAD C:/ST/STM32CubeIDE_1.17.0/STM32CubeIDE/plugins/com.st.stm32cube.ide.mcu.externaltools.gnu-tools-for-stm32.14.3.rel1.win32_1.0.100.202602081740/tools/bin/../lib/gcc/arm-none-eabi/14.3.1/thumb/v7e-m+dp/hard\libgcc.a
LOAD C:/ST/STM32CubeIDE_1.17.0/STM32CubeIDE/plugins/com.st.stm32cube.ide.mcu.externaltools.gnu-tools-for-stm32.14.3.rel1.win32_1.0.100.202602081740/tools/bin/../lib/gcc/arm-none-eabi/14.3.1/../../../../arm-none-eabi/lib/thumb/v7e-m+dp/hard\libc_nano.a
END GROUP
START GROUP
LOAD C:/ST/STM32CubeIDE_1.17.0/STM32CubeIDE/plugins/com.st.stm32cube.ide.mcu.externaltools.gnu-tools-for-stm32.14.3.rel1.win32_1.0.100.202602081740/tools/bin/../lib/gcc/arm-none-eabi/14.3.1/thumb/v7e-m+dp/hard\libgcc.a
LOAD C:/ST/STM32CubeIDE_1.17.0/STM32CubeIDE/plugins/com.st.stm32cube.ide.mcu.externaltools.gnu-tools-for-stm32.14.3.rel1.win32_1.0.100.202602081740/tools/bin/../lib/gcc/arm-none-eabi/14.3.1/../../../../arm-none-eabi/lib/thumb/v7e-m+dp/hard\libc_nano.a
LOAD C:/ST/STM32CubeIDE_1.17.0/STM32CubeIDE/plugins/com.st.stm32cube.ide.mcu.externaltools.gnu-tools-for-stm32.14.3.rel1.win32_1.0.100.202602081740/tools/bin/../lib/gcc/arm-none-eabi/14.3.1/../../../../arm-none-eabi/lib/thumb/v7e-m+dp/hard\libnosys.a
END GROUP
START GROUP
LOAD C:/ST/STM32CubeIDE_1.17.0/STM32CubeIDE/plugins/com.st.stm32cube.ide.mcu.externaltools.gnu-tools-for-stm32.14.3.rel1.win32_1.0.100.202602081740/tools/bin/../lib/gcc/arm-none-eabi/14.3.1/thumb/v7e-m+dp/hard\libgcc.a
LOAD C:/ST/STM32CubeIDE_1.17.0/STM32CubeIDE/plugins/com.st.stm32cube.ide.mcu.externaltools.gnu-tools-for-stm32.14.3.rel1.win32_1.0.100.202602081740/tools/bin/../lib/gcc/arm-none-eabi/14.3.1/../../../../arm-none-eabi/lib/thumb/v7e-m+dp/hard\libc_nano.a
LOAD C:/ST/STM32CubeIDE_1.17.0/STM32CubeIDE/plugins/com.st.stm32cube.ide.mcu.externaltools.gnu-tools-for-stm32.14.3.rel1.win32_1.0.100.202602081740/tools/bin/../lib/gcc/arm-none-eabi/14.3.1/../../../../arm-none-eabi/lib/thumb/v7e-m+dp/hard\libnosys.a
END GROUP
LOAD C:/ST/STM32CubeIDE_1.17.0/STM32CubeIDE/plugins/com.st.stm32cube.ide.mcu.externaltools.gnu-tools-for-stm32.14.3.rel1.win32_1.0.100.202602081740/tools/bin/../lib/gcc/arm-none-eabi/14.3.1/thumb/v7e-m+dp/hard/crtend.o
LOAD C:/ST/STM32CubeIDE_1.17.0/STM32CubeIDE/plugins/com.st.stm32cube.ide.mcu.externaltools.gnu-tools-for-stm32.14.3.rel1.win32_1.0.100.202602081740/tools/bin/../lib/gcc/arm-none-eabi/14.3.1/thumb/v7e-m+dp/hard/crtn.o
                0x20080000                        _estack = (((ORIGIN (DTCM) + LENGTH (DTCM)) + LENGTH (SRAM1)) + LENGTH (SRAM2))
                0x00000200                        _Min_Heap_Size = 0x200
                0x00000400                        _Min_Stack_Size = 0x400

.isr_vector     0x08000000      0x1f8
                0x08000000                        . = ALIGN (0x4)
 *(.isr_vector)
 .isr_vector    0x08000000      0x1f8 ./Core/Startup/startup_stm32f767zitx.o
                0x08000000                g_pfnVectors
                0x080001f8                        . = ALIGN (0x4)

.text           0x08000200    0x15c0c
                0x08000200                        . = ALIGN (0x4)
 *(.text)
 .text          0x08000200       0x40 C:/ST/STM32CubeIDE_1.17.0/STM32CubeIDE/plugins/com.st.stm32cube.ide.mcu.externaltools.gnu-tools-for-stm32.14.3.rel1.win32_1.0.100.202602081740/tools/bin/../lib/gcc/arm-none-eabi/14.3.1/thumb/v7e-m+dp/hard/crtbegin.o
 .text          0x08000240       0xa0 C:/ST/STM32CubeIDE_1.17.0/STM32CubeIDE/plugins/com.st.stm32cube.ide.mcu.externaltools.gnu-tools-for-stm32.14.3.rel1.win32_1.0.100.202602081740/tools/bin/../lib/gcc/arm-none-eabi/14.3.1/../../../../arm-none-eabi/lib/thumb/v7e-m+dp/hard\libc_nano.a(libc_a-memchr.o)
                0x08000240                memchr
 .text          0x080002e0       0x30 C:/ST/STM32CubeIDE_1.17.0/STM32CubeIDE/plugins/com.st.stm32cube.ide.mcu.externaltools.gnu-tools-for-stm32.14.3.rel1.win32_1.0.100.202602081740/tools/bin/../lib/gcc/arm-none-eabi/14.3.1/thumb/v7e-m+dp/hard\libgcc.a(_aeabi_uldivmod.o)
                0x080002e0                __aeabi_uldivmod
 .text          0x08000310      0x2f8 C:/ST/STM32CubeIDE_1.17.0/STM32CubeIDE/plugins/com.st.stm32cube.ide.mcu.externaltools.gnu-tools-for-stm32.14.3.rel1.win32_1.0.100.202602081740/tools/bin/../lib/gcc/arm-none-eabi/14.3.1/thumb/v7e-m+dp/hard\libgcc.a(_udivmoddi4.o)
                0x08000310                __udivmoddi4
 .text          0x08000608        0x4 C:/ST/STM32CubeIDE_1.17.0/STM32CubeIDE/plugins/com.st.stm32cube.ide.mcu.externaltools.gnu-tools-for-stm32.14.3.rel1.win32_1.0.100.202602081740/tools/bin/../lib/gcc/arm-none-eabi/14.3.1/thumb/v7e-m+dp/hard\libgcc.a(_dvmd_tls.o)
                0x08000608                __aeabi_idiv0
                0x08000608                __aeabi_ldiv0
 *(.text*)
 .text.MX_CAN1_Init
                0x0800060c       0x68 ./Core/Src/can.o
                0x0800060c                MX_CAN1_Init
 .text.HAL_CAN_MspInit
                0x08000674       0xa8 ./Core/Src/can.o
                0x08000674                HAL_CAN_MspInit
 .text.MX_ETH_Init
                0x0800071c       0x9c ./Core/Src/eth.o
                0x0800071c                MX_ETH_Init
 .text.HAL_ETH_MspInit
                0x080007b8      0x170 ./Core/Src/eth.o
                0x080007b8                HAL_ETH_MspInit
 .text.MX_GPIO_Init
                0x08000928      0x1a8 ./Core/Src/gpio.o
                0x08000928                MX_GPIO_Init
 .text.SCB_EnableICache
                0x08000ad0       0x4c ./Core/Src/main.o
 .text.SCB_EnableDCache
                0x08000b1c       0x88 ./Core/Src/main.o
 .text.vStartNetwork
                0x08000ba4       0x4c ./Core/Src/main.o
                0x08000ba4                vStartNetwork
 .text.main     0x08000bf0       0x34 ./Core/Src/main.o
                0x08000bf0                main
 .text.SystemClock_Config
                0x08000c24       0xdc ./Core/Src/main.o
                0x08000c24                SystemClock_Config
 .text.MPU_Config
                0x08000d00       0x5c ./Core/Src/main.o
 .text.HAL_TIM_PeriodElapsedCallback
                0x08000d5c       0x24 ./Core/Src/main.o
                0x08000d5c                HAL_TIM_PeriodElapsedCallback
 .text.Error_Handler
                0x08000d80        0xc ./Core/Src/main.o
                0x08000d80                Error_Handler
 .text.MX_RNG_Init
                0x08000d8c       0x28 ./Core/Src/rng.o
                0x08000d8c                MX_RNG_Init
 .text.HAL_RNG_MspInit
                0x08000db4       0x68 ./Core/Src/rng.o
                0x08000db4                HAL_RNG_MspInit
 .text.ulApplicationGetNextSequenceNumber
                0x08000e1c       0x28 ./Core/Src/rtos.o
                0x08000e1c                ulApplicationGetNextSequenceNumber
 .text.xApplicationGetRandomNumber
                0x08000e44       0x24 ./Core/Src/rtos.o
                0x08000e44                xApplicationGetRandomNumber
 .text.xApplicationDHCPHook_Multi
                0x08000e68       0x1c ./Core/Src/rtos.o
                0x08000e68                xApplicationDHCPHook_Multi
 .text.vApplicationPingReplyHook
                0x08000e84       0x40 ./Core/Src/rtos.o
                0x08000e84                vApplicationPingReplyHook
 .text.vApplicationStackOverflowHook
                0x08000ec4       0x26 ./Core/Src/rtos.o
                0x08000ec4                vApplicationStackOverflowHook
 *fill*         0x08000eea        0x2 
 .text.HAL_MspInit
                0x08000eec       0x48 ./Core/Src/stm32f7xx_hal_msp.o
                0x08000eec                HAL_MspInit
 .text.HAL_InitTick
                0x08000f34       0xf4 ./Core/Src/stm32f7xx_hal_timebase_tim.o
                0x08000f34                HAL_InitTick
 .text.NMI_Handler
                0x08001028        0x8 ./Core/Src/stm32f7xx_it.o
                0x08001028                NMI_Handler
 .text.HardFault_Handler
                0x08001030        0x8 ./Core/Src/stm32f7xx_it.o
                0x08001030                HardFault_Handler
 .text.MemManage_Handler
                0x08001038        0x8 ./Core/Src/stm32f7xx_it.o
                0x08001038                MemManage_Handler
 .text.BusFault_Handler
                0x08001040        0x8 ./Core/Src/stm32f7xx_it.o
                0x08001040                BusFault_Handler
 .text.UsageFault_Handler
                0x08001048        0x8 ./Core/Src/stm32f7xx_it.o
                0x08001048                UsageFault_Handler
 .text.DebugMon_Handler
                0x08001050        0xe ./Core/Src/stm32f7xx_it.o
                0x08001050                DebugMon_Handler
 *fill*         0x0800105e        0x2 
 .text.CAN1_RX0_IRQHandler
                0x08001060       0x14 ./Core/Src/stm32f7xx_it.o
                0x08001060                CAN1_RX0_IRQHandler
 .text.CAN1_RX1_IRQHandler
                0x08001074       0x14 ./Core/Src/stm32f7xx_it.o
                0x08001074                CAN1_RX1_IRQHandler
 .text.TIM6_DAC_IRQHandler
                0x08001088       0x14 ./Core/Src/stm32f7xx_it.o
                0x08001088                TIM6_DAC_IRQHandler
 .text.SystemInit
                0x0800109c       0x24 ./Core/Src/system_stm32f7xx.o
                0x0800109c                SystemInit
 .text.Reset_Handler
                0x080010c0       0x50 ./Core/Startup/startup_stm32f767zitx.o
                0x080010c0                Reset_Handler
 .text.Default_Handler
                0x08001110        0x2 ./Core/Startup/startup_stm32f767zitx.o
                0x08001110                RTC_Alarm_IRQHandler
                0x08001110                EXTI2_IRQHandler
                0x08001110                TIM8_CC_IRQHandler
                0x08001110                UART8_IRQHandler
                0x08001110                SPI4_IRQHandler
                0x08001110                TIM1_CC_IRQHandler
                0x08001110                DMA2_Stream5_IRQHandler
                0x08001110                JPEG_IRQHandler
                0x08001110                DMA1_Stream5_IRQHandler
                0x08001110                CAN3_RX1_IRQHandler
                0x08001110                PVD_IRQHandler
                0x08001110                TAMP_STAMP_IRQHandler
                0x08001110                CAN2_RX1_IRQHandler
                0x08001110                EXTI3_IRQHandler
                0x08001110                TIM8_TRG_COM_TIM14_IRQHandler
                0x08001110                DFSDM1_FLT1_IRQHandler
                0x08001110                TIM1_UP_TIM10_IRQHandler
                0x08001110                TIM8_UP_TIM13_IRQHandler
                0x08001110                I2C3_ER_IRQHandler
                0x08001110                DFSDM1_FLT2_IRQHandler
                0x08001110                EXTI0_IRQHandler
                0x08001110                I2C2_EV_IRQHandler
                0x08001110                DMA1_Stream2_IRQHandler
                0x08001110                FPU_IRQHandler
                0x08001110                OTG_HS_WKUP_IRQHandler
                0x08001110                CAN3_SCE_IRQHandler
                0x08001110                LTDC_ER_IRQHandler
                0x08001110                CAN2_SCE_IRQHandler
                0x08001110                DMA2_Stream2_IRQHandler
                0x08001110                SPI1_IRQHandler
                0x08001110                TIM1_BRK_TIM9_IRQHandler
                0x08001110                DCMI_IRQHandler
                0x08001110                CAN2_RX0_IRQHandler
                0x08001110                DMA2_Stream3_IRQHandler
                0x08001110                SAI2_IRQHandler
                0x08001110                DFSDM1_FLT3_IRQHandler
                0x08001110                USART6_IRQHandler
                0x08001110                CAN3_RX0_IRQHandler
                0x08001110                USART3_IRQHandler
                0x08001110                UART5_IRQHandler
                0x08001110                DMA2_Stream0_IRQHandler
                0x08001110                TIM4_IRQHandler
                0x08001110                QUADSPI_IRQHandler
                0x08001110                I2C1_EV_IRQHandler
                0x08001110                DMA1_Stream6_IRQHandler
                0x08001110                DMA1_Stream1_IRQHandler
                0x08001110                UART4_IRQHandler
                0x08001110                TIM3_IRQHandler
                0x08001110                RCC_IRQHandler
                0x08001110                TIM8_BRK_TIM12_IRQHandler
                0x08001110                Default_Handler
                0x08001110                CEC_IRQHandler
                0x08001110                EXTI15_10_IRQHandler
                0x08001110                ADC_IRQHandler
                0x08001110                DMA1_Stream7_IRQHandler
                0x08001110                SPI5_IRQHandler
                0x08001110                TIM7_IRQHandler
                0x08001110                SDMMC1_IRQHandler
                0x08001110                CAN2_TX_IRQHandler
                0x08001110                TIM5_IRQHandler
                0x08001110                DMA2_Stream7_IRQHandler
                0x08001110                I2C3_EV_IRQHandler
                0x08001110                EXTI9_5_IRQHandler
                0x08001110                RTC_WKUP_IRQHandler
                0x08001110                LTDC_IRQHandler
                0x08001110                ETH_WKUP_IRQHandler
                0x08001110                SPDIF_RX_IRQHandler
                0x08001110                SPI2_IRQHandler
                0x08001110                OTG_HS_EP1_IN_IRQHandler
                0x08001110                DMA1_Stream0_IRQHandler
                0x08001110                CAN1_TX_IRQHandler
                0x08001110                EXTI4_IRQHandler
                0x08001110                RNG_IRQHandler
                0x08001110                OTG_HS_EP1_OUT_IRQHandler
                0x08001110                WWDG_IRQHandler
                0x08001110                SPI6_IRQHandler
                0x08001110                MDIOS_IRQHandler
                0x08001110                I2C4_EV_IRQHandler
                0x08001110                CAN3_TX_IRQHandler
                0x08001110                TIM2_IRQHandler
                0x08001110                OTG_FS_WKUP_IRQHandler
                0x08001110                TIM1_TRG_COM_TIM11_IRQHandler
                0x08001110                OTG_HS_IRQHandler
                0x08001110                DMA2D_IRQHandler
                0x08001110                EXTI1_IRQHandler
                0x08001110                SDMMC2_IRQHandler
                0x08001110                UART7_IRQHandler
                0x08001110                USART2_IRQHandler
                0x08001110                DFSDM1_FLT0_IRQHandler
                0x08001110                I2C2_ER_IRQHandler
                0x08001110                DMA2_Stream1_IRQHandler
                0x08001110                CAN1_SCE_IRQHandler
                0x08001110                FLASH_IRQHandler
                0x08001110                DMA2_Stream4_IRQHandler
                0x08001110                USART1_IRQHandler
                0x08001110                OTG_FS_IRQHandler
                0x08001110                SPI3_IRQHandler
                0x08001110                DMA1_Stream4_IRQHandler
                0x08001110                I2C1_ER_IRQHandler
                0x08001110                FMC_IRQHandler
                0x08001110                LPTIM1_IRQHandler
                0x08001110                I2C4_ER_IRQHandler
                0x08001110                DMA2_Stream6_IRQHandler
                0x08001110                SAI1_IRQHandler
                0x08001110                DMA1_Stream3_IRQHandler
 .text.HAL_Init
                0x08001112       0x1a ./Drivers/STM32F7xx_HAL_Driver/Src/stm32f7xx_hal.o
                0x08001112                HAL_Init
 .text.HAL_IncTick
                0x0800112c       0x28 ./Drivers/STM32F7xx_HAL_Driver/Src/stm32f7xx_hal.o
                0x0800112c                HAL_IncTick
 .text.HAL_GetTick
                0x08001154       0x18 ./Drivers/STM32F7xx_HAL_Driver/Src/stm32f7xx_hal.o
                0x08001154                HAL_GetTick
 .text.HAL_Delay
                0x0800116c       0x48 ./Drivers/STM32F7xx_HAL_Driver/Src/stm32f7xx_hal.o
                0x0800116c                HAL_Delay
 .text.HAL_CAN_Init
                0x080011b4      0x1f6 ./Drivers/STM32F7xx_HAL_Driver/Src/stm32f7xx_hal_can.o
                0x080011b4                HAL_CAN_Init
 .text.HAL_CAN_IRQHandler
                0x080013aa      0x36e ./Drivers/STM32F7xx_HAL_Driver/Src/stm32f7xx_hal_can.o
                0x080013aa                HAL_CAN_IRQHandler
 .text.HAL_CAN_TxMailbox0CompleteCallback
                0x08001718       0x14 ./Drivers/STM32F7xx_HAL_Driver/Src/stm32f7xx_hal_can.o
                0x08001718                HAL_CAN_TxMailbox0CompleteCallback
 .text.HAL_CAN_TxMailbox1CompleteCallback
                0x0800172c       0x14 ./Drivers/STM32F7xx_HAL_Driver/Src/stm32f7xx_hal_can.o
                0x0800172c                HAL_CAN_TxMailbox1CompleteCallback
 .text.HAL_CAN_TxMailbox2CompleteCallback
                0x08001740       0x14 ./Drivers/STM32F7xx_HAL_Driver/Src/stm32f7xx_hal_can.o
                0x08001740                HAL_CAN_TxMailbox2CompleteCallback
 .text.HAL_CAN_TxMailbox0AbortCallback
                0x08001754       0x14 ./Drivers/STM32F7xx_HAL_Driver/Src/stm32f7xx_hal_can.o
                0x08001754                HAL_CAN_TxMailbox0AbortCallback
 .text.HAL_CAN_TxMailbox1AbortCallback
                0x08001768       0x14 ./Drivers/STM32F7xx_HAL_Driver/Src/stm32f7xx_hal_can.o
                0x08001768                HAL_CAN_TxMailbox1AbortCallback
 .text.HAL_CAN_TxMailbox2AbortCallback
                0x0800177c       0x14 ./Drivers/STM32F7xx_HAL_Driver/Src/stm32f7xx_hal_can.o
                0x0800177c                HAL_CAN_TxMailbox2AbortCallback
 .text.HAL_CAN_RxFifo0MsgPendingCallback
                0x08001790       0x14 ./Drivers/STM32F7xx_HAL_Driver/Src/stm32f7xx_hal_can.o
                0x08001790                HAL_CAN_RxFifo0MsgPendingCallback
 .text.HAL_CAN_RxFifo0FullCallback
                0x080017a4       0x14 ./Drivers/STM32F7xx_HAL_Driver/Src/stm32f7xx_hal_can.o
                0x080017a4                HAL_CAN_RxFifo0FullCallback
 .text.HAL_CAN_RxFifo1MsgPendingCallback
                0x080017b8       0x14 ./Drivers/STM32F7xx_HAL_Driver/Src/stm32f7xx_hal_can.o
                0x080017b8                HAL_CAN_RxFifo1MsgPendingCallback
 .text.HAL_CAN_RxFifo1FullCallback
                0x080017cc       0x14 ./Drivers/STM32F7xx_HAL_Driver/Src/stm32f7xx_hal_can.o
                0x080017cc                HAL_CAN_RxFifo1FullCallback
 .text.HAL_CAN_SleepCallback
                0x080017e0       0x14 ./Drivers/STM32F7xx_HAL_Driver/Src/stm32f7xx_hal_can.o
                0x080017e0                HAL_CAN_SleepCallback
 .text.HAL_CAN_WakeUpFromRxMsgCallback
                0x080017f4       0x14 ./Drivers/STM32F7xx_HAL_Driver/Src/stm32f7xx_hal_can.o
                0x080017f4                HAL_CAN_WakeUpFromRxMsgCallback
 .text.HAL_CAN_ErrorCallback
                0x08001808       0x14 ./Drivers/STM32F7xx_HAL_Driver/Src/stm32f7xx_hal_can.o
                0x08001808                HAL_CAN_ErrorCallback
 .text.__NVIC_SetPriorityGrouping
                0x0800181c       0x48 ./Drivers/STM32F7xx_HAL_Driver/Src/stm32f7xx_hal_cortex.o
 .text.__NVIC_GetPriorityGrouping
                0x08001864       0x1c ./Drivers/STM32F7xx_HAL_Driver/Src/stm32f7xx_hal_cortex.o
 .text.__NVIC_EnableIRQ
                0x08001880       0x3c ./Drivers/STM32F7xx_HAL_Driver/Src/stm32f7xx_hal_cortex.o
 .text.__NVIC_SetPriority
                0x080018bc       0x54 ./Drivers/STM32F7xx_HAL_Driver/Src/stm32f7xx_hal_cortex.o
 .text.NVIC_EncodePriority
                0x08001910       0x66 ./Drivers/STM32F7xx_HAL_Driver/Src/stm32f7xx_hal_cortex.o
 .text.HAL_NVIC_SetPriorityGrouping
                0x08001976       0x16 ./Drivers/STM32F7xx_HAL_Driver/Src/stm32f7xx_hal_cortex.o
                0x08001976                HAL_NVIC_SetPriorityGrouping
 .text.HAL_NVIC_SetPriority
                0x0800198c       0x38 ./Drivers/STM32F7xx_HAL_Driver/Src/stm32f7xx_hal_cortex.o
                0x0800198c                HAL_NVIC_SetPriority
 .text.HAL_NVIC_EnableIRQ
                0x080019c4       0x1c ./Drivers/STM32F7xx_HAL_Driver/Src/stm32f7xx_hal_cortex.o
                0x080019c4                HAL_NVIC_EnableIRQ
 .text.HAL_MPU_Disable
                0x080019e0       0x30 ./Drivers/STM32F7xx_HAL_Driver/Src/stm32f7xx_hal_cortex.o
                0x080019e0                HAL_MPU_Disable
 .text.HAL_MPU_Enable
                0x08001a10       0x40 ./Drivers/STM32F7xx_HAL_Driver/Src/stm32f7xx_hal_cortex.o
                0x08001a10                HAL_MPU_Enable
 .text.HAL_MPU_ConfigRegion
                0x08001a50       0x80 ./Drivers/STM32F7xx_HAL_Driver/Src/stm32f7xx_hal_cortex.o
                0x08001a50                HAL_MPU_ConfigRegion
 .text.HAL_GPIO_Init
                0x08001ad0      0x358 ./Drivers/STM32F7xx_HAL_Driver/Src/stm32f7xx_hal_gpio.o
                0x08001ad0                HAL_GPIO_Init
 .text.HAL_GPIO_WritePin
                0x08001e28       0x32 ./Drivers/STM32F7xx_HAL_Driver/Src/stm32f7xx_hal_gpio.o
                0x08001e28                HAL_GPIO_WritePin
 *fill*         0x08001e5a        0x2 
 .text.HAL_PWREx_EnableOverDrive
                0x08001e5c       0xa0 ./Drivers/STM32F7xx_HAL_Driver/Src/stm32f7xx_hal_pwr_ex.o
                0x08001e5c                HAL_PWREx_EnableOverDrive
 .text.HAL_RCC_OscConfig
                0x08001efc      0x55c ./Drivers/STM32F7xx_HAL_Driver/Src/stm32f7xx_hal_rcc.o
                0x08001efc                HAL_RCC_OscConfig
 .text.HAL_RCC_ClockConfig
                0x08002458      0x1d8 ./Drivers/STM32F7xx_HAL_Driver/Src/stm32f7xx_hal_rcc.o
                0x08002458                HAL_RCC_ClockConfig
 .text.HAL_RCC_GetSysClockFreq
                0x08002630      0x208 ./Drivers/STM32F7xx_HAL_Driver/Src/stm32f7xx_hal_rcc.o
                0x08002630                HAL_RCC_GetSysClockFreq
 .text.HAL_RCC_GetHCLKFreq
                0x08002838       0x18 ./Drivers/STM32F7xx_HAL_Driver/Src/stm32f7xx_hal_rcc.o
                0x08002838                HAL_RCC_GetHCLKFreq
 .text.HAL_RCC_GetPCLK1Freq
                0x08002850       0x28 ./Drivers/STM32F7xx_HAL_Driver/Src/stm32f7xx_hal_rcc.o
                0x08002850                HAL_RCC_GetPCLK1Freq
 .text.HAL_RCC_GetClockConfig
                0x08002878       0x64 ./Drivers/STM32F7xx_HAL_Driver/Src/stm32f7xx_hal_rcc.o
                0x08002878                HAL_RCC_GetClockConfig
 .text.HAL_RCCEx_PeriphCLKConfig
                0x080028dc      0x850 ./Drivers/STM32F7xx_HAL_Driver/Src/stm32f7xx_hal_rcc_ex.o
                0x080028dc                HAL_RCCEx_PeriphCLKConfig
 .text.HAL_RNG_Init
                0x0800312c       0x54 ./Drivers/STM32F7xx_HAL_Driver/Src/stm32f7xx_hal_rng.o
                0x0800312c                HAL_RNG_Init
 .text.HAL_RNG_GenerateRandomNumber
                0x08003180       0xac ./Drivers/STM32F7xx_HAL_Driver/Src/stm32f7xx_hal_rng.o
                0x08003180                HAL_RNG_GenerateRandomNumber
 .text.HAL_RNG_GetRandomNumber
                0x0800322c       0x2a ./Drivers/STM32F7xx_HAL_Driver/Src/stm32f7xx_hal_rng.o
                0x0800322c                HAL_RNG_GetRandomNumber
 .text.HAL_TIM_Base_Init
                0x08003256       0xae ./Drivers/STM32F7xx_HAL_Driver/Src/stm32f7xx_hal_tim.o
                0x08003256                HAL_TIM_Base_Init
 .text.HAL_TIM_Base_MspInit
                0x08003304       0x14 ./Drivers/STM32F7xx_HAL_Driver/Src/stm32f7xx_hal_tim.o
                0x08003304                HAL_TIM_Base_MspInit
 .text.HAL_TIM_Base_Start_IT
                0x08003318       0xf0 ./Drivers/STM32F7xx_HAL_Driver/Src/stm32f7xx_hal_tim.o
                0x08003318                HAL_TIM_Base_Start_IT
 .text.HAL_TIM_IRQHandler
                0x08003408      0x20e ./Drivers/STM32F7xx_HAL_Driver/Src/stm32f7xx_hal_tim.o
                0x08003408                HAL_TIM_IRQHandler
 .text.HAL_TIM_OC_DelayElapsedCallback
                0x08003616       0x14 ./Drivers/STM32F7xx_HAL_Driver/Src/stm32f7xx_hal_tim.o
                0x08003616                HAL_TIM_OC_DelayElapsedCallback
 .text.HAL_TIM_IC_CaptureCallback
                0x0800362a       0x14 ./Drivers/STM32F7xx_HAL_Driver/Src/stm32f7xx_hal_tim.o
                0x0800362a                HAL_TIM_IC_CaptureCallback
 .text.HAL_TIM_PWM_PulseFinishedCallback
                0x0800363e       0x14 ./Drivers/STM32F7xx_HAL_Driver/Src/stm32f7xx_hal_tim.o
                0x0800363e                HAL_TIM_PWM_PulseFinishedCallback
 .text.HAL_TIM_TriggerCallback
                0x08003652       0x14 ./Drivers/STM32F7xx_HAL_Driver/Src/stm32f7xx_hal_tim.o
                0x08003652                HAL_TIM_TriggerCallback
 *fill*         0x08003666        0x2 
 .text.TIM_Base_SetConfig
                0x08003668      0x14c ./Drivers/STM32F7xx_HAL_Driver/Src/stm32f7xx_hal_tim.o
                0x08003668                TIM_Base_SetConfig
 .text.HAL_TIMEx_CommutCallback
                0x080037b4       0x14 ./Drivers/STM32F7xx_HAL_Driver/Src/stm32f7xx_hal_tim_ex.o
                0x080037b4                HAL_TIMEx_CommutCallback
 .text.HAL_TIMEx_BreakCallback
                0x080037c8       0x14 ./Drivers/STM32F7xx_HAL_Driver/Src/stm32f7xx_hal_tim_ex.o
                0x080037c8                HAL_TIMEx_BreakCallback
 .text.HAL_TIMEx_Break2Callback
                0x080037dc       0x14 ./Drivers/STM32F7xx_HAL_Driver/Src/stm32f7xx_hal_tim_ex.o
                0x080037dc                HAL_TIMEx_Break2Callback
 .text.xEventGroupCreate
                0x080037f0       0x2e ./ThirdParty/FreeRTOS/event_groups.o
                0x080037f0                xEventGroupCreate
 *fill*         0x0800381e        0x2 
 .text.xEventGroupWaitBits
                0x08003820      0x1b4 ./ThirdParty/FreeRTOS/event_groups.o
                0x08003820                xEventGroupWaitBits
 .text.xEventGroupSetBits
                0x080039d4      0x120 ./ThirdParty/FreeRTOS/event_groups.o
                0x080039d4                xEventGroupSetBits
 .text.vEventGroupDelete
                0x08003af4       0x8a ./ThirdParty/FreeRTOS/event_groups.o
                0x08003af4                vEventGroupDelete
 .text.prvTestWaitCondition
                0x08003b7e       0x44 ./ThirdParty/FreeRTOS/event_groups.o
 .text.vListInitialise
                0x08003bc2       0x40 ./ThirdParty/FreeRTOS/list.o
                0x08003bc2                vListInitialise
 .text.vListInitialiseItem
                0x08003c02       0x1a ./ThirdParty/FreeRTOS/list.o
                0x08003c02                vListInitialiseItem
 .text.vListInsertEnd
                0x08003c1c       0x48 ./ThirdParty/FreeRTOS/list.o
                0x08003c1c                vListInsertEnd
 .text.vListInsert
                0x08003c64       0x72 ./ThirdParty/FreeRTOS/list.o
                0x08003c64                vListInsert
 .text.uxListRemove
                0x08003cd6       0x54 ./ThirdParty/FreeRTOS/list.o
                0x08003cd6                uxListRemove
 *fill*         0x08003d2a        0x2 
 .text.xQueueGenericReset
                0x08003d2c      0x12c ./ThirdParty/FreeRTOS/queue.o
                0x08003d2c                xQueueGenericReset
 .text.xQueueGenericCreate
                0x08003e58       0xa2 ./ThirdParty/FreeRTOS/queue.o
                0x08003e58                xQueueGenericCreate
 .text.prvInitialiseNewQueue
                0x08003efa       0x4c ./ThirdParty/FreeRTOS/queue.o
 .text.prvInitialiseMutex
                0x08003f46       0x34 ./ThirdParty/FreeRTOS/queue.o
 .text.xQueueCreateMutex
                0x08003f7a       0x30 ./ThirdParty/FreeRTOS/queue.o
                0x08003f7a                xQueueCreateMutex
 .text.xQueueCreateCountingSemaphore
                0x08003faa       0x62 ./ThirdParty/FreeRTOS/queue.o
                0x08003faa                xQueueCreateCountingSemaphore
 .text.xQueueGenericSend
                0x0800400c      0x24c ./ThirdParty/FreeRTOS/queue.o
                0x0800400c                xQueueGenericSend
 .text.xQueueReceive
                0x08004258      0x1d0 ./ThirdParty/FreeRTOS/queue.o
                0x08004258                xQueueReceive
 .text.xQueueSemaphoreTake
                0x08004428      0x20c ./ThirdParty/FreeRTOS/queue.o
                0x08004428                xQueueSemaphoreTake
 .text.uxQueueMessagesWaiting
                0x08004634       0x42 ./ThirdParty/FreeRTOS/queue.o
                0x08004634                uxQueueMessagesWaiting
 .text.vQueueDelete
                0x08004676       0x42 ./ThirdParty/FreeRTOS/queue.o
                0x08004676                vQueueDelete
 .text.prvGetDisinheritPriorityAfterTimeout
                0x080046b8       0x30 ./ThirdParty/FreeRTOS/queue.o
 .text.prvCopyDataToQueue
                0x080046e8       0xd4 ./ThirdParty/FreeRTOS/queue.o
 .text.prvCopyDataFromQueue
                0x080047bc       0x4c ./ThirdParty/FreeRTOS/queue.o
 .text.prvUnlockQueue
                0x08004808       0xbe ./ThirdParty/FreeRTOS/queue.o
 .text.prvIsQueueEmpty
                0x080048c6       0x2c ./ThirdParty/FreeRTOS/queue.o
 .text.prvIsQueueFull
                0x080048f2       0x30 ./ThirdParty/FreeRTOS/queue.o
 *fill*         0x08004922        0x2 
 .text.vQueueAddToRegistry
                0x08004924       0xa4 ./ThirdParty/FreeRTOS/queue.o
                0x08004924                vQueueAddToRegistry
 .text.vQueueUnregisterQueue
                0x080049c8       0x78 ./ThirdParty/FreeRTOS/queue.o
                0x080049c8                vQueueUnregisterQueue
 .text.vQueueWaitForMessageRestricted
                0x08004a40       0x68 ./ThirdParty/FreeRTOS/queue.o
                0x08004a40                vQueueWaitForMessageRestricted
 .text.prvNotifyQueueSetContainer
                0x08004aa8       0xf2 ./ThirdParty/FreeRTOS/queue.o
 .text.prvCreateTask
                0x08004b9a       0x78 ./ThirdParty/FreeRTOS/tasks.o
 .text.xTaskCreate
                0x08004c12       0x46 ./ThirdParty/FreeRTOS/tasks.o
                0x08004c12                xTaskCreate
 .text.prvInitialiseNewTask
                0x08004c58      0x128 ./ThirdParty/FreeRTOS/tasks.o
 .text.prvAddNewTaskToReadyList
                0x08004d80      0x130 ./ThirdParty/FreeRTOS/tasks.o
 .text.vTaskDelay
                0x08004eb0       0x70 ./ThirdParty/FreeRTOS/tasks.o
                0x08004eb0                vTaskDelay
 .text.prvCreateIdleTasks
                0x08004f20       0x94 ./ThirdParty/FreeRTOS/tasks.o
 .text.vTaskStartScheduler
                0x08004fb4       0x90 ./ThirdParty/FreeRTOS/tasks.o
                0x08004fb4                vTaskStartScheduler
 .text.vTaskSuspendAll
                0x08005044       0x1c ./ThirdParty/FreeRTOS/tasks.o
                0x08005044                vTaskSuspendAll
 .text.xTaskResumeAll
                0x08005060      0x214 ./ThirdParty/FreeRTOS/tasks.o
                0x08005060                xTaskResumeAll
 .text.xTaskGetTickCount
                0x08005274       0x20 ./ThirdParty/FreeRTOS/tasks.o
                0x08005274                xTaskGetTickCount
 .text.uxTaskGetNumberOfTasks
                0x08005294       0x18 ./ThirdParty/FreeRTOS/tasks.o
                0x08005294                uxTaskGetNumberOfTasks
 .text.xTaskIncrementTick
                0x080052ac      0x238 ./ThirdParty/FreeRTOS/tasks.o
                0x080052ac                xTaskIncrementTick
 .text.vTaskSwitchContext
                0x080054e4      0x10c ./ThirdParty/FreeRTOS/tasks.o
                0x080054e4                vTaskSwitchContext
 .text.vTaskPlaceOnEventList
                0x080055f0       0x50 ./ThirdParty/FreeRTOS/tasks.o
                0x080055f0                vTaskPlaceOnEventList
 .text.vTaskPlaceOnUnorderedEventList
                0x08005640       0xb8 ./ThirdParty/FreeRTOS/tasks.o
                0x08005640                vTaskPlaceOnUnorderedEventList
 .text.vTaskPlaceOnEventListRestricted
                0x080056f8       0x90 ./ThirdParty/FreeRTOS/tasks.o
                0x080056f8                vTaskPlaceOnEventListRestricted
 .text.xTaskRemoveFromEventList
                0x08005788      0x1b8 ./ThirdParty/FreeRTOS/tasks.o
                0x08005788                xTaskRemoveFromEventList
 .text.vTaskRemoveFromUnorderedEventList
                0x08005940      0x190 ./ThirdParty/FreeRTOS/tasks.o
                0x08005940                vTaskRemoveFromUnorderedEventList
 .text.vTaskSetTimeOutState
                0x08005ad0       0x54 ./ThirdParty/FreeRTOS/tasks.o
                0x08005ad0                vTaskSetTimeOutState
 .text.vTaskInternalSetTimeOutState
                0x08005b24       0x2c ./ThirdParty/FreeRTOS/tasks.o
                0x08005b24                vTaskInternalSetTimeOutState
 .text.xTaskCheckForTimeOut
                0x08005b50       0xd8 ./ThirdParty/FreeRTOS/tasks.o
                0x08005b50                xTaskCheckForTimeOut
 .text.vTaskMissedYield
                0x08005c28       0x18 ./ThirdParty/FreeRTOS/tasks.o
                0x08005c28                vTaskMissedYield
 .text.prvIdleTask
                0x08005c40       0x30 ./ThirdParty/FreeRTOS/tasks.o
 .text.prvInitialiseTaskLists
                0x08005c70       0x80 ./ThirdParty/FreeRTOS/tasks.o
 .text.prvCheckTasksWaitingTermination
                0x08005cf0       0x5c ./ThirdParty/FreeRTOS/tasks.o
 .text.prvDeleteTCB
                0x08005d4c       0x20 ./ThirdParty/FreeRTOS/tasks.o
 .text.prvResetNextTaskUnblockTime
                0x08005d6c       0x38 ./ThirdParty/FreeRTOS/tasks.o
 .text.xTaskGetCurrentTaskHandle
                0x08005da4       0x20 ./ThirdParty/FreeRTOS/tasks.o
                0x08005da4                xTaskGetCurrentTaskHandle
 .text.xTaskGetSchedulerState
                0x08005dc4       0x3c ./ThirdParty/FreeRTOS/tasks.o
                0x08005dc4                xTaskGetSchedulerState
 .text.xTaskPriorityInherit
                0x08005e00      0x140 ./ThirdParty/FreeRTOS/tasks.o
                0x08005e00                xTaskPriorityInherit
 .text.xTaskPriorityDisinherit
                0x08005f40      0x158 ./ThirdParty/FreeRTOS/tasks.o
                0x08005f40                xTaskPriorityDisinherit
 .text.vTaskPriorityDisinheritAfterTimeout
                0x08006098      0x184 ./ThirdParty/FreeRTOS/tasks.o
                0x08006098                vTaskPriorityDisinheritAfterTimeout
 .text.uxTaskResetEventItemValue
                0x0800621c       0x30 ./ThirdParty/FreeRTOS/tasks.o
                0x0800621c                uxTaskResetEventItemValue
 .text.pvTaskIncrementMutexHeldCount
                0x0800624c       0x30 ./ThirdParty/FreeRTOS/tasks.o
                0x0800624c                pvTaskIncrementMutexHeldCount
 .text.xTaskGenericNotifyWait
                0x0800627c      0x128 ./ThirdParty/FreeRTOS/tasks.o
                0x0800627c                xTaskGenericNotifyWait
 .text.xTaskGenericNotifyFromISR
                0x080063a4      0x2d8 ./ThirdParty/FreeRTOS/tasks.o
                0x080063a4                xTaskGenericNotifyFromISR
 .text.prvAddCurrentTaskToDelayedList
                0x0800667c      0x104 ./ThirdParty/FreeRTOS/tasks.o
 .text.xTimerCreateTimerTask
                0x08006780       0x6c ./ThirdParty/FreeRTOS/timers.o
                0x08006780                xTimerCreateTimerTask
 .text.prvReloadTimer
                0x080067ec       0x42 ./ThirdParty/FreeRTOS/timers.o
 *fill*         0x0800682e        0x2 
 .text.prvProcessExpiredTimer
                0x08006830       0x60 ./ThirdParty/FreeRTOS/timers.o
 .text.prvTimerTask
                0x08006890       0x26 ./ThirdParty/FreeRTOS/timers.o
 *fill*         0x080068b6        0x2 
 .text.prvProcessTimerOrBlockTask
                0x080068b8       0x9c ./ThirdParty/FreeRTOS/timers.o
 .text.prvGetNextExpireTime
                0x08006954       0x48 ./ThirdParty/FreeRTOS/timers.o
 .text.prvSampleTimeNow
                0x0800699c       0x40 ./ThirdParty/FreeRTOS/timers.o
 .text.prvInsertTimerInActiveList
                0x080069dc       0x84 ./ThirdParty/FreeRTOS/timers.o
 .text.prvProcessReceivedCommands
                0x08006a60      0x1d0 ./ThirdParty/FreeRTOS/timers.o
 .text.prvSwitchTimerLists
                0x08006c30       0x4c ./ThirdParty/FreeRTOS/timers.o
 .text.prvCheckForValidListAndQueue
                0x08006c7c       0x6c ./ThirdParty/FreeRTOS/timers.o
 .text.pxPortInitialiseStack
                0x08006ce8       0x68 ./ThirdParty/FreeRTOS/portable/GCC/ARM_CM7/r0p1/port.o
                0x08006ce8                pxPortInitialiseStack
 .text.prvTaskExitError
                0x08006d50       0x64 ./ThirdParty/FreeRTOS/portable/GCC/ARM_CM7/r0p1/port.o
 *fill*         0x08006db4        0xc 
 .text.SVC_Handler
                0x08006dc0       0x28 ./ThirdParty/FreeRTOS/portable/GCC/ARM_CM7/r0p1/port.o
                0x08006dc0                SVC_Handler
 .text.prvPortStartFirstTask
                0x08006de8       0x2c ./ThirdParty/FreeRTOS/portable/GCC/ARM_CM7/r0p1/port.o
 .text.xPortStartScheduler
                0x08006e14      0x1a0 ./ThirdParty/FreeRTOS/portable/GCC/ARM_CM7/r0p1/port.o
                0x08006e14                xPortStartScheduler
 .text.vPortEnterCritical
                0x08006fb4       0x6c ./ThirdParty/FreeRTOS/portable/GCC/ARM_CM7/r0p1/port.o
                0x08006fb4                vPortEnterCritical
 .text.vPortExitCritical
                0x08007020       0x58 ./ThirdParty/FreeRTOS/portable/GCC/ARM_CM7/r0p1/port.o
                0x08007020                vPortExitCritical
 *fill*         0x08007078        0x8 
 .text.PendSV_Handler
                0x08007080       0x68 ./ThirdParty/FreeRTOS/portable/GCC/ARM_CM7/r0p1/port.o
                0x08007080                PendSV_Handler
 .text.SysTick_Handler
                0x080070e8       0x48 ./ThirdParty/FreeRTOS/portable/GCC/ARM_CM7/r0p1/port.o
                0x080070e8                SysTick_Handler
 .text.vPortSetupTimerInterrupt
                0x08007130       0x48 ./ThirdParty/FreeRTOS/portable/GCC/ARM_CM7/r0p1/port.o
                0x08007130                vPortSetupTimerInterrupt
 .text.vPortEnableVFP
                0x08007178       0x18 ./ThirdParty/FreeRTOS/portable/GCC/ARM_CM7/r0p1/port.o
 .text.vPortValidateInterruptPriority
                0x08007190       0x8c ./ThirdParty/FreeRTOS/portable/GCC/ARM_CM7/r0p1/port.o
                0x08007190                vPortValidateInterruptPriority
 .text.pvPortMalloc
                0x0800721c      0x27c ./ThirdParty/FreeRTOS/portable/MemMang/heap_4.o
                0x0800721c                pvPortMalloc
 .text.vPortFree
                0x08007498       0xf8 ./ThirdParty/FreeRTOS/portable/MemMang/heap_4.o
                0x08007498                vPortFree
 .text.prvHeapInit
                0x08007590       0xb4 ./ThirdParty/FreeRTOS/portable/MemMang/heap_4.o
 .text.prvInsertBlockIntoFreeList
                0x08007644       0xf8 ./ThirdParty/FreeRTOS/portable/MemMang/heap_4.o
 .text.eARPProcessPacket
                0x0800773c      0x25c ./ThirdParty/FreeRTOS-Plus-TCP/FreeRTOS_ARP.o
                0x0800773c                eARPProcessPacket
 .text.vARPProcessPacketRequest
                0x08007998       0x7c ./ThirdParty/FreeRTOS-Plus-TCP/FreeRTOS_ARP.o
 .text.vARPProcessPacketReply
                0x08007a14       0xb0 ./ThirdParty/FreeRTOS-Plus-TCP/FreeRTOS_ARP.o
 .text.xIsIPInARPCache
                0x08007ac4       0x60 ./ThirdParty/FreeRTOS-Plus-TCP/FreeRTOS_ARP.o
                0x08007ac4                xIsIPInARPCache
 .text.xCheckRequiresARPResolution
                0x08007b24       0x9c ./ThirdParty/FreeRTOS-Plus-TCP/FreeRTOS_ARP.o
                0x08007b24                xCheckRequiresARPResolution
 .text.vARPRefreshCacheEntryAge
                0x08007bc0       0x6c ./ThirdParty/FreeRTOS-Plus-TCP/FreeRTOS_ARP.o
                0x08007bc0                vARPRefreshCacheEntryAge
 .text.vARPRefreshCacheEntry
                0x08007c2c       0xec ./ThirdParty/FreeRTOS-Plus-TCP/FreeRTOS_ARP.o
                0x08007c2c                vARPRefreshCacheEntry
 .text.prvFindCacheEntry
                0x08007d18      0x110 ./ThirdParty/FreeRTOS-Plus-TCP/FreeRTOS_ARP.o
 .text.eARPGetCacheEntry
                0x08007e28      0x150 ./ThirdParty/FreeRTOS-Plus-TCP/FreeRTOS_ARP.o
                0x08007e28                eARPGetCacheEntry
 .text.eARPGetCacheEntryGateWay
                0x08007f78       0x84 ./ThirdParty/FreeRTOS-Plus-TCP/FreeRTOS_ARP.o
 .text.prvCacheLookup
                0x08007ffc       0x80 ./ThirdParty/FreeRTOS-Plus-TCP/FreeRTOS_ARP.o
 .text.vARPAgeCache
                0x0800807c      0x128 ./ThirdParty/FreeRTOS-Plus-TCP/FreeRTOS_ARP.o
                0x0800807c                vARPAgeCache
 .text.vARPSendGratuitous
                0x080081a4       0x18 ./ThirdParty/FreeRTOS-Plus-TCP/FreeRTOS_ARP.o
                0x080081a4                vARPSendGratuitous
 .text.FreeRTOS_OutputARPRequest_Multi
                0x080081bc       0xa2 ./ThirdParty/FreeRTOS-Plus-TCP/FreeRTOS_ARP.o
                0x080081bc                FreeRTOS_OutputARPRequest_Multi
 .text.FreeRTOS_OutputARPRequest
                0x0800825e       0x26 ./ThirdParty/FreeRTOS-Plus-TCP/FreeRTOS_ARP.o
                0x0800825e                FreeRTOS_OutputARPRequest
 .text.vARPGenerateRequestPacket
                0x08008284       0xec ./ThirdParty/FreeRTOS-Plus-TCP/FreeRTOS_ARP.o
                0x08008284                vARPGenerateRequestPacket
 .text.FreeRTOS_ClearARP
                0x08008370       0x5c ./ThirdParty/FreeRTOS-Plus-TCP/FreeRTOS_ARP.o
                0x08008370                FreeRTOS_ClearARP
 .text.xIsDHCPSocket
                0x080083cc       0x30 ./ThirdParty/FreeRTOS-Plus-TCP/FreeRTOS_DHCP.o
                0x080083cc                xIsDHCPSocket
 .text.vDHCPProcess
                0x080083fc      0x1e4 ./ThirdParty/FreeRTOS-Plus-TCP/FreeRTOS_DHCP.o
                0x080083fc                vDHCPProcess
 .text.vDHCPStop
                0x080085e0       0x1e ./ThirdParty/FreeRTOS-Plus-TCP/FreeRTOS_DHCP.o
                0x080085e0                vDHCPStop
 .text.xHandleWaitingOffer
                0x080085fe      0x10a ./ThirdParty/FreeRTOS-Plus-TCP/FreeRTOS_DHCP.o
 .text.vHandleWaitingAcknowledge
                0x08008708       0xe8 ./ThirdParty/FreeRTOS-Plus-TCP/FreeRTOS_DHCP.o
 .text.xHandleWaitingFirstDiscover
                0x080087f0       0x82 ./ThirdParty/FreeRTOS-Plus-TCP/FreeRTOS_DHCP.o
 .text.prvHandleWaitingeLeasedAddress
                0x08008872       0x8a ./ThirdParty/FreeRTOS-Plus-TCP/FreeRTOS_DHCP.o
 .text.vDHCPProcessEndPoint
                0x080088fc      0x168 ./ThirdParty/FreeRTOS-Plus-TCP/FreeRTOS_DHCP.o
 .text.prvCloseDHCPSocket
                0x08008a64       0x64 ./ThirdParty/FreeRTOS-Plus-TCP/FreeRTOS_DHCP.o
 .text.prvCreateDHCPSocket
                0x08008ac8      0x120 ./ThirdParty/FreeRTOS-Plus-TCP/FreeRTOS_DHCP.o
 .text.prvInitialiseDHCP
                0x08008be8       0x48 ./ThirdParty/FreeRTOS-Plus-TCP/FreeRTOS_DHCP.o
 .text.vProcessHandleOption
                0x08008c30      0x20c ./ThirdParty/FreeRTOS-Plus-TCP/FreeRTOS_DHCP.o
 .text.prvIsValidDHCPResponse
                0x08008e3c       0x80 ./ThirdParty/FreeRTOS-Plus-TCP/FreeRTOS_DHCP.o
 .text.xProcessCheckOption
                0x08008ebc       0xc8 ./ThirdParty/FreeRTOS-Plus-TCP/FreeRTOS_DHCP.o
 .text.prvProcessDHCPReplies
                0x08008f84      0x12c ./ThirdParty/FreeRTOS-Plus-TCP/FreeRTOS_DHCP.o
 .text.prvCreatePartDHCPMessage
                0x080090b0      0x130 ./ThirdParty/FreeRTOS-Plus-TCP/FreeRTOS_DHCP.o
 .text.prvSendDHCPRequest
                0x080091e0       0xc4 ./ThirdParty/FreeRTOS-Plus-TCP/FreeRTOS_DHCP.o
 .text.prvSendDHCPDiscover
                0x080092a4       0xfc ./ThirdParty/FreeRTOS-Plus-TCP/FreeRTOS_DHCP.o
 .text.FreeRTOS_dnsclear
                0x080093a0       0x24 ./ThirdParty/FreeRTOS-Plus-TCP/FreeRTOS_DNS_Cache.o
                0x080093a0                FreeRTOS_dnsclear
 .text.ProcessICMPPacket
                0x080093c4       0x6e ./ThirdParty/FreeRTOS-Plus-TCP/FreeRTOS_ICMP.o
                0x080093c4                ProcessICMPPacket
 .text.prvProcessICMPEchoRequest
                0x08009432       0x58 ./ThirdParty/FreeRTOS-Plus-TCP/FreeRTOS_ICMP.o
 .text.prvProcessICMPEchoReply
                0x0800948a       0xa4 ./ThirdParty/FreeRTOS-Plus-TCP/FreeRTOS_ICMP.o
 .text.prvIPTask
                0x0800952e       0x12 ./ThirdParty/FreeRTOS-Plus-TCP/FreeRTOS_IP.o
 .text.prvProcessIPEventsAndTimers
                0x08009540      0x190 ./ThirdParty/FreeRTOS-Plus-TCP/FreeRTOS_IP.o
 .text.prvIPTask_Initialise
                0x080096d0       0x50 ./ThirdParty/FreeRTOS-Plus-TCP/FreeRTOS_IP.o
 .text.prvIPTask_CheckPendingEvents
                0x08009720       0x54 ./ThirdParty/FreeRTOS-Plus-TCP/FreeRTOS_IP.o
 .text.prvCallDHCP_RA_Handler
                0x08009774       0x46 ./ThirdParty/FreeRTOS-Plus-TCP/FreeRTOS_IP.o
 *fill*         0x080097ba        0x2 
 .text.FreeRTOS_GetIPTaskHandle
                0x080097bc       0x18 ./ThirdParty/FreeRTOS-Plus-TCP/FreeRTOS_IP.o
                0x080097bc                FreeRTOS_GetIPTaskHandle
 .text.vIPNetworkUpCalls
                0x080097d4       0x36 ./ThirdParty/FreeRTOS-Plus-TCP/FreeRTOS_IP.o
                0x080097d4                vIPNetworkUpCalls
 .text.prvHandleEthernetPacket
                0x0800980a       0x1c ./ThirdParty/FreeRTOS-Plus-TCP/FreeRTOS_IP.o
 .text.prvForwardTxPacket
                0x08009826       0x2a ./ThirdParty/FreeRTOS-Plus-TCP/FreeRTOS_IP.o
 .text.FreeRTOS_NetworkDown
                0x08009850       0x58 ./ThirdParty/FreeRTOS-Plus-TCP/FreeRTOS_IP.o
                0x08009850                FreeRTOS_NetworkDown
 .text.FreeRTOS_IPInit_Multi
                0x080098a8       0xd4 ./ThirdParty/FreeRTOS-Plus-TCP/FreeRTOS_IP.o
                0x080098a8                FreeRTOS_IPInit_Multi
 .text.FreeRTOS_ReleaseUDPPayloadBuffer
                0x0800997c       0x40 ./ThirdParty/FreeRTOS-Plus-TCP/FreeRTOS_IP.o
                0x0800997c                FreeRTOS_ReleaseUDPPayloadBuffer
 .text.xSendEventToIPTask
                0x080099bc       0x2c ./ThirdParty/FreeRTOS-Plus-TCP/FreeRTOS_IP.o
                0x080099bc                xSendEventToIPTask
 .text.xSendEventStructToIPTask
                0x080099e8       0x90 ./ThirdParty/FreeRTOS-Plus-TCP/FreeRTOS_IP.o
                0x080099e8                xSendEventStructToIPTask
 .text.eConsiderFrameForProcessing
                0x08009a78      0x130 ./ThirdParty/FreeRTOS-Plus-TCP/FreeRTOS_IP.o
                0x08009a78                eConsiderFrameForProcessing
 .text.prvProcessEthernetPacket
                0x08009ba8      0x114 ./ThirdParty/FreeRTOS-Plus-TCP/FreeRTOS_IP.o
 .text.prvProcessUDPPacket
                0x08009cbc      0x10c ./ThirdParty/FreeRTOS-Plus-TCP/FreeRTOS_IP.o
 .text.prvProcessIPPacket
                0x08009dc8      0x12c ./ThirdParty/FreeRTOS-Plus-TCP/FreeRTOS_IP.o
 .text.vReturnEthernetFrame
                0x08009ef4      0x15e ./ThirdParty/FreeRTOS-Plus-TCP/FreeRTOS_IP.o
                0x08009ef4                vReturnEthernetFrame
 *fill*         0x0800a052        0x2 
 .text.xIPIsNetworkTaskReady
                0x0800a054       0x18 ./ThirdParty/FreeRTOS-Plus-TCP/FreeRTOS_IP.o
                0x0800a054                xIPIsNetworkTaskReady
 .text.FreeRTOS_IsEndPointUp
                0x0800a06c       0x30 ./ThirdParty/FreeRTOS-Plus-TCP/FreeRTOS_IP.o
                0x0800a06c                FreeRTOS_IsEndPointUp
 .text.FreeRTOS_AllEndPointsUp
                0x0800a09c       0x5c ./ThirdParty/FreeRTOS-Plus-TCP/FreeRTOS_IP.o
                0x0800a09c                FreeRTOS_AllEndPointsUp
 .text.uxIPHeaderSizePacket
                0x0800a0f8       0x34 ./ThirdParty/FreeRTOS-Plus-TCP/FreeRTOS_IP.o
                0x0800a0f8                uxIPHeaderSizePacket
 .text.uxIPHeaderSizeSocket
                0x0800a12c       0x34 ./ThirdParty/FreeRTOS-Plus-TCP/FreeRTOS_IP.o
                0x0800a12c                uxIPHeaderSizeSocket
 .text.xCalculateSleepTime
                0x0800a160       0x98 ./ThirdParty/FreeRTOS-Plus-TCP/FreeRTOS_IP_Timers.o
                0x0800a160                xCalculateSleepTime
 .text.vCheckNetworkTimers
                0x0800a1f8      0x144 ./ThirdParty/FreeRTOS-Plus-TCP/FreeRTOS_IP_Timers.o
                0x0800a1f8                vCheckNetworkTimers
 .text.prvIPTimerStart
                0x0800a33c       0x48 ./ThirdParty/FreeRTOS-Plus-TCP/FreeRTOS_IP_Timers.o
 .text.vIPTimerStartARPResolution
                0x0800a384       0x1c ./ThirdParty/FreeRTOS-Plus-TCP/FreeRTOS_IP_Timers.o
                0x0800a384                vIPTimerStartARPResolution
 .text.prvIPTimerReload
                0x0800a3a0       0x20 ./ThirdParty/FreeRTOS-Plus-TCP/FreeRTOS_IP_Timers.o
 .text.vTCPTimerReload
                0x0800a3c0       0x1c ./ThirdParty/FreeRTOS-Plus-TCP/FreeRTOS_IP_Timers.o
                0x0800a3c0                vTCPTimerReload
 .text.vARPTimerReload
                0x0800a3dc       0x1c ./ThirdParty/FreeRTOS-Plus-TCP/FreeRTOS_IP_Timers.o
                0x0800a3dc                vARPTimerReload
 .text.vDHCP_RATimerReload
                0x0800a3f8       0x1e ./ThirdParty/FreeRTOS-Plus-TCP/FreeRTOS_IP_Timers.o
                0x0800a3f8                vDHCP_RATimerReload
 *fill*         0x0800a416        0x2 
 .text.vNetworkTimerReload
                0x0800a418       0x1c ./ThirdParty/FreeRTOS-Plus-TCP/FreeRTOS_IP_Timers.o
                0x0800a418                vNetworkTimerReload
 .text.prvIPTimerCheck
                0x0800a434       0x78 ./ThirdParty/FreeRTOS-Plus-TCP/FreeRTOS_IP_Timers.o
 .text.vIPSetTCPTimerExpiredState
                0x0800a4ac       0x40 ./ThirdParty/FreeRTOS-Plus-TCP/FreeRTOS_IP_Timers.o
                0x0800a4ac                vIPSetTCPTimerExpiredState
 .text.vIPSetARPTimerEnableState
                0x0800a4ec       0x34 ./ThirdParty/FreeRTOS-Plus-TCP/FreeRTOS_IP_Timers.o
                0x0800a4ec                vIPSetARPTimerEnableState
 .text.vIPSetARPResolutionTimerEnableState
                0x0800a520       0x34 ./ThirdParty/FreeRTOS-Plus-TCP/FreeRTOS_IP_Timers.o
                0x0800a520                vIPSetARPResolutionTimerEnableState
 .text.vIPSetDHCP_RATimerEnableState
                0x0800a554       0x3a ./ThirdParty/FreeRTOS-Plus-TCP/FreeRTOS_IP_Timers.o
                0x0800a554                vIPSetDHCP_RATimerEnableState
 *fill*         0x0800a58e        0x2 
 .text.vSetAllNetworksUp
                0x0800a590       0x20 ./ThirdParty/FreeRTOS-Plus-TCP/FreeRTOS_IP_Timers.o
                0x0800a590                vSetAllNetworksUp
 .text.xSendDHCPEvent
                0x0800a5b0       0x3c ./ThirdParty/FreeRTOS-Plus-TCP/FreeRTOS_IP_Utils.o
                0x0800a5b0                xSendDHCPEvent
 .text.pxDuplicateNetworkBufferWithDescriptor
                0x0800a5ec       0x9a ./ThirdParty/FreeRTOS-Plus-TCP/FreeRTOS_IP_Utils.o
                0x0800a5ec                pxDuplicateNetworkBufferWithDescriptor
 .text.prvPacketBuffer_to_NetworkBuffer
                0x0800a686       0x48 ./ThirdParty/FreeRTOS-Plus-TCP/FreeRTOS_IP_Utils.o
 .text.void_ptr_to_uintptr
                0x0800a6ce       0x1a ./ThirdParty/FreeRTOS-Plus-TCP/FreeRTOS_IP_Utils.o
 .text.pxPacketBuffer_to_NetworkBuffer
                0x0800a6e8       0x1a ./ThirdParty/FreeRTOS-Plus-TCP/FreeRTOS_IP_Utils.o
                0x0800a6e8                pxPacketBuffer_to_NetworkBuffer
 .text.pxUDPPayloadBuffer_to_NetworkBuffer
                0x0800a702       0x88 ./ThirdParty/FreeRTOS-Plus-TCP/FreeRTOS_IP_Utils.o
                0x0800a702                pxUDPPayloadBuffer_to_NetworkBuffer
 .text.xIsCallingFromIPTask
                0x0800a78a       0x2e ./ThirdParty/FreeRTOS-Plus-TCP/FreeRTOS_IP_Utils.o
                0x0800a78a                xIsCallingFromIPTask
 .text.prvProcessNetworkDownEvent
                0x0800a7b8      0x11c ./ThirdParty/FreeRTOS-Plus-TCP/FreeRTOS_IP_Utils.o
                0x0800a7b8                prvProcessNetworkDownEvent
 .text.vPreCheckConfigs
                0x0800a8d4      0x194 ./ThirdParty/FreeRTOS-Plus-TCP/FreeRTOS_IP_Utils.o
                0x0800a8d4                vPreCheckConfigs
 .text.FreeRTOS_max_size_t
                0x0800aa68       0x20 ./ThirdParty/FreeRTOS-Plus-TCP/FreeRTOS_IP_Utils.o
                0x0800aa68                FreeRTOS_max_size_t
 .text.FreeRTOS_min_int32
                0x0800aa88       0x20 ./ThirdParty/FreeRTOS-Plus-TCP/FreeRTOS_IP_Utils.o
                0x0800aa88                FreeRTOS_min_int32
 .text.FreeRTOS_min_uint32
                0x0800aaa8       0x20 ./ThirdParty/FreeRTOS-Plus-TCP/FreeRTOS_IP_Utils.o
                0x0800aaa8                FreeRTOS_min_uint32
 .text.FreeRTOS_min_size_t
                0x0800aac8       0x20 ./ThirdParty/FreeRTOS-Plus-TCP/FreeRTOS_IP_Utils.o
                0x0800aac8                FreeRTOS_min_size_t
 .text.FreeRTOS_add_int32
                0x0800aae8       0x56 ./ThirdParty/FreeRTOS-Plus-TCP/FreeRTOS_IP_Utils.o
                0x0800aae8                FreeRTOS_add_int32
 .text.FreeRTOS_multiply_int32
                0x0800ab3e       0xac ./ThirdParty/FreeRTOS-Plus-TCP/FreeRTOS_IP_Utils.o
                0x0800ab3e                FreeRTOS_multiply_int32
 .text.FreeRTOS_round_up
                0x0800abea       0x5a ./ThirdParty/FreeRTOS-Plus-TCP/FreeRTOS_IP_Utils.o
                0x0800abea                FreeRTOS_round_up
 .text.vReleaseSinglePacketFromUDPSocket
                0x0800ac44       0x3a ./ThirdParty/FreeRTOS-Plus-TCP/FreeRTOS_IP_Utils.o
                0x0800ac44                vReleaseSinglePacketFromUDPSocket
 .text.ulChar2u32
                0x0800ac7e       0x36 ./ThirdParty/FreeRTOS-Plus-TCP/FreeRTOS_IP_Utils.o
                0x0800ac7e                ulChar2u32
 .text.usChar2u16
                0x0800acb4       0x26 ./ThirdParty/FreeRTOS-Plus-TCP/FreeRTOS_IP_Utils.o
                0x0800acb4                usChar2u16
 .text.eGetDHCPState
                0x0800acda       0x1a ./ThirdParty/FreeRTOS-Plus-TCP/FreeRTOS_IP_Utils.o
                0x0800acda                eGetDHCPState
 .text.xCheckIPv4SizeFields
                0x0800acf4       0xf2 ./ThirdParty/FreeRTOS-Plus-TCP/FreeRTOS_IPv4.o
 .text.xIsIPv4Multicast
                0x0800ade6       0x50 ./ThirdParty/FreeRTOS-Plus-TCP/FreeRTOS_IPv4.o
                0x0800ade6                xIsIPv4Multicast
 .text.xIsIPv4Broadcast
                0x0800ae36       0x6a ./ThirdParty/FreeRTOS-Plus-TCP/FreeRTOS_IPv4.o
                0x0800ae36                xIsIPv4Broadcast
 .text.xBadIPv4Loopback
                0x0800aea0       0x52 ./ThirdParty/FreeRTOS-Plus-TCP/FreeRTOS_IPv4.o
                0x0800aea0                xBadIPv4Loopback
 .text.xIsIPv4Loopback
                0x0800aef2       0x4c ./ThirdParty/FreeRTOS-Plus-TCP/FreeRTOS_IPv4.o
                0x0800aef2                xIsIPv4Loopback
 *fill*         0x0800af3e        0x2 
 .text.prvAllowIPPacketIPv4
                0x0800af40      0x1e8 ./ThirdParty/FreeRTOS-Plus-TCP/FreeRTOS_IPv4.o
                0x0800af40                prvAllowIPPacketIPv4
 .text.prvCheckIP4HeaderOptions
                0x0800b128       0xdc ./ThirdParty/FreeRTOS-Plus-TCP/FreeRTOS_IPv4.o
                0x0800b128                prvCheckIP4HeaderOptions
 .text.FreeRTOS_inet_ntop4
                0x0800b204       0x40 ./ThirdParty/FreeRTOS-Plus-TCP/FreeRTOS_IPv4_Sockets.o
                0x0800b204                FreeRTOS_inet_ntop4
 .text.xSend_UDP_Update_IPv4
                0x0800b244       0x40 ./ThirdParty/FreeRTOS-Plus-TCP/FreeRTOS_IPv4_Sockets.o
                0x0800b244                xSend_UDP_Update_IPv4
 .text.xRecv_Update_IPv4
                0x0800b284       0x42 ./ThirdParty/FreeRTOS-Plus-TCP/FreeRTOS_IPv4_Sockets.o
                0x0800b284                xRecv_Update_IPv4
 .text.vSetMultiCastIPv4MacAddress
                0x0800b2c6       0x6a ./ThirdParty/FreeRTOS-Plus-TCP/FreeRTOS_IPv4_Utils.o
                0x0800b2c6                vSetMultiCastIPv4MacAddress
 .text.FreeRTOS_FillEndPoint
                0x0800b330      0x10a ./ThirdParty/FreeRTOS-Plus-TCP/FreeRTOS_Routing.o
                0x0800b330                FreeRTOS_FillEndPoint
 *fill*         0x0800b43a        0x2 
 .text.FreeRTOS_AddNetworkInterface
                0x0800b43c       0x68 ./ThirdParty/FreeRTOS-Plus-TCP/FreeRTOS_Routing.o
                0x0800b43c                FreeRTOS_AddNetworkInterface
 .text.FreeRTOS_FirstNetworkInterface
                0x0800b4a4       0x18 ./ThirdParty/FreeRTOS-Plus-TCP/FreeRTOS_Routing.o
                0x0800b4a4                FreeRTOS_FirstNetworkInterface
 .text.FreeRTOS_NextNetworkInterface
                0x0800b4bc       0x28 ./ThirdParty/FreeRTOS-Plus-TCP/FreeRTOS_Routing.o
                0x0800b4bc                FreeRTOS_NextNetworkInterface
 .text.FreeRTOS_AddEndPoint
                0x0800b4e4       0x84 ./ThirdParty/FreeRTOS-Plus-TCP/FreeRTOS_Routing.o
 .text.FreeRTOS_FirstEndPoint
                0x0800b568       0x44 ./ThirdParty/FreeRTOS-Plus-TCP/FreeRTOS_Routing.o
                0x0800b568                FreeRTOS_FirstEndPoint
 .text.FreeRTOS_NextEndPoint
                0x0800b5ac       0x52 ./ThirdParty/FreeRTOS-Plus-TCP/FreeRTOS_Routing.o
                0x0800b5ac                FreeRTOS_NextEndPoint
 *fill*         0x0800b5fe        0x2 
 .text.FreeRTOS_FindEndPointOnIP_IPv4
                0x0800b600       0x40 ./ThirdParty/FreeRTOS-Plus-TCP/FreeRTOS_Routing.o
                0x0800b600                FreeRTOS_FindEndPointOnIP_IPv4
 .text.FreeRTOS_FindEndPointOnMAC
                0x0800b640       0x64 ./ThirdParty/FreeRTOS-Plus-TCP/FreeRTOS_Routing.o
                0x0800b640                FreeRTOS_FindEndPointOnMAC
 .text.FreeRTOS_FindEndPointOnNetMask
                0x0800b6a4       0x1a ./ThirdParty/FreeRTOS-Plus-TCP/FreeRTOS_Routing.o
                0x0800b6a4                FreeRTOS_FindEndPointOnNetMask
 *fill*         0x0800b6be        0x2 
 .text.FreeRTOS_InterfaceEndPointOnNetMask
                0x0800b6c0       0x60 ./ThirdParty/FreeRTOS-Plus-TCP/FreeRTOS_Routing.o
                0x0800b6c0                FreeRTOS_InterfaceEndPointOnNetMask
 .text.pxEasyFit
                0x0800b720      0x126 ./ThirdParty/FreeRTOS-Plus-TCP/FreeRTOS_Routing.o
                0x0800b720                pxEasyFit
 .text.FreeRTOS_MatchingEndpoint
                0x0800b846      0x134 ./ThirdParty/FreeRTOS-Plus-TCP/FreeRTOS_Routing.o
                0x0800b846                FreeRTOS_MatchingEndpoint
 *fill*         0x0800b97a        0x2 
 .text.FreeRTOS_FindGateWay
                0x0800b97c       0x3c ./ThirdParty/FreeRTOS-Plus-TCP/FreeRTOS_Routing.o
                0x0800b97c                FreeRTOS_FindGateWay
 .text.xCheckRequiresResolution
                0x0800b9b8       0x2e ./ThirdParty/FreeRTOS-Plus-TCP/FreeRTOS_Routing.o
                0x0800b9b8                xCheckRequiresResolution
 .text.prvValidSocket
                0x0800b9e6       0x54 ./ThirdParty/FreeRTOS-Plus-TCP/FreeRTOS_Sockets.o
 *fill*         0x0800ba3a        0x2 
 .text.vNetworkSocketsInit
                0x0800ba3c       0x1c ./ThirdParty/FreeRTOS-Plus-TCP/FreeRTOS_Sockets.o
                0x0800ba3c                vNetworkSocketsInit
 .text.prvDetermineSocketSize
                0x0800ba58      0x14c ./ThirdParty/FreeRTOS-Plus-TCP/FreeRTOS_Sockets.o
 .text.prvInitialiseTCPFields
                0x0800bba4       0x7c ./ThirdParty/FreeRTOS-Plus-TCP/FreeRTOS_Sockets.o
 .text.FreeRTOS_socket
                0x0800bc20      0x13c ./ThirdParty/FreeRTOS-Plus-TCP/FreeRTOS_Sockets.o
                0x0800bc20                FreeRTOS_socket
 .text.prvRecvFromWaitForPacket
                0x0800bd5c       0xce ./ThirdParty/FreeRTOS-Plus-TCP/FreeRTOS_Sockets.o
 .text.prvRecvFrom_CopyPacket
                0x0800be2a       0x4a ./ThirdParty/FreeRTOS-Plus-TCP/FreeRTOS_Sockets.o
 .text.FreeRTOS_recvfrom
                0x0800be74       0xd4 ./ThirdParty/FreeRTOS-Plus-TCP/FreeRTOS_Sockets.o
                0x0800be74                FreeRTOS_recvfrom
 .text.prvMakeSureSocketIsBound
                0x0800bf48       0x40 ./ThirdParty/FreeRTOS-Plus-TCP/FreeRTOS_Sockets.o
 .text.prvSendUDPPacket
                0x0800bf88       0x8e ./ThirdParty/FreeRTOS-Plus-TCP/FreeRTOS_Sockets.o
 .text.prvSendTo_ActualSend
                0x0800c016       0xc6 ./ThirdParty/FreeRTOS-Plus-TCP/FreeRTOS_Sockets.o
 .text.FreeRTOS_sendto
                0x0800c0dc       0xb8 ./ThirdParty/FreeRTOS-Plus-TCP/FreeRTOS_Sockets.o
                0x0800c0dc                FreeRTOS_sendto
 .text.FreeRTOS_bind
                0x0800c194      0x128 ./ThirdParty/FreeRTOS-Plus-TCP/FreeRTOS_Sockets.o
                0x0800c194                FreeRTOS_bind
 .text.prvSocketBindAdd
                0x0800c2bc       0xdc ./ThirdParty/FreeRTOS-Plus-TCP/FreeRTOS_Sockets.o
 .text.vSocketBind
                0x0800c398       0xf4 ./ThirdParty/FreeRTOS-Plus-TCP/FreeRTOS_Sockets.o
                0x0800c398                vSocketBind
 .text.vSocketClose
                0x0800c48c       0xc2 ./ThirdParty/FreeRTOS-Plus-TCP/FreeRTOS_Sockets.o
                0x0800c48c                vSocketClose
 *fill*         0x0800c54e        0x2 
 .text.prvTCPSetSocketCount
                0x0800c550       0xd4 ./ThirdParty/FreeRTOS-Plus-TCP/FreeRTOS_Sockets.o
 .text.prvSockopt_so_buffer
                0x0800c624       0x86 ./ThirdParty/FreeRTOS-Plus-TCP/FreeRTOS_Sockets.o
 .text.prvSetOptionTCPWindows
                0x0800c6aa       0xb4 ./ThirdParty/FreeRTOS-Plus-TCP/FreeRTOS_Sockets.o
 .text.prvSetOptionLowHighWater
                0x0800c75e       0x58 ./ThirdParty/FreeRTOS-Plus-TCP/FreeRTOS_Sockets.o
 .text.prvSetOptionSetFullSize
                0x0800c7b6       0x72 ./ThirdParty/FreeRTOS-Plus-TCP/FreeRTOS_Sockets.o
 .text.prvSetOptionStopRX
                0x0800c828       0x6a ./ThirdParty/FreeRTOS-Plus-TCP/FreeRTOS_Sockets.o
 .text.prvSetOptionTimeout
                0x0800c892       0x46 ./ThirdParty/FreeRTOS-Plus-TCP/FreeRTOS_Sockets.o
 .text.prvSetOptionReuseListenSocket
                0x0800c8d8       0x52 ./ThirdParty/FreeRTOS-Plus-TCP/FreeRTOS_Sockets.o
 .text.prvSetOptionCloseAfterSend
                0x0800c92a       0x52 ./ThirdParty/FreeRTOS-Plus-TCP/FreeRTOS_Sockets.o
 .text.FreeRTOS_setsockopt
                0x0800c97c      0x140 ./ThirdParty/FreeRTOS-Plus-TCP/FreeRTOS_Sockets.o
                0x0800c97c                FreeRTOS_setsockopt
 .text.prvGetPrivatePortNumber
                0x0800cabc       0xb4 ./ThirdParty/FreeRTOS-Plus-TCP/FreeRTOS_Sockets.o
 .text.pxListFindListItemWithValue
                0x0800cb70       0x54 ./ThirdParty/FreeRTOS-Plus-TCP/FreeRTOS_Sockets.o
 .text.pxUDPSocketLookup
                0x0800cbc4       0x54 ./ThirdParty/FreeRTOS-Plus-TCP/FreeRTOS_Sockets.o
                0x0800cbc4                pxUDPSocketLookup
 .text.FreeRTOS_inet_ntoa
                0x0800cc18       0xfc ./ThirdParty/FreeRTOS-Plus-TCP/FreeRTOS_Sockets.o
                0x0800cc18                FreeRTOS_inet_ntoa
 .text.FreeRTOS_inet_ntop
                0x0800cd14       0x32 ./ThirdParty/FreeRTOS-Plus-TCP/FreeRTOS_Sockets.o
                0x0800cd14                FreeRTOS_inet_ntop
 .text.FreeRTOS_GetLocalAddress
                0x0800cd46       0x82 ./ThirdParty/FreeRTOS-Plus-TCP/FreeRTOS_Sockets.o
                0x0800cd46                FreeRTOS_GetLocalAddress
 .text.vSocketWakeUpUser
                0x0800cdc8       0x36 ./ThirdParty/FreeRTOS-Plus-TCP/FreeRTOS_Sockets.o
                0x0800cdc8                vSocketWakeUpUser
 .text.FreeRTOS_listen
                0x0800cdfe       0xe0 ./ThirdParty/FreeRTOS-Plus-TCP/FreeRTOS_Sockets.o
                0x0800cdfe                FreeRTOS_listen
 *fill*         0x0800cede        0x2 
 .text.xTCPTimerCheck
                0x0800cee0       0xec ./ThirdParty/FreeRTOS-Plus-TCP/FreeRTOS_Sockets.o
                0x0800cee0                xTCPTimerCheck
 .text.pxTCPSocketLookup
                0x0800cfcc       0xa8 ./ThirdParty/FreeRTOS-Plus-TCP/FreeRTOS_Sockets.o
                0x0800cfcc                pxTCPSocketLookup
 .text.prvTCPCreateStream
                0x0800d074      0x110 ./ThirdParty/FreeRTOS-Plus-TCP/FreeRTOS_Sockets.o
 .text.vTCPAddRxdata_Stored
                0x0800d184       0x6e ./ThirdParty/FreeRTOS-Plus-TCP/FreeRTOS_Sockets.o
 .text.lTCPAddRxdata
                0x0800d1f2       0x62 ./ThirdParty/FreeRTOS-Plus-TCP/FreeRTOS_Sockets.o
                0x0800d1f2                lTCPAddRxdata
 .text.FreeRTOS_tx_size
                0x0800d254       0x48 ./ThirdParty/FreeRTOS-Plus-TCP/FreeRTOS_Sockets.o
                0x0800d254                FreeRTOS_tx_size
 .text.FreeRTOS_issocketconnected
                0x0800d29c       0x48 ./ThirdParty/FreeRTOS-Plus-TCP/FreeRTOS_Sockets.o
                0x0800d29c                FreeRTOS_issocketconnected
 .text.xSocketValid
                0x0800d2e4       0x2c ./ThirdParty/FreeRTOS-Plus-TCP/FreeRTOS_Sockets.o
                0x0800d2e4                xSocketValid
 .text.uxStreamBufferSpace
                0x0800d310       0x3e ./ThirdParty/FreeRTOS-Plus-TCP/FreeRTOS_Stream_Buffer.o
                0x0800d310                uxStreamBufferSpace
 .text.uxStreamBufferDistance
                0x0800d34e       0x3c ./ThirdParty/FreeRTOS-Plus-TCP/FreeRTOS_Stream_Buffer.o
                0x0800d34e                uxStreamBufferDistance
 .text.uxStreamBufferGetSpace
                0x0800d38a       0x22 ./ThirdParty/FreeRTOS-Plus-TCP/FreeRTOS_Stream_Buffer.o
                0x0800d38a                uxStreamBufferGetSpace
 .text.uxStreamBufferFrontSpace
                0x0800d3ac       0x22 ./ThirdParty/FreeRTOS-Plus-TCP/FreeRTOS_Stream_Buffer.o
                0x0800d3ac                uxStreamBufferFrontSpace
 .text.uxStreamBufferGetSize
                0x0800d3ce       0x22 ./ThirdParty/FreeRTOS-Plus-TCP/FreeRTOS_Stream_Buffer.o
                0x0800d3ce                uxStreamBufferGetSize
 .text.uxStreamBufferMidSpace
                0x0800d3f0       0x22 ./ThirdParty/FreeRTOS-Plus-TCP/FreeRTOS_Stream_Buffer.o
                0x0800d3f0                uxStreamBufferMidSpace
 .text.vStreamBufferClear
                0x0800d412       0x2c ./ThirdParty/FreeRTOS-Plus-TCP/FreeRTOS_Stream_Buffer.o
                0x0800d412                vStreamBufferClear
 .text.vStreamBufferMoveMid
                0x0800d43e       0x54 ./ThirdParty/FreeRTOS-Plus-TCP/FreeRTOS_Stream_Buffer.o
                0x0800d43e                vStreamBufferMoveMid
 .text.xStreamBufferLessThenEqual
                0x0800d492       0x38 ./ThirdParty/FreeRTOS-Plus-TCP/FreeRTOS_Stream_Buffer.o
                0x0800d492                xStreamBufferLessThenEqual
 .text.uxStreamBufferAdd
                0x0800d4ca      0x100 ./ThirdParty/FreeRTOS-Plus-TCP/FreeRTOS_Stream_Buffer.o
                0x0800d4ca                uxStreamBufferAdd
 .text.uxStreamBufferGet
                0x0800d5ca       0xe4 ./ThirdParty/FreeRTOS-Plus-TCP/FreeRTOS_Stream_Buffer.o
                0x0800d5ca                uxStreamBufferGet
 *fill*         0x0800d6ae        0x2 
 .text.vSocketCloseNextTime
                0x0800d6b0       0x38 ./ThirdParty/FreeRTOS-Plus-TCP/FreeRTOS_TCP_IP.o
                0x0800d6b0                vSocketCloseNextTime
 .text.vSocketListenNextTime
                0x0800d6e8       0x40 ./ThirdParty/FreeRTOS-Plus-TCP/FreeRTOS_TCP_IP.o
                0x0800d6e8                vSocketListenNextTime
 .text.xTCPSocketCheck
                0x0800d728       0xe4 ./ThirdParty/FreeRTOS-Plus-TCP/FreeRTOS_TCP_IP.o
                0x0800d728                xTCPSocketCheck
 .text.prvTCPTouchSocket
                0x0800d80c       0x1a ./ThirdParty/FreeRTOS-Plus-TCP/FreeRTOS_TCP_IP.o
                0x0800d80c                prvTCPTouchSocket
 *fill*         0x0800d826        0x2 
 .text.vTCPRemoveTCPChild
                0x0800d828       0x6c ./ThirdParty/FreeRTOS-Plus-TCP/FreeRTOS_TCP_IP.o
 .text.vTCPStateChange
                0x0800d894      0x25c ./ThirdParty/FreeRTOS-Plus-TCP/FreeRTOS_TCP_IP.o
                0x0800d894                vTCPStateChange
 .text.prvTCPNextTimeout
                0x0800daf0      0x2f4 ./ThirdParty/FreeRTOS-Plus-TCP/FreeRTOS_TCP_IP.o
                0x0800daf0                prvTCPNextTimeout
 .text.xGetSourceAddrFromBuffer
                0x0800dde4       0x86 ./ThirdParty/FreeRTOS-Plus-TCP/FreeRTOS_TCP_IP.o
 .text.xProcessReceivedTCPPacket
                0x0800de6a      0x394 ./ThirdParty/FreeRTOS-Plus-TCP/FreeRTOS_TCP_IP.o
                0x0800de6a                xProcessReceivedTCPPacket
 *fill*         0x0800e1fe        0x2 
 .text.xTCPCheckNewClient
                0x0800e200       0x90 ./ThirdParty/FreeRTOS-Plus-TCP/FreeRTOS_TCP_IP.o
                0x0800e200                xTCPCheckNewClient
 .text.prvCheckOptions
                0x0800e290       0xc6 ./ThirdParty/FreeRTOS-Plus-TCP/FreeRTOS_TCP_Reception.o
                0x0800e290                prvCheckOptions
 .text.prvSingleStepTCPHeaderOptions
                0x0800e356      0x1d2 ./ThirdParty/FreeRTOS-Plus-TCP/FreeRTOS_TCP_Reception.o
 .text.prvReadSackOption
                0x0800e528       0x72 ./ThirdParty/FreeRTOS-Plus-TCP/FreeRTOS_TCP_Reception.o
 .text.prvCheckRxData
                0x0800e59a      0x116 ./ThirdParty/FreeRTOS-Plus-TCP/FreeRTOS_TCP_Reception.o
                0x0800e59a                prvCheckRxData
 .text.prvStoreRxData
                0x0800e6b0      0x120 ./ThirdParty/FreeRTOS-Plus-TCP/FreeRTOS_TCP_Reception.o
                0x0800e6b0                prvStoreRxData
 .text.prvTCPSocketIsActive
                0x0800e7d0       0x4e ./ThirdParty/FreeRTOS-Plus-TCP/FreeRTOS_TCP_State_Handling.o
                0x0800e7d0                prvTCPSocketIsActive
 .text.prvTCPStatusAgeCheck
                0x0800e81e       0x80 ./ThirdParty/FreeRTOS-Plus-TCP/FreeRTOS_TCP_State_Handling.o
                0x0800e81e                prvTCPStatusAgeCheck
 .text.prvTCPHandleFin
                0x0800e89e      0x16a ./ThirdParty/FreeRTOS-Plus-TCP/FreeRTOS_TCP_State_Handling.o
 .text.prvHandleSynReceived
                0x0800ea08      0x228 ./ThirdParty/FreeRTOS-Plus-TCP/FreeRTOS_TCP_State_Handling.o
 .text.prvHandleEstablished
                0x0800ec30      0x24a ./ThirdParty/FreeRTOS-Plus-TCP/FreeRTOS_TCP_State_Handling.o
 *fill*         0x0800ee7a        0x2 
 .text.prvTCPHandleState
                0x0800ee7c      0x250 ./ThirdParty/FreeRTOS-Plus-TCP/FreeRTOS_TCP_State_Handling.o
                0x0800ee7c                prvTCPHandleState
 .text.prvHandleListen
                0x0800f0cc       0x32 ./ThirdParty/FreeRTOS-Plus-TCP/FreeRTOS_TCP_State_Handling.o
                0x0800f0cc                prvHandleListen
 .text.prvTCPSocketCopy
                0x0800f0fe       0xce ./ThirdParty/FreeRTOS-Plus-TCP/FreeRTOS_TCP_State_Handling.o
                0x0800f0fe                prvTCPSocketCopy
 .text.prvHandleListen_IPV4
                0x0800f1cc      0x20c ./ThirdParty/FreeRTOS-Plus-TCP/FreeRTOS_TCP_State_Handling_IPv4.o
                0x0800f1cc                prvHandleListen_IPV4
 .text.prvTCPMakeSurePrepared
                0x0800f3d8       0x36 ./ThirdParty/FreeRTOS-Plus-TCP/FreeRTOS_TCP_Transmission.o
 .text.prvTCPSendPacket
                0x0800f40e       0xc6 ./ThirdParty/FreeRTOS-Plus-TCP/FreeRTOS_TCP_Transmission.o
                0x0800f40e                prvTCPSendPacket
 .text.prvTCPSendRepeated
                0x0800f4d4       0x60 ./ThirdParty/FreeRTOS-Plus-TCP/FreeRTOS_TCP_Transmission.o
                0x0800f4d4                prvTCPSendRepeated
 .text.prvTCPReturnPacket
                0x0800f534       0x58 ./ThirdParty/FreeRTOS-Plus-TCP/FreeRTOS_TCP_Transmission.o
                0x0800f534                prvTCPReturnPacket
 .text.prvTCPReturn_CheckTCPWindow
                0x0800f58c       0xf0 ./ThirdParty/FreeRTOS-Plus-TCP/FreeRTOS_TCP_Transmission.o
                0x0800f58c                prvTCPReturn_CheckTCPWindow
 .text.prvTCPReturn_SetSequenceNumber
                0x0800f67c       0xbe ./ThirdParty/FreeRTOS-Plus-TCP/FreeRTOS_TCP_Transmission.o
                0x0800f67c                prvTCPReturn_SetSequenceNumber
 .text.prvTCPCreateWindow
                0x0800f73a       0x5c ./ThirdParty/FreeRTOS-Plus-TCP/FreeRTOS_TCP_Transmission.o
                0x0800f73a                prvTCPCreateWindow
 .text.prvTCPPrepareConnect
                0x0800f796       0x30 ./ThirdParty/FreeRTOS-Plus-TCP/FreeRTOS_TCP_Transmission.o
 .text.prvWinScaleFactor
                0x0800f7c6       0x42 ./ThirdParty/FreeRTOS-Plus-TCP/FreeRTOS_TCP_Transmission.o
 .text.prvSetSynAckOptions
                0x0800f808       0xa2 ./ThirdParty/FreeRTOS-Plus-TCP/FreeRTOS_TCP_Transmission.o
                0x0800f808                prvSetSynAckOptions
 *fill*         0x0800f8aa        0x2 
 .text.prvTCPBufferResize
                0x0800f8ac      0x104 ./ThirdParty/FreeRTOS-Plus-TCP/FreeRTOS_TCP_Transmission.o
                0x0800f8ac                prvTCPBufferResize
 .text.prvTCPReturn_SetEndPoint
                0x0800f9b0       0x5a ./ThirdParty/FreeRTOS-Plus-TCP/FreeRTOS_TCP_Transmission.o
                0x0800f9b0                prvTCPReturn_SetEndPoint
 .text.prvTCPPrepareSend
                0x0800fa0a      0x25c ./ThirdParty/FreeRTOS-Plus-TCP/FreeRTOS_TCP_Transmission.o
                0x0800fa0a                prvTCPPrepareSend
 .text.prvTCPAddTxData
                0x0800fc66       0x5c ./ThirdParty/FreeRTOS-Plus-TCP/FreeRTOS_TCP_Transmission.o
                0x0800fc66                prvTCPAddTxData
 .text.prvSetOptions
                0x0800fcc2       0xca ./ThirdParty/FreeRTOS-Plus-TCP/FreeRTOS_TCP_Transmission.o
                0x0800fcc2                prvSetOptions
 .text.prvSendData
                0x0800fd8c      0x168 ./ThirdParty/FreeRTOS-Plus-TCP/FreeRTOS_TCP_Transmission.o
                0x0800fd8c                prvSendData
 .text.prvTCPSendSpecialPacketHelper
                0x0800fef4       0x3a ./ThirdParty/FreeRTOS-Plus-TCP/FreeRTOS_TCP_Transmission.o
                0x0800fef4                prvTCPSendSpecialPacketHelper
 .text.prvTCPSendChallengeAck
                0x0800ff2e       0x74 ./ThirdParty/FreeRTOS-Plus-TCP/FreeRTOS_TCP_Transmission.o
                0x0800ff2e                prvTCPSendChallengeAck
 .text.prvTCPSendReset
                0x0800ffa2       0x1a ./ThirdParty/FreeRTOS-Plus-TCP/FreeRTOS_TCP_Transmission.o
                0x0800ffa2                prvTCPSendReset
 .text.prvTCPReturnPacket_IPV4
                0x0800ffbc      0x398 ./ThirdParty/FreeRTOS-Plus-TCP/FreeRTOS_TCP_Transmission_IPv4.o
                0x0800ffbc                prvTCPReturnPacket_IPV4
 .text.prvTCPPrepareConnect_IPV4
                0x08010354      0x1d4 ./ThirdParty/FreeRTOS-Plus-TCP/FreeRTOS_TCP_Transmission_IPv4.o
                0x08010354                prvTCPPrepareConnect_IPV4
 .text.prvTCPSendSpecialPktHelper_IPV4
                0x08010528       0xa8 ./ThirdParty/FreeRTOS-Plus-TCP/FreeRTOS_TCP_Transmission_IPv4.o
                0x08010528                prvTCPSendSpecialPktHelper_IPV4
 .text.prvSocketSetMSS
                0x080105d0       0x28 ./ThirdParty/FreeRTOS-Plus-TCP/FreeRTOS_TCP_Utils.o
                0x080105d0                prvSocketSetMSS
 .text.prvSocketSetMSS_IPV4
                0x080105f8       0x74 ./ThirdParty/FreeRTOS-Plus-TCP/FreeRTOS_TCP_Utils_IPv4.o
                0x080105f8                prvSocketSetMSS_IPV4
 .text.xSequenceLessThanOrEqual
                0x0801066c       0x2a ./ThirdParty/FreeRTOS-Plus-TCP/FreeRTOS_TCP_WIN.o
 .text.xSequenceLessThan
                0x08010696       0x2c ./ThirdParty/FreeRTOS-Plus-TCP/FreeRTOS_TCP_WIN.o
                0x08010696                xSequenceLessThan
 .text.xSequenceGreaterThan
                0x080106c2       0x2c ./ThirdParty/FreeRTOS-Plus-TCP/FreeRTOS_TCP_WIN.o
                0x080106c2                xSequenceGreaterThan
 .text.xSequenceGreaterThanOrEqual
                0x080106ee       0x2a ./ThirdParty/FreeRTOS-Plus-TCP/FreeRTOS_TCP_WIN.o
 .text.vListInsertFifo
                0x08010718       0x20 ./ThirdParty/FreeRTOS-Plus-TCP/FreeRTOS_TCP_WIN.o
 .text.vTCPTimerSet
                0x08010738       0x1a ./ThirdParty/FreeRTOS-Plus-TCP/FreeRTOS_TCP_WIN.o
 .text.ulTimerGetAge
                0x08010752       0x96 ./ThirdParty/FreeRTOS-Plus-TCP/FreeRTOS_TCP_WIN.o
 .text.vListInsertGeneric
                0x080107e8       0x44 ./ThirdParty/FreeRTOS-Plus-TCP/FreeRTOS_TCP_WIN.o
 .text.prvCreateSectors
                0x0801082c       0xa0 ./ThirdParty/FreeRTOS-Plus-TCP/FreeRTOS_TCP_WIN.o
 .text.xTCPWindowRxFind
                0x080108cc       0x4e ./ThirdParty/FreeRTOS-Plus-TCP/FreeRTOS_TCP_WIN.o
 *fill*         0x0801091a        0x2 
 .text.xTCPWindowNew
                0x0801091c       0xd8 ./ThirdParty/FreeRTOS-Plus-TCP/FreeRTOS_TCP_WIN.o
 .text.xTCPWindowRxEmpty
                0x080109f4       0x44 ./ThirdParty/FreeRTOS-Plus-TCP/FreeRTOS_TCP_WIN.o
                0x080109f4                xTCPWindowRxEmpty
 .text.xTCPWindowGetHead
                0x08010a38       0x32 ./ThirdParty/FreeRTOS-Plus-TCP/FreeRTOS_TCP_WIN.o
 .text.xTCPWindowPeekHead
                0x08010a6a       0x30 ./ThirdParty/FreeRTOS-Plus-TCP/FreeRTOS_TCP_WIN.o
 *fill*         0x08010a9a        0x2 
 .text.vTCPWindowFree
                0x08010a9c       0x58 ./ThirdParty/FreeRTOS-Plus-TCP/FreeRTOS_TCP_WIN.o
 .text.vTCPWindowDestroy
                0x08010af4       0x5a ./ThirdParty/FreeRTOS-Plus-TCP/FreeRTOS_TCP_WIN.o
                0x08010af4                vTCPWindowDestroy
 *fill*         0x08010b4e        0x2 
 .text.xTCPWindowCreate
                0x08010b50       0x78 ./ThirdParty/FreeRTOS-Plus-TCP/FreeRTOS_TCP_WIN.o
                0x08010b50                xTCPWindowCreate
 .text.vTCPWindowInit
                0x08010bc8       0xb6 ./ThirdParty/FreeRTOS-Plus-TCP/FreeRTOS_TCP_WIN.o
                0x08010bc8                vTCPWindowInit
 .text.xTCPWindowRxConfirm
                0x08010c7e       0x96 ./ThirdParty/FreeRTOS-Plus-TCP/FreeRTOS_TCP_WIN.o
 .text.prvTCPWindowRx_ExpectedRX
                0x08010d14       0x8a ./ThirdParty/FreeRTOS-Plus-TCP/FreeRTOS_TCP_WIN.o
 *fill*         0x08010d9e        0x2 
 .text.prvTCPWindowRx_UnexpectedRX
                0x08010da0       0xe0 ./ThirdParty/FreeRTOS-Plus-TCP/FreeRTOS_TCP_WIN.o
 .text.lTCPWindowRxCheck
                0x08010e80       0xc8 ./ThirdParty/FreeRTOS-Plus-TCP/FreeRTOS_TCP_WIN.o
                0x08010e80                lTCPWindowRxCheck
 .text.lTCPIncrementTxPosition
                0x08010f48       0x32 ./ThirdParty/FreeRTOS-Plus-TCP/FreeRTOS_TCP_WIN.o
 *fill*         0x08010f7a        0x2 
 .text.prvTCPWindowTxAdd_FrontSegment
                0x08010f7c       0x60 ./ThirdParty/FreeRTOS-Plus-TCP/FreeRTOS_TCP_WIN.o
 .text.lTCPWindowTxAdd
                0x08010fdc      0x110 ./ThirdParty/FreeRTOS-Plus-TCP/FreeRTOS_TCP_WIN.o
                0x08010fdc                lTCPWindowTxAdd
 .text.xTCPWindowTxDone
                0x080110ec       0x24 ./ThirdParty/FreeRTOS-Plus-TCP/FreeRTOS_TCP_WIN.o
                0x080110ec                xTCPWindowTxDone
 .text.prvTCPWindowTxHasSpace
                0x08011110       0x8c ./ThirdParty/FreeRTOS-Plus-TCP/FreeRTOS_TCP_WIN.o
 .text.xTCPWindowTxHasData
                0x0801119c       0xcc ./ThirdParty/FreeRTOS-Plus-TCP/FreeRTOS_TCP_WIN.o
                0x0801119c                xTCPWindowTxHasData
 .text.pxTCPWindowTx_GetWaitQueue
                0x08011268       0x74 ./ThirdParty/FreeRTOS-Plus-TCP/FreeRTOS_TCP_WIN.o
 .text.pxTCPWindowTx_GetTXQueue
                0x080112dc       0x90 ./ThirdParty/FreeRTOS-Plus-TCP/FreeRTOS_TCP_WIN.o
 .text.ulTCPWindowTxGet
                0x0801136c       0xe6 ./ThirdParty/FreeRTOS-Plus-TCP/FreeRTOS_TCP_WIN.o
                0x0801136c                ulTCPWindowTxGet
 .text.prvTCPWindowTxCheckAck_CalcSRTT
                0x08011452       0x9e ./ThirdParty/FreeRTOS-Plus-TCP/FreeRTOS_TCP_WIN.o
 .text.prvTCPWindowTxCheckAck
                0x080114f0      0x124 ./ThirdParty/FreeRTOS-Plus-TCP/FreeRTOS_TCP_WIN.o
 .text.prvTCPWindowFastRetransmit
                0x08011614       0xa0 ./ThirdParty/FreeRTOS-Plus-TCP/FreeRTOS_TCP_WIN.o
 .text.ulTCPWindowTxAck
                0x080116b4       0x3a ./ThirdParty/FreeRTOS-Plus-TCP/FreeRTOS_TCP_WIN.o
                0x080116b4                ulTCPWindowTxAck
 *fill*         0x080116ee        0x2 
 .text.ulTCPWindowTxSack
                0x080116f0       0x44 ./ThirdParty/FreeRTOS-Plus-TCP/FreeRTOS_TCP_WIN.o
                0x080116f0                ulTCPWindowTxSack
 .text.vProcessGeneratedUDPPacket
                0x08011734       0x30 ./ThirdParty/FreeRTOS-Plus-TCP/FreeRTOS_UDP_IP.o
                0x08011734                vProcessGeneratedUDPPacket
 .text.xProcessReceivedUDPPacket
                0x08011764       0x84 ./ThirdParty/FreeRTOS-Plus-TCP/FreeRTOS_UDP_IP.o
                0x08011764                xProcessReceivedUDPPacket
 .text.vProcessGeneratedUDPPacket_IPv4
                0x080117e8      0x1fc ./ThirdParty/FreeRTOS-Plus-TCP/FreeRTOS_UDP_IPv4.o
                0x080117e8                vProcessGeneratedUDPPacket_IPv4
 .text.xProcessReceivedUDPPacket_IPv4
                0x080119e4      0x102 ./ThirdParty/FreeRTOS-Plus-TCP/FreeRTOS_UDP_IPv4.o
                0x080119e4                xProcessReceivedUDPPacket_IPv4
 *fill*         0x08011ae6        0x2 
 .text.xNetworkBuffersInitialise
                0x08011ae8      0x100 ./ThirdParty/FreeRTOS-Plus-TCP/portable/BufferManagement/BufferAllocation_2.o
                0x08011ae8                xNetworkBuffersInitialise
 .text.vReleaseNetworkBuffer
                0x08011be8       0x26 ./ThirdParty/FreeRTOS-Plus-TCP/portable/BufferManagement/BufferAllocation_2.o
                0x08011be8                vReleaseNetworkBuffer
 *fill*         0x08011c0e        0x2 
 .text.pxGetNetworkBufferWithDescriptor
                0x08011c10      0x158 ./ThirdParty/FreeRTOS-Plus-TCP/portable/BufferManagement/BufferAllocation_2.o
                0x08011c10                pxGetNetworkBufferWithDescriptor
 .text.vReleaseNetworkBufferAndDescriptor
                0x08011d68       0x6c ./ThirdParty/FreeRTOS-Plus-TCP/portable/BufferManagement/BufferAllocation_2.o
                0x08011d68                vReleaseNetworkBufferAndDescriptor
 .text.xHas_1F_PHYSPCS
                0x08011dd4       0x64 ./ThirdParty/FreeRTOS-Plus-TCP/portable/NetworkInterface/Common/phyHandling.o
 .text.xHas_19_PHYCR
                0x08011e38       0x50 ./ThirdParty/FreeRTOS-Plus-TCP/portable/NetworkInterface/Common/phyHandling.o
 .text.vPhyInitialise
                0x08011e88       0x2a ./ThirdParty/FreeRTOS-Plus-TCP/portable/NetworkInterface/Common/phyHandling.o
                0x08011e88                vPhyInitialise
 .text.xPhyDiscover
                0x08011eb2       0x9c ./ThirdParty/FreeRTOS-Plus-TCP/portable/NetworkInterface/Common/phyHandling.o
                0x08011eb2                xPhyDiscover
 .text.xPhyReset
                0x08011f4e      0x130 ./ThirdParty/FreeRTOS-Plus-TCP/portable/NetworkInterface/Common/phyHandling.o
 .text.xPhyConfigure
                0x0801207e      0x1f0 ./ThirdParty/FreeRTOS-Plus-TCP/portable/NetworkInterface/Common/phyHandling.o
                0x0801207e                xPhyConfigure
 *fill*         0x0801226e        0x2 
 .text.xPhyStartAutoNegotiation
                0x08012270      0x350 ./ThirdParty/FreeRTOS-Plus-TCP/portable/NetworkInterface/Common/phyHandling.o
                0x08012270                xPhyStartAutoNegotiation
 .text.xPhyCheckLinkStatus
                0x080125c0      0x140 ./ThirdParty/FreeRTOS-Plus-TCP/portable/NetworkInterface/Common/phyHandling.o
                0x080125c0                xPhyCheckLinkStatus
 .text.HAL_ETH_Init
                0x08012700      0x134 ./ThirdParty/FreeRTOS-Plus-TCP/portable/NetworkInterface/STM32/Drivers/F7/stm32f7xx_hal_eth.o
                0x08012700                HAL_ETH_Init
 .text.HAL_ETH_Start_IT
                0x08012834       0xe0 ./ThirdParty/FreeRTOS-Plus-TCP/portable/NetworkInterface/STM32/Drivers/F7/stm32f7xx_hal_eth.o
                0x08012834                HAL_ETH_Start_IT
 .text.HAL_ETH_Stop_IT
                0x08012914      0x100 ./ThirdParty/FreeRTOS-Plus-TCP/portable/NetworkInterface/STM32/Drivers/F7/stm32f7xx_hal_eth.o
                0x08012914                HAL_ETH_Stop_IT
 .text.HAL_ETH_Transmit_IT
                0x08012a14       0xb8 ./ThirdParty/FreeRTOS-Plus-TCP/portable/NetworkInterface/STM32/Drivers/F7/stm32f7xx_hal_eth.o
                0x08012a14                HAL_ETH_Transmit_IT
 .text.HAL_ETH_ReadData
                0x08012acc      0x17e ./ThirdParty/FreeRTOS-Plus-TCP/portable/NetworkInterface/STM32/Drivers/F7/stm32f7xx_hal_eth.o
                0x08012acc                HAL_ETH_ReadData
 *fill*         0x08012c4a        0x2 
 .text.ETH_UpdateDescriptor
                0x08012c4c      0x108 ./ThirdParty/FreeRTOS-Plus-TCP/portable/NetworkInterface/STM32/Drivers/F7/stm32f7xx_hal_eth.o
 .text.HAL_ETH_GetRxDataErrorCode
                0x08012d54       0x26 ./ThirdParty/FreeRTOS-Plus-TCP/portable/NetworkInterface/STM32/Drivers/F7/stm32f7xx_hal_eth.o
                0x08012d54                HAL_ETH_GetRxDataErrorCode
 .text.HAL_ETH_ReleaseTxPacket
                0x08012d7a       0xc6 ./ThirdParty/FreeRTOS-Plus-TCP/portable/NetworkInterface/STM32/Drivers/F7/stm32f7xx_hal_eth.o
                0x08012d7a                HAL_ETH_ReleaseTxPacket
 .text.HAL_ETH_IRQHandler
                0x08012e40      0x164 ./ThirdParty/FreeRTOS-Plus-TCP/portable/NetworkInterface/STM32/Drivers/F7/stm32f7xx_hal_eth.o
                0x08012e40                HAL_ETH_IRQHandler
 .text.HAL_ETH_PMTCallback
                0x08012fa4       0x14 ./ThirdParty/FreeRTOS-Plus-TCP/portable/NetworkInterface/STM32/Drivers/F7/stm32f7xx_hal_eth.o
                0x08012fa4                HAL_ETH_PMTCallback
 .text.HAL_ETH_WakeUpCallback
                0x08012fb8       0x14 ./ThirdParty/FreeRTOS-Plus-TCP/portable/NetworkInterface/STM32/Drivers/F7/stm32f7xx_hal_eth.o
                0x08012fb8                HAL_ETH_WakeUpCallback