../ThirdParty/FreeRTOS-Plus-TCP/FreeRTOS_Sockets.c:402:19:prvValidSocket	32	static
../ThirdParty/FreeRTOS-Plus-TCP/FreeRTOS_Sockets.c:434:6:vNetworkSocketsInit	8	static
../ThirdParty/FreeRTOS-Plus-TCP/FreeRTOS_Sockets.c:458:19:prvDetermineSocketSize	56	static,ignoring_inline_asm
../ThirdParty/FreeRTOS-Plus-TCP/FreeRTOS_Sockets.c:560:17:prvInitialiseTCPFields	24	static
../ThirdParty/FreeRTOS-Plus-TCP/FreeRTOS_Sockets.c:613:10:FreeRTOS_socket	48	static,ignoring_inline_asm
../ThirdParty/FreeRTOS-Plus-TCP/FreeRTOS_Sockets.c:1090:36:prvRecvFromWaitForPacket	64	static
../ThirdParty/FreeRTOS-Plus-TCP/FreeRTOS_Sockets.c:1206:16:prvRecvFrom_CopyPacket	32	static
../ThirdParty/FreeRTOS-Plus-TCP/FreeRTOS_Sockets.c:1263:9:FreeRTOS_recvfrom	64	static
../ThirdParty/FreeRTOS-Plus-TCP/FreeRTOS_Sockets.c:1368:19:prvMakeSureSocketIsBound	24	static
../ThirdParty/FreeRTOS-Plus-TCP/FreeRTOS_Sockets.c:1399:16:prvSendUDPPacket	40	static
../ThirdParty/FreeRTOS-Plus-TCP/FreeRTOS_Sockets.c:1483:16:prvSendTo_ActualSend	64	static
../ThirdParty/FreeRTOS-Plus-TCP/FreeRTOS_Sockets.c:1573:9:FreeRTOS_sendto	56	static,ignoring_inline_asm
../ThirdParty/FreeRTOS-Plus-TCP/FreeRTOS_Sockets.c:1673:12:FreeRTOS_bind	56	static,ignoring_inline_asm
../ThirdParty/FreeRTOS-Plus-TCP/FreeRTOS_Sockets.c:1786:19:prvSocketBindAdd	32	static
../ThirdParty/FreeRTOS-Plus-TCP/FreeRTOS_Sockets.c:1890:12:vSocketBind	72	static,ignoring_inline_asm
../ThirdParty/FreeRTOS-Plus-TCP/FreeRTOS_Sockets.c:2009:12:FreeRTOS_closesocket	32	static
../ThirdParty/FreeRTOS-Plus-TCP/FreeRTOS_Sockets.c:2080:8:vSocketClose	24	static
../ThirdParty/FreeRTOS-Plus-TCP/FreeRTOS_Sockets.c:2275:17:prvTCPSetSocketCount	32	static
../ThirdParty/FreeRTOS-Plus-TCP/FreeRTOS_Sockets.c:2352:23:prvSockopt_so_buffer	32	static
../ThirdParty/FreeRTOS-Plus-TCP/FreeRTOS_Sockets.c:2496:23:prvSetOptionTCPWindows	32	static
../ThirdParty/FreeRTOS-Plus-TCP/FreeRTOS_Sockets.c:2566:23:prvSetOptionLowHighWater	24	static
../ThirdParty/FreeRTOS-Plus-TCP/FreeRTOS_Sockets.c:2607:23:prvSetOptionSetFullSize	24	static
../ThirdParty/FreeRTOS-Plus-TCP/FreeRTOS_Sockets.c:2650:23:prvSetOptionStopRX	24	static
../ThirdParty/FreeRTOS-Plus-TCP/FreeRTOS_Sockets.c:2689:13:prvSetOptionTimeout	32	static
../ThirdParty/FreeRTOS-Plus-TCP/FreeRTOS_Sockets.c:2734:23:prvSetOptionReuseListenSocket	24	static
../ThirdParty/FreeRTOS-Plus-TCP/FreeRTOS_Sockets.c:2769:23:prvSetOptionCloseAfterSend	24	static
../ThirdParty/FreeRTOS-Plus-TCP/FreeRTOS_Sockets.c:2810:12:FreeRTOS_setsockopt	32	static
../ThirdParty/FreeRTOS-Plus-TCP/FreeRTOS_Sockets.c:2975:17:prvGetPrivatePortNumber	32	static
../ThirdParty/FreeRTOS-Plus-TCP/FreeRTOS_Sockets.c:3043:27:pxListFindListItemWithValue	32	static
../ThirdParty/FreeRTOS-Plus-TCP/FreeRTOS_Sockets.c:3082:21:pxUDPSocketLookup	32	static,ignoring_inline_asm
../ThirdParty/FreeRTOS-Plus-TCP/FreeRTOS_Sockets.c:3120:14:FreeRTOS_inet_ntoa	48	static
../ThirdParty/FreeRTOS-Plus-TCP/FreeRTOS_Sockets.c:3193:12:FreeRTOS_inet_pton	32	static
../ThirdParty/FreeRTOS-Plus-TCP/FreeRTOS_Sockets.c:3238:14:FreeRTOS_inet_ntop	32	static
../ThirdParty/FreeRTOS-Plus-TCP/FreeRTOS_Sockets.c:3280:9:ucASCIIToHex	24	static
../ThirdParty/FreeRTOS-Plus-TCP/FreeRTOS_Sockets.c:3325:6:FreeRTOS_EUI48_ntop	40	static
../ThirdParty/FreeRTOS-Plus-TCP/FreeRTOS_Sockets.c:3391:12:FreeRTOS_EUI48_pton	48	static
../ThirdParty/FreeRTOS-Plus-TCP/FreeRTOS_Sockets.c:3467:14:FreeRTOS_inet_addr	24	static
../ThirdParty/FreeRTOS-Plus-TCP/FreeRTOS_Sockets.c:3492:8:FreeRTOS_GetLocalAddress	24	static
../ThirdParty/FreeRTOS-Plus-TCP/FreeRTOS_Sockets.c:3536:6:vSocketWakeUpUser	16	static
../ThirdParty/FreeRTOS-Plus-TCP/FreeRTOS_Sockets.c:3626:23:bMayConnect	24	static
../ThirdParty/FreeRTOS-Plus-TCP/FreeRTOS_Sockets.c:3675:23:prvTCPConnectStart	24	static
../ThirdParty/FreeRTOS-Plus-TCP/FreeRTOS_Sockets.c:3781:16:FreeRTOS_connect	64	static
../ThirdParty/FreeRTOS-Plus-TCP/FreeRTOS_Sockets.c:3891:32:prvAcceptWaitClient	32	static
../ThirdParty/FreeRTOS-Plus-TCP/FreeRTOS_Sockets.c:3995:14:FreeRTOS_accept	64	static
../ThirdParty/FreeRTOS-Plus-TCP/FreeRTOS_Sockets.c:4099:23:prvRecvData	48	static
../ThirdParty/FreeRTOS-Plus-TCP/FreeRTOS_Sockets.c:4155:23:prvRecvWait	64	static
../ThirdParty/FreeRTOS-Plus-TCP/FreeRTOS_Sockets.c:4272:16:FreeRTOS_recv	40	static
../ThirdParty/FreeRTOS-Plus-TCP/FreeRTOS_Sockets.c:4339:20:prvTCPSendCheck	24	static
../ThirdParty/FreeRTOS-Plus-TCP/FreeRTOS_Sockets.c:4402:15:FreeRTOS_get_tx_base	32	static
../ThirdParty/FreeRTOS-Plus-TCP/FreeRTOS_Sockets.c:4445:15:FreeRTOS_get_tx_head	40	static
../ThirdParty/FreeRTOS-Plus-TCP/FreeRTOS_Sockets.c:4505:23:prvTCPSendLoop	72	static
../ThirdParty/FreeRTOS-Plus-TCP/FreeRTOS_Sockets.c:4665:16:FreeRTOS_send	32	static
../ThirdParty/FreeRTOS-Plus-TCP/FreeRTOS_Sockets.c:4724:16:FreeRTOS_listen	24	static
../ThirdParty/FreeRTOS-Plus-TCP/FreeRTOS_Sockets.c:4795:16:FreeRTOS_shutdown	24	static
../ThirdParty/FreeRTOS-Plus-TCP/FreeRTOS_Sockets.c:4845:16:xTCPTimerCheck	48	static
../ThirdParty/FreeRTOS-Plus-TCP/FreeRTOS_Sockets.c:4949:25:pxTCPSocketLookup	40	static
../ThirdParty/FreeRTOS-Plus-TCP/FreeRTOS_Sockets.c:5031:35:FreeRTOS_get_rx_buf	24	static
../ThirdParty/FreeRTOS-Plus-TCP/FreeRTOS_Sockets.c:5060:29:prvTCPCreateStream	40	static
../ThirdParty/FreeRTOS-Plus-TCP/FreeRTOS_Sockets.c:5214:17:vTCPAddRxdata_Stored	24	static
../ThirdParty/FreeRTOS-Plus-TCP/FreeRTOS_Sockets.c:5261:13:lTCPAddRxdata	32	static
../ThirdParty/FreeRTOS-Plus-TCP/FreeRTOS_Sockets.c:5363:16:FreeRTOS_GetRemoteAddress	24	static
../ThirdParty/FreeRTOS-Plus-TCP/FreeRTOS_Sockets.c:5432:16:FreeRTOS_maywrite	24	static
../ThirdParty/FreeRTOS-Plus-TCP/FreeRTOS_Sockets.c:5474:16:FreeRTOS_tx_space	24	static
../ThirdParty/FreeRTOS-Plus-TCP/FreeRTOS_Sockets.c:5512:16:FreeRTOS_tx_size	24	static
../ThirdParty/FreeRTOS-Plus-TCP/FreeRTOS_Sockets.c:5549:16:FreeRTOS_issocketconnected	24	static
../ThirdParty/FreeRTOS-Plus-TCP/FreeRTOS_Sockets.c:5585:16:FreeRTOS_mss	24	static
../ThirdParty/FreeRTOS-Plus-TCP/FreeRTOS_Sockets.c:5621:16:FreeRTOS_connstatus	24	static
../ThirdParty/FreeRTOS-Plus-TCP/FreeRTOS_Sockets.c:5653:16:FreeRTOS_rx_size	24	static
../ThirdParty/FreeRTOS-Plus-TCP/FreeRTOS_Sockets.c:5685:12:xSocketValid	24	static
../ThirdParty/FreeRTOS-Plus-TCP/FreeRTOS_Sockets.c:5742:10:FreeRTOS_netstat	16	static
../ThirdParty/FreeRTOS-Plus-TCP/FreeRTOS_Sockets.c:5763:12:xSocketSetSocketID	24	static
../ThirdParty/FreeRTOS-Plus-TCP/FreeRTOS_Sockets.c:5786:8:pvSocketGetSocketID	24	static
../ThirdParty/FreeRTOS-Plus-TCP/FreeRTOS_Sockets.c:5807:12:FreeRTOS_GetIPType	24	static
