../ThirdParty/FreeRTOS-Plus-TCP/FreeRTOS_DNS_Cache.c:100:18:FreeRTOS_dnslookup	48	static
../ThirdParty/FreeRTOS-Plus-TCP/FreeRTOS_DNS_Cache.c:163:16:FreeRTOS_dns_update	32	static
../ThirdParty/FreeRTOS-Plus-TCP/FreeRTOS_DNS_Cache.c:183:10:FreeRTOS_dnsclear	8	static
../ThirdParty/FreeRTOS-Plus-TCP/FreeRTOS_DNS_Cache.c:203:16:FreeRTOS_ProcessDNSCache	48	static,ignoring_inline_asm
../ThirdParty/FreeRTOS-Plus-TCP/FreeRTOS_DNS_Cache.c:313:23:prvFindEntryIndex	32	static
../ThirdParty/FreeRTOS-Plus-TCP/FreeRTOS_DNS_Cache.c:355:23:prvGetCacheIPEntry	40	static
../ThirdParty/FreeRTOS-Plus-TCP/FreeRTOS_DNS_Cache.c:412:17:prvUpdateCacheEntry	32	static
../ThirdParty/FreeRTOS-Plus-TCP/FreeRTOS_DNS_Cache.c:443:17:prvInsertCacheEntry	24	static
../ThirdParty/FreeRTOS-Plus-TCP/FreeRTOS_DNS_Cache.c:481:17:prvReadDNSCache	40	static
../ThirdParty/FreeRTOS-Plus-TCP/FreeRTOS_DNS_Cache.c:549:14:Prepare_CacheLookup	64	static
