../ThirdParty/FreeRTOS-Plus-TCP/FreeRTOS_ARP.c:141:30:eARPProcessPacket	72	static
../ThirdParty/FreeRTOS-Plus-TCP/FreeRTOS_ARP.c:366:17:vARPProcessPacketRequest	40	static
../ThirdParty/FreeRTOS-Plus-TCP/FreeRTOS_ARP.c:421:17:vARPProcessPacketReply	56	static
../ThirdParty/FreeRTOS-Plus-TCP/FreeRTOS_ARP.c:479:16:xIsIPInARPCache	24	static
../ThirdParty/FreeRTOS-Plus-TCP/FreeRTOS_ARP.c:513:16:xCheckRequiresARPResolution	40	static,ignoring_inline_asm
../ThirdParty/FreeRTOS-Plus-TCP/FreeRTOS_ARP.c:583:10:vARPRefreshCacheEntryAge	24	static
../ThirdParty/FreeRTOS-Plus-TCP/FreeRTOS_ARP.c:619:10:vARPRefreshCacheEntry	48	static
../ThirdParty/FreeRTOS-Plus-TCP/FreeRTOS_ARP.c:705:23:prvFindCacheEntry	40	static
../ThirdParty/FreeRTOS-Plus-TCP/FreeRTOS_ARP.c:882:31:eARPGetCacheEntry	48	static,ignoring_inline_asm
../ThirdParty/FreeRTOS-Plus-TCP/FreeRTOS_ARP.c:958:38:eARPGetCacheEntryGateWay	40	static
../ThirdParty/FreeRTOS-Plus-TCP/FreeRTOS_ARP.c:1053:38:prvCacheLookup	32	static
../ThirdParty/FreeRTOS-Plus-TCP/FreeRTOS_ARP.c:1098:10:vARPAgeCache	24	static
../ThirdParty/FreeRTOS-Plus-TCP/FreeRTOS_ARP.c:1168:10:vARPSendGratuitous	8	static
../ThirdParty/FreeRTOS-Plus-TCP/FreeRTOS_ARP.c:1187:10:FreeRTOS_OutputARPRequest_Multi	32	static
../ThirdParty/FreeRTOS-Plus-TCP/FreeRTOS_ARP.c:1261:10:FreeRTOS_OutputARPRequest	24	static
../ThirdParty/FreeRTOS-Plus-TCP/FreeRTOS_ARP.c:1285:16:xARPWaitResolution	64	static,ignoring_inline_asm
../ThirdParty/FreeRTOS-Plus-TCP/FreeRTOS_ARP.c:1343:10:vARPGenerateRequestPacket	40	static,ignoring_inline_asm
../ThirdParty/FreeRTOS-Plus-TCP/FreeRTOS_ARP.c:1426:10:FreeRTOS_ClearARP	24	static
