../ThirdParty/FreeRTOS-Plus-TCP/FreeRTOS_IP.c:235:13:prvIPTask	16	static
../ThirdParty/FreeRTOS-Plus-TCP/FreeRTOS_IP.c:255:13:prvProcessIPEventsAndTimers	48	static
../ThirdParty/FreeRTOS-Plus-TCP/FreeRTOS_IP.c:494:13:prvIPTask_Initialise	16	static
../ThirdParty/FreeRTOS-Plus-TCP/FreeRTOS_IP.c:555:13:prvIPTask_CheckPendingEvents	16	static
../ThirdParty/FreeRTOS-Plus-TCP/FreeRTOS_IP.c:587:13:prvCallDHCP_RA_Handler	24	static
../ThirdParty/FreeRTOS-Plus-TCP/FreeRTOS_IP.c:638:14:FreeRTOS_GetIPTaskHandle	4	static
../ThirdParty/FreeRTOS-Plus-TCP/FreeRTOS_IP.c:649:6:vIPNetworkUpCalls	16	static
../ThirdParty/FreeRTOS-Plus-TCP/FreeRTOS_IP.c:695:13:prvHandleEthernetPacket	16	static
../ThirdParty/FreeRTOS-Plus-TCP/FreeRTOS_IP.c:741:13:prvForwardTxPacket	16	static
../ThirdParty/FreeRTOS-Plus-TCP/FreeRTOS_IP.c:760:6:FreeRTOS_NetworkDown	32	static
../ThirdParty/FreeRTOS-Plus-TCP/FreeRTOS_IP.c:796:12:FreeRTOS_NetworkDownFromISR	32	static
../ThirdParty/FreeRTOS-Plus-TCP/FreeRTOS_IP.c:860:8:FreeRTOS_GetUDPPayloadBuffer_Multi	56	static,ignoring_inline_asm
../ThirdParty/FreeRTOS-Plus-TCP/FreeRTOS_IP.c:970:12:FreeRTOS_IPInit_Multi	32	static,ignoring_inline_asm
../ThirdParty/FreeRTOS-Plus-TCP/FreeRTOS_IP.c:1095:6:FreeRTOS_ReleaseUDPPayloadBuffer	24	static,ignoring_inline_asm
../ThirdParty/FreeRTOS-Plus-TCP/FreeRTOS_IP.c:1117:10:FreeRTOS_GetEndPointConfiguration	24	static
../ThirdParty/FreeRTOS-Plus-TCP/FreeRTOS_IP.c:1196:10:FreeRTOS_SetEndPointConfiguration	24	static
../ThirdParty/FreeRTOS-Plus-TCP/FreeRTOS_IP.c:1275:16:FreeRTOS_ReleaseTCPPayloadBuffer	56	static,ignoring_inline_asm
../ThirdParty/FreeRTOS-Plus-TCP/FreeRTOS_IP.c:1415:12:xSendEventToIPTask	32	static
../ThirdParty/FreeRTOS-Plus-TCP/FreeRTOS_IP.c:1435:12:xSendEventStructToIPTask	32	static
../ThirdParty/FreeRTOS-Plus-TCP/FreeRTOS_IP.c:1507:26:eConsiderFrameForProcessing	32	static
../ThirdParty/FreeRTOS-Plus-TCP/FreeRTOS_IP.c:1680:13:prvProcessEthernetPacket	24	static
../ThirdParty/FreeRTOS-Plus-TCP/FreeRTOS_IP.c:1871:33:prvProcessUDPPacket	64	static
../ThirdParty/FreeRTOS-Plus-TCP/FreeRTOS_IP.c:1976:33:prvProcessIPPacket	40	static
../ThirdParty/FreeRTOS-Plus-TCP/FreeRTOS_IP.c:2217:6:vReturnEthernetFrame	64	static,ignoring_inline_asm
../ThirdParty/FreeRTOS-Plus-TCP/FreeRTOS_IP.c:2388:14:FreeRTOS_GetIPAddress	16	static
../ThirdParty/FreeRTOS-Plus-TCP/FreeRTOS_IP.c:2588:12:xIPIsNetworkTaskReady	4	static
../ThirdParty/FreeRTOS-Plus-TCP/FreeRTOS_IP.c:2599:12:FreeRTOS_IsNetworkUp	8	static
../ThirdParty/FreeRTOS-Plus-TCP/FreeRTOS_IP.c:2612:12:xIsNetworkDownEventPending	4	static
../ThirdParty/FreeRTOS-Plus-TCP/FreeRTOS_IP.c:2623:12:FreeRTOS_IsEndPointUp	24	static
../ThirdParty/FreeRTOS-Plus-TCP/FreeRTOS_IP.c:2650:12:FreeRTOS_AllEndPointsUp	24	static
../ThirdParty/FreeRTOS-Plus-TCP/FreeRTOS_IP.c:2694:8:uxIPHeaderSizePacket	24	static
../ThirdParty/FreeRTOS-Plus-TCP/FreeRTOS_IP.c:2721:8:uxIPHeaderSizeSocket	24	static
