../Drivers/CMSIS/Include/core_cm7.h:2229:22:SCB_EnableICache	1
../Drivers/CMSIS/Include/core_cm7.h:2248:22:SCB_DisableICache	1
../Drivers/CMSIS/Include/core_cm7.h:2281:22:SCB_EnableDCache	3
../Drivers/CMSIS/Include/core_cm7.h:2319:22:SCB_DisableDCache	3
../Core/Src/main.c:71:6:vStartNetwork	1
../Core/Src/main.c:96:5:main	1
../Core/Src/main.c:157:6:SystemClock_Config	4
../Core/Src/main.c:212:6:MPU_Config	1
../Core/Src/main.c:247:6:HAL_TIM_PeriodElapsedCallback	2
../Core/Src/main.c:265:6:Error_Handler	1
